04-28 16:11:26.656  1049  1080 I am_pss  : [1634,1000,com.android.settings,12179456,9654272,0,69357568,0,18,35]
04-28 16:11:26.713  1049  1080 I am_pss  : [2004,1002,com.android.bluetooth,12926976,11214848,0,65359872,0,0,39]
04-28 16:11:26.749  1049  1178 I am_uid_running: 10036
04-28 16:11:26.755  1049  1080 I am_pss  : [1618,1001,com.android.phone,7985152,6971392,0,56139776,0,0,34]
04-28 16:11:26.770  1049  1083 I am_proc_start: [0,3695,10036,android.car.usb.handler,broadcast,android.car.usb.handler/.BootUsbScanner]
04-28 16:11:26.799  1049  1178 I am_proc_bound: [0,3695,android.car.usb.handler]
04-28 16:11:26.820  1049  1080 I am_pss  : [1594,1000,com.lge.car,7788544,6537216,0,58880000,0,0,45]
04-28 16:11:26.849  1049  2761 I am_uid_running: 10080
04-28 16:11:26.861  1049  1080 I am_pss  : [1579,1000,se.cevt.lgecarsupportservice,3795968,2945024,0,49905664,0,0,36]
04-28 16:11:26.883  1049  1083 I am_proc_start: [0,3711,10080,com.android.calendar,broadcast,com.android.calendar/.alerts.AlertReceiver]
04-28 16:11:26.900  1049  1080 I am_pss  : [1561,1000,se.cevt.dimsupportservice,9646080,7987200,0,64438272,0,0,35]
04-28 16:11:26.915  1049  2350 I am_proc_bound: [0,3711,com.android.calendar]
04-28 16:11:26.934  1049  1080 I am_pss  : [1534,1000,com.lge.loggage,3363840,2576384,0,47337472,0,0,34]
04-28 16:11:26.968  1049  1080 I am_pss  : [1525,10013,android.car.cluster.loggingrenderer,3191808,2428928,0,46477312,0,0,32]
04-28 16:11:27.005  1049  1080 I am_pss  : [1510,1000,.dataservices,4314112,3407872,0,50794496,0,0,34]
04-28 16:11:27.006  1049  1844 I am_uid_running: 10037
04-28 16:11:27.024  1049  1083 I am_proc_start: [0,3733,10037,com.android.car.hvac,broadcast,com.android.car.hvac/.BootCompleteReceiver]
04-28 16:11:27.067  1049  1080 I am_pss  : [1424,10010,com.android.systemui,100631552,91148288,0,159965184,0,0,53]
04-28 16:11:27.093  1049  1844 I am_uid_running: 10017
04-28 16:11:27.100  1049  2350 I am_proc_bound: [0,3733,com.android.car.hvac]
04-28 16:11:27.118  1049  1080 I am_pss  : [1337,1000,com.android.car,12607488,11042816,0,66404352,0,0,39]
04-28 16:11:27.124  1049  1083 I am_proc_start: [0,3752,10017,com.android.providers.calendar,content provider,com.android.providers.calendar/.CalendarProvider2]
04-28 16:11:27.156  1049  1080 I am_pss  : [1283,1000,com.ecarx.theme.service,5084160,4128768,0,54038528,0,0,34]
04-28 16:11:27.168  1049  2350 I am_proc_bound: [0,3752,com.android.providers.calendar]
04-28 16:11:27.200  1049  2350 I am_uid_running: 10041
04-28 16:11:27.219  1049  1080 I am_pss  : [1049,1000,system,100132864,92155904,0,184766464,0,0,59]
04-28 16:11:27.235  1049  1083 I am_proc_start: [0,3770,10041,com.android.car.messenger,broadcast,com.android.car.messenger/.MessengerReceiver]
04-28 16:11:27.267  1049  1178 I am_proc_bound: [0,3770,com.android.car.messenger]
04-28 16:11:27.285  1049  1080 I dvm_lock_sample: [system_server,0,android.bg,14,ActivityManagerService.java,2701,void com.android.server.am.ActivityManagerService$3.handleMessage(android.os.Message),-,7947,void com.android.server.am.ActivityManagerService.attachApplication(android.app.IApplicationThread, long),2]
04-28 16:11:27.288  1049  1080 I am_pss  : [3241,10073,com.ecarx.mycar,20667392,17727488,0,80486400,0,3,41]
04-28 16:11:27.420  1049  2350 I am_uid_running: 10022
04-28 16:11:27.439  1049  1083 I am_proc_start: [0,3792,10022,com.android.cellbroadcastreceiver,broadcast,com.android.cellbroadcastreceiver/.CellBroadcastReceiver]
04-28 16:11:27.496  1049  1178 I am_proc_bound: [0,3792,com.android.cellbroadcastreceiver]
04-28 16:11:27.610  1049  1178 I am_uid_running: 10038
04-28 16:11:27.629  1049  1083 I am_proc_start: [0,3813,10038,com.android.contacts,broadcast,com.android.contacts/.interactions.OnBootOrUpgradeReceiver]
04-28 16:11:27.666  1049  1178 I am_proc_bound: [0,3813,com.android.contacts]
04-28 16:11:27.672  1049  1080 I am_pss  : [3285,1000,com.ecarx.settings,12678144,10870784,0,62603264,0,3,37]
04-28 16:11:27.786  1049  1049 I commit_sys_config_file: [notification-policy,12]
04-28 16:11:27.872  1049  1178 I am_uid_running: 10074
04-28 16:11:27.911  1049  1083 I am_proc_start: [0,3832,10074,com.android.email,broadcast,com.android.email/.service.EmailBroadcastReceiver]
04-28 16:11:27.941  1049  1844 I am_proc_bound: [0,3832,com.android.email]
04-28 16:11:28.182  1049  2350 I am_uid_running: 10019
04-28 16:11:28.204  1049  1083 I am_proc_start: [0,3860,10019,com.android.managedprovisioning,broadcast,com.android.managedprovisioning/.preprovisioning.BootReminder]
04-28 16:11:28.277  1049  2761 I am_proc_bound: [0,3860,com.android.managedprovisioning]
04-28 16:11:28.340  3832  3856 I dvm_lock_sample: [com.android.email,0,AsyncTask #3,195,EmailProvider.java,478,android.database.sqlite.SQLiteDatabase com.android.email.provider.EmailProvider.getDatabase(android.content.Context),UnixFileSystem.java,-2,boolean java.io.UnixFileSystem.checkAccess0(java.io.File, int),39]
04-28 16:11:28.438  1049  2350 I am_uid_running: 10024
04-28 16:11:28.440  1049  2350 I am_kill : [0,2044,com.baidu.input,904,empty #17]
04-28 16:11:28.444  1049  2350 I am_kill : [0,2502,com.autonavi.amapauto:adiu,904,empty #17]
04-28 16:11:28.544  1049  1083 I am_proc_start: [0,3883,10024,com.android.onetimeinitializer,broadcast,com.android.onetimeinitializer/.OneTimeInitializerReceiver]
04-28 16:11:28.572  1049  1844 I am_proc_bound: [0,3883,com.android.onetimeinitializer]
04-28 16:11:28.598  1049  2350 I am_proc_died: [0,2044,com.baidu.input,904,18]
04-28 16:11:28.598  1049  2350 I am_uid_stopped: 10053
04-28 16:11:28.678  1049  2350 I am_proc_died: [0,2502,com.autonavi.amapauto:adiu,904,18]
04-28 16:11:29.088  1049  2350 I am_uid_running: 10034
04-28 16:11:29.089  1049  2350 I am_kill : [0,1634,com.android.settings,904,empty #17]
04-28 16:11:29.111  1049  1083 I am_proc_start: [0,3904,10034,com.android.packageinstaller,broadcast,com.android.packageinstaller/.TemporaryFileManager]
04-28 16:11:29.144  1049  1080 I am_pss  : [3324,1000,com.ecarx.xcvehicle,17423360,15376384,0,70291456,0,3,42]
04-28 16:11:29.144  1049  2756 I am_proc_bound: [0,3904,com.android.packageinstaller]
04-28 16:11:29.186  1049  1080 I am_pss  : [2115,1001,com.qualcomm.qcrilmsgtunnel,3511296,2805760,0,48840704,0,9,34]
04-28 16:11:29.193  1049  1324 I am_proc_died: [0,1634,com.android.settings,904,18]
04-28 16:11:29.217  1049  3921 I am_kill : [0,2958,com.autonavi.amapauto:locationservice,1001,empty #17]
04-28 16:11:29.225  1049  1080 I am_pss  : [2143,1000,com.qualcomm.qti.qdma,5621760,4538368,0,56254464,0,9,35]
04-28 16:11:29.328  1049  1216 I am_proc_died: [0,2958,com.autonavi.amapauto:locationservice,1001,18]
04-28 16:11:29.328  1049  1216 I am_schedule_service_restart: [0,com.autonavi.amapauto/com.amap.api.service.AMapService,1000]
04-28 16:11:29.363  1049  1083 I am_proc_start: [0,3922,10095,com.autonavi.amapauto:locationservice,service,com.autonavi.amapauto/com.amap.api.service.AMapService]
04-28 16:11:29.380  1049  1216 I am_proc_bound: [0,3922,com.autonavi.amapauto:locationservice]
04-28 16:11:35.772  1049  1049 I am_kill : [0,2824,com.android.printspooler,904,empty #17]
04-28 16:11:35.826  1049  1080 I am_pss  : [2915,1000,com.android.keychain,3529728,2842624,0,48111616,0,18,45]
04-28 16:11:35.867  1049  1080 I am_pss  : [2563,1000,ecarx.xsf.inputservice,4837376,4067328,0,51884032,0,9,36]
04-28 16:11:35.868  1049  1570 I am_proc_died: [0,2824,com.android.printspooler,904,18]
04-28 16:11:35.868  1049  1570 I am_uid_stopped: 10079
04-28 16:11:35.907  1049  1080 I am_pss  : [2508,1000,com.ecarx.screensaver,8991744,7815168,0,63987712,0,9,37]
04-28 16:11:35.944  1049  1080 I am_pss  : [2356,1000,com.ecarx.push,12211200,10539008,0,70152192,0,3,37]
04-28 16:11:35.980  1049  1080 I am_pss  : [2373,1000,ecarx.controlboard,8401920,6643712,0,63225856,0,3,35]
04-28 16:11:36.015  1049  1080 I am_pss  : [2266,10010,com.ecarx.systemui.plugin,10109952,8757248,0,55672832,0,4,33]
04-28 16:11:36.052  1049  1080 I am_pss  : [2287,1000,ecarx.xsf.notificationcenter,9092096,7077888,0,66359296,0,4,36]
04-28 16:11:36.087  1049  1080 I am_pss  : [2204,1000,com.qualcomm.qti.smq,3688448,2936832,0,49995776,0,9,34]
04-28 16:11:54.651  2915  2923 I liblog  : 1
04-28 16:11:54.983  1049  1081 I am_kill : [0,2241,com.autonavi.amapauto,1001,empty #17]
04-28 16:11:55.048  1049  1080 I am_pss  : [2480,10027,com.ecarx.sdk.openapi,13103104,11812864,0,61366272,0,3,46]
04-28 16:11:55.070  1049  1216 I am_proc_died: [0,2241,com.autonavi.amapauto,1001,18]
04-28 16:11:55.072  1049  1216 I am_schedule_service_restart: [0,com.autonavi.amapauto/.protocol.service.ProtocolService,1000]
04-28 16:11:55.083  1049  1690 I am_kill : [0,3140,com.ecarx.diagnostic,906,empty #17]
04-28 16:11:55.085  1049  1080 I am_pss  : [3904,10034,com.android.packageinstaller,4974592,4272128,0,49111040,0,18,34]
04-28 16:11:55.118  1049  1083 I am_proc_start: [0,4063,10095,com.autonavi.amapauto,service,com.autonavi.amapauto/.protocol.service.ProtocolService]
04-28 16:11:55.129  1049  1080 I am_pss  : [2629,1000,com.ecarx.xiaoka,36931584,29888512,0,85323776,0,9,41]
04-28 16:11:55.166  1049  1080 I am_pss  : [2620,1000,com.ecarx.statemanager.service,4889600,4022272,0,52445184,0,3,35]
04-28 16:11:55.169  1049  1690 I am_proc_died: [0,3140,com.ecarx.diagnostic,906,18]
04-28 16:11:55.169  1049  1690 I am_uid_stopped: 10007
04-28 16:11:55.174  1049  1690 I am_proc_bound: [0,4063,com.autonavi.amapauto]
04-28 16:11:55.204  1049  1080 I am_pss  : [2586,10069,ecarx.xsf.mediacenter,9217024,7675904,0,66097152,0,3,35]
04-28 16:11:55.246  1049  1080 I am_pss  : [2638,10032,ecarx.naviservice,20345856,17199104,0,82698240,0,3,39]
04-28 16:11:55.282  1049  1080 I am_pss  : [2605,1000,ecarx.membercenter,19693568,17895424,0,76296192,0,3,36]
04-28 16:11:55.317  1049  1080 I am_pss  : [3883,10024,com.android.onetimeinitializer,3190784,2482176,0,47468544,0,18,34]
04-28 16:11:55.352  1049  1080 I am_pss  : [3860,10019,com.android.managedprovisioning,4136960,3436544,0,48545792,0,18,34]
04-28 16:11:55.389  1049  1080 I am_pss  : [3832,10074,com.android.email,7577600,6057984,0,57724928,0,18,36]
04-28 16:11:55.425  1049  1080 I am_pss  : [3813,10038,com.android.contacts,4620288,3489792,0,50679808,0,18,35]
04-28 16:11:55.462  1049  1080 I am_pss  : [3792,10022,com.android.cellbroadcastreceiver,5619712,4857856,0,51429376,0,18,34]
04-28 16:11:55.500  1049  1080 I am_pss  : [3733,10037,com.android.car.hvac,8674304,6774784,0,62312448,0,9,36]
04-28 16:11:55.534  1049  1080 I am_pss  : [3770,10041,com.android.car.messenger,4144128,3416064,0,49184768,0,9,33]
04-28 16:11:55.570  1049  1080 I am_pss  : [3711,10080,com.android.calendar,5049344,4218880,0,52219904,0,9,34]
04-28 16:11:55.604  1049  1080 I am_pss  : [3695,10036,android.car.usb.handler,3216384,2543616,0,46833664,0,18,34]
04-28 16:11:55.640  1049  1080 I am_pss  : [3674,1000,com.ecarx.xcgoncall,4048896,3325952,0,49700864,0,9,34]
04-28 16:11:55.684  1049  1080 I am_pss  : [2771,1000,com.ecarx.xcttsservice,46956544,41758720,0,90845184,0,9,36]
04-28 16:11:55.719  1049  1080 I am_pss  : [3636,1000,com.ecarx.parking,12838912,11223040,0,61804544,0,9,34]
04-28 16:11:55.754  1049  1080 I am_pss  : [3604,1000,com.qti.diagservices,3575808,2871296,0,49258496,0,9,33]
04-28 16:11:55.788  1049  1080 I am_pss  : [3388,1000,com.qualcomm.display,3581952,2895872,0,48328704,0,18,32]
04-28 16:11:55.825  1049  1080 I am_pss  : [3324,1000,com.ecarx.xcvehicle,17388544,15364096,0,70299648,0,3,35]
04-28 16:11:55.860  1049  1080 I am_pss  : [3285,1000,com.ecarx.settings,12611584,10813440,0,62554112,0,3,33]
04-28 16:11:55.866  1049  1083 I am_proc_start: [0,4096,10095,com.autonavi.amapauto:adiu,content provider,com.autonavi.amapauto/com.autonavi.common.adiu.storage.AdiuContentProvider]
04-28 16:11:55.900  1049  2761 I am_proc_bound: [0,4096,com.autonavi.amapauto:adiu]
04-28 16:11:55.904  1049  1080 I am_pss  : [3241,10073,com.ecarx.mycar,21189632,18444288,0,80855040,0,3,39]
04-28 16:11:55.953  1049  1080 I am_pss  : [2722,1000,com.ecarx.pki,5346304,4325376,0,54743040,0,3,34]
04-28 16:11:55.960  1049  2761 I am_kill : [0,3157,ecarx.gallery,904,empty #17]
04-28 16:11:55.997  1049  1080 I am_pss  : [3190,10066,net.easyconn,11559936,6561792,0,54956032,0,18,33]
04-28 16:11:56.006  1049  1216 I am_kill : [0,3190,net.easyconn,904,empty #17]
04-28 16:11:56.034  1049  1080 I am_pss  : [3118,1000,com.ecarx.privatelocking,5071872,3874816,0,55062528,0,9,35]
04-28 16:11:56.060  1049  2761 I am_proc_died: [0,3157,ecarx.gallery,904,18]
04-28 16:11:56.060  1049  2761 I am_uid_stopped: 10056
04-28 16:11:56.070  1049  1080 I am_pss  : [2852,1000,com.ecarx.xcttsengine,4766720,3792896,0,50331648,0,3,35]
04-28 16:11:56.089  1049  1216 I am_proc_died: [0,3190,net.easyconn,904,18]
04-28 16:11:56.089  1049  1216 I am_uid_stopped: 10066
04-28 16:11:56.107  1049  1080 I am_pss  : [2915,1000,com.android.keychain,3558400,2846720,0,48119808,0,18,34]
04-28 16:12:07.025  1049  1081 I am_uid_idle: 10011
04-28 16:12:26.594  1049  1081 I am_uid_idle: 10016
04-28 16:12:29.218  1049  1081 I am_broadcast_discard_app: [0,100718928,android.intent.action.BOOT_COMPLETED,37,ResolveInfo{b2449a3 com.android.phone/.vvm.VvmSimStateTracker m=0x108000}]
04-28 16:12:29.283  1049  1080 I am_pss  : [2258,1000,ecarx.launcher3,85687296,79962112,0,120164352,0,2,48]
04-28 16:12:29.302  1049  1081 I am_anr  : [0,1618,com.android.phone,952647245,Broadcast of Intent { act=android.intent.action.BOOT_COMPLETED flg=0x9000010 cmp=com.android.phone/.vvm.VvmSimStateTracker (has extras) }]
04-28 16:12:29.326  1049  1080 I am_pss  : [3922,10095,com.autonavi.amapauto:locationservice,15637504,6393856,0,69046272,0,18,36]
04-28 16:12:29.361  1049  1080 I am_pss  : [4096,10095,com.autonavi.amapauto:adiu,13543424,5038080,0,65019904,0,18,34]
04-28 16:12:29.394  1049  1081 I am_kill : [0,1618,com.android.phone,-800,bg anr]
04-28 16:12:29.399  1049  1080 I am_pss  : [4063,10095,com.autonavi.amapauto,15636480,6742016,0,68177920,0,18,36]
04-28 16:12:29.440  1049  1080 I am_pss  : [2629,1000,com.ecarx.xiaoka,36542464,29835264,0,85188608,0,9,40]
04-28 16:12:29.444  1049  1083 I am_proc_start: [0,4267,1000,com.android.settings,broadcast,com.android.settings/.fuelgauge.batterytip.AnomalyConfigReceiver]
04-28 16:12:29.474  1049  2350 I am_proc_bound: [0,4267,com.android.settings]
04-28 16:12:29.480  1049  1080 I am_pss  : [3904,10034,com.android.packageinstaller,5015552,4308992,0,49111040,0,18,34]
04-28 16:12:29.488  1049  1216 I am_proc_died: [0,1618,com.android.phone,-800,0]
04-28 16:12:29.525  1049  1080 I am_pss  : [3883,10024,com.android.onetimeinitializer,3200000,2482176,0,47468544,0,18,39]
04-28 16:12:29.530  1049  1083 I am_proc_start: [0,4283,1001,com.android.phone,restart,com.android.phone]
04-28 16:12:29.552  1049  2350 I am_proc_bound: [0,4283,com.android.phone]
04-28 16:12:29.569  1049  1080 I am_pss  : [3860,10019,com.android.managedprovisioning,4135936,3436544,0,48545792,0,18,40]
04-28 16:12:29.587  1049  1216 I am_kill : [0,2915,com.android.keychain,904,empty #17]
04-28 16:12:29.614  1049  1080 I am_pss  : [3832,10074,com.android.email,7515136,5984256,0,57667584,0,18,39]
04-28 16:12:29.654  1049  1080 I am_pss  : [3813,10038,com.android.contacts,4613120,3469312,0,50679808,0,18,34]
04-28 16:12:29.688  1049  2350 I am_proc_died: [0,2915,com.android.keychain,904,18]
04-28 16:12:29.695  1049  1080 I am_pss  : [3792,10022,com.android.cellbroadcastreceiver,5634048,4857856,0,51429376,0,18,33]
04-28 16:12:29.737  1049  1080 I am_pss  : [3733,10037,com.android.car.hvac,8671232,6758400,0,62308352,0,9,38]
04-28 16:12:29.773  1049  1080 I am_pss  : [3770,10041,com.android.car.messenger,4153344,3416064,0,49184768,0,9,34]
04-28 16:12:29.808  1049  1080 I am_pss  : [3711,10080,com.android.calendar,5081088,4235264,0,52269056,0,18,34]
04-28 16:12:29.841  1049  1080 I am_pss  : [3695,10036,android.car.usb.handler,3227648,2543616,0,46833664,0,18,33]
04-28 16:12:29.876  1049  1080 I am_pss  : [3674,1000,com.ecarx.xcgoncall,4060160,3325952,0,49700864,0,9,34]
04-28 16:12:29.912  1049  1080 I am_pss  : [3636,1000,com.ecarx.parking,12850176,11223040,0,61804544,0,9,35]
04-28 16:12:29.946  1049  1080 I am_pss  : [3624,10016,android.process.acore,7975936,6742016,0,59949056,0,18,33]
04-28 16:12:29.981  1049  1080 I am_pss  : [3604,1000,com.qti.diagservices,3590144,2871296,0,49258496,0,9,33]
04-28 16:12:30.015  1049  1080 I am_pss  : [3388,1000,com.qualcomm.display,3592192,2895872,0,48328704,0,18,33]
04-28 16:12:30.054  1049  1080 I am_pss  : [2381,1000,ecarx.launcher3:appsvr,21266432,15855616,0,85987328,0,2,38]
04-28 16:12:33.191  1049  1186 I commit_sys_config_file: [settings-2-0,13]
04-28 16:12:33.196  1049  1186 I commit_sys_config_file: [settings-1-0,5]
04-28 16:12:35.405  1049  1186 I commit_sys_config_file: [settings-1-0,27]
04-28 16:12:38.511  1049  1186 I commit_sys_config_file: [settings-1-0,23]
04-28 16:12:39.572  1049  2350 I am_kill : [0,3388,com.qualcomm.display,904,empty #17]
04-28 16:12:39.628  1049  2350 I am_proc_died: [0,3388,com.qualcomm.display,904,18]
04-28 16:12:55.902  1049  1081 I am_uid_idle: 10095
04-28 16:13:00.053  1049  1080 I am_pss  : [4267,1000,com.android.settings,6850560,6053888,0,52752384,0,18,41]
04-28 16:13:00.089  1049  1080 I am_pss  : [2673,10011,android.process.media,9943040,8232960,0,64802816,0,18,34]
04-28 16:13:00.123  1049  1080 I am_pss  : [3752,10017,com.android.providers.calendar,4474880,3547136,0,52932608,0,18,32]
04-28 16:13:00.158  1049  1080 I am_pss  : [3922,10095,com.autonavi.amapauto:locationservice,15620096,6377472,0,69029888,0,18,35]
04-28 16:13:00.193  1049  1080 I am_pss  : [4096,10095,com.autonavi.amapauto:adiu,13539328,5029888,0,65015808,0,18,34]
04-28 16:13:00.228  1049  1080 I am_pss  : [4063,10095,com.autonavi.amapauto,15613952,6717440,0,68153344,0,18,34]
04-28 16:13:00.263  1049  1080 I am_pss  : [3711,10080,com.android.calendar,5088256,4235264,0,52269056,0,18,35]
04-28 16:13:00.301  1049  1080 I am_pss  : [3624,10016,android.process.acore,7983104,6742016,0,59949056,0,18,34]
01-01 08:00:10.356   603   603 I liblog  : 446
01-01 08:00:10.586   544   544 I boot_progress_preload_end: 9459
01-01 08:00:11.174   603   603 I liblog  : 108
01-01 08:00:11.180   603   603 I liblog  : 10
01-01 08:00:11.220  1033  1033 I liblog  : 1
01-01 08:00:11.221  1033  1033 I boot_progress_system_run: 10095
01-01 08:00:11.223  1033  1033 I sysui_histogram: [boot_system_server_init,10095]
01-01 08:00:11.223  1033  1033 I sysui_multi_action: [757,804,799,boot_system_server_init,801,10095,802,1]
01-01 08:00:101-01 08:00:16.797   499   499 I auditd  : SELinux: Loaded service_contexts from:
01-01 08:00:16.797   501   501 I auditd  : SELinux: Loaded service_contexts from:
01-01 08:00:16.799   501   501 I auditd  :     /vendor/etc/selinux/vndservice_contexts
01-01 08:00:16.799   499   499 I auditd  :     /system/etc/selinux/plat_service_contexts
01-01 08:00:18.045   547   547 I boot_progress_start: 5298
01-01 08:00:19.456   547   547 I sysui_histogram: [boot_zygote_init,7309]
01-01 08:00:19.459   548   548 I sysui_histogram: [boot_zygote_init,7312]
01-01 08:00:19.465   547   547 I sysui_multi_action: [757,804,799,boot_zygote_init,801,7309,802,1]
01-01 08:00:19.469   547   547 I boot_progress_preload_start: 7322
01-01 08:00:19.477   548   548 I sysui_multi_action: [757,804,799,boot_zygote_init,801,7312,802,1]
01-01 08:00:20.137   927   927 I liblog  : 4
01-01 08:00:20.137   927   927 I liblog  : 16
01-01 08:00:20.141   626   983 I liblog  : 3
01-01 08:00:20.142   617   617 I liblog  : 18
01-01 08:00:20.147   925   981 I liblog  : 37
01-01 08:00:20.148   927   927 I liblog  : 4
01-01 08:00:20.227   617   617 I liblog  : 72
01-01 08:00:20.257   547   547 I liblog  : 2
01-01 08:00:20.317   626   742 I liblog  : 42
01-01 08:00:20.368   926   926 I liblog  : 188
01-01 08:00:20.476   617   617 I liblog  : 669
01-01 08:00:20.536   619   619 I liblog  : 3
01-01 08:00:20.537   626   742 I liblog  : 7
01-01 08:00:20.773   617   617 I liblog  : 200
01-01 08:00:20.947   619   619 I liblog  : 81
01-01 08:00:20.951   626   656 I liblog  : 44
01-01 08:00:20.957   617   617 I liblog  : 54
01-01 08:00:20.963   626   656 I liblog  : 1
01-01 08:00:20.966   619   736 I liblog  : 25
01-01 08:00:21.033   926   926 I liblog  : 4
01-01 08:00:21.048   617   617 I liblog  : 49
01-01 08:00:21.148   925   968 I liblog  : 38
01-01 08:00:21.521   547   547 I boot_progress_preload_end: 9375
01-01 08:00:21.543   617   617 I liblog  : 1
01-01 08:00:21.811   619   619 I liblog  : 14
01-01 08:00:21.847   619   619 I liblog  : 85
01-01 08:00:22.050  1052  1052 I boot_progress_system_run: 9903
01-01 08:00:22.053  1052  1052 I sysui_histogram: [boot_system_server_init,9903]
01-01 08:00:22.053  1052  1052 I sysui_multi_action: [757,804,799,boot_system_server_init,801,9903,802,1]
01-01 08:00:22.325  1052  1074 I commit_sys_config_file: [batterystats,4]
01-01 08:00:22.460  1052  1052 I sysui_histogram: [boot_package_manager_init_start,10313]
01-01 08:00:22.460  1052  1052 I sysui_multi_action: [757,804,799,boot_package_manager_init_start,801,10313,802,1]
01-01 08:00:22.463  1052  1052 I boot_progress_pms_start: 10316
01-01 08:00:22.996  1052  1052 I boot_progress_pms_system_scan_start: 10849
01-01 08:00:23.532   596   596 I liblog  : 1
01-01 08:00:23.602   636   636 I liblog  : 7
01-01 08:00:24.118  1052  1052 I pm_critical_info: Adding duplicate shared id: 1000 name=ecarx.upgrade
01-01 08:00:24.265  1052  1052 I boot_progress_pms_data_scan_start: 12118
01-01 08:00:24.555  1052  1052 I boot_progress_pms_scan_end: 12409
01-01 08:00:24.838  1052  1052 I commit_sys_config_file: [package-user-0,7]
01-01 08:00:24.838  1052  1052 I commit_sys_config_file: [package,123]
01-01 08:00:24.838  1052  1052 I boot_progress_pms_ready: 12691
01-01 08:00:24.866  1052  1074 I commit_sys_config_file: [package-perms-0,8]
01-01 08:00:24.994  1052  1052 I sysui_histogram: [boot_package_manager_init_ready,12848]
01-01 08:00:24.994  1052  1052 I sysui_multi_action: [757,804,799,boot_package_manager_init_ready,801,12848,802,1]
01-01 08:00:25.007  1052  1052 I am_uid_running: 1000
01-01 08:00:25.008  1052  1052 I am_uid_active: 1000
01-01 08:00:25.033  1052  1140 I battery_status: [1,1,0,0,]
01-01 08:00:25.084  1052  1074 I commit_sys_config_file: [package-perms-0,8]
04-28 16:10:35.114  1052  1052 I wm_stack_created: 0
04-28 16:10:35.238  1052  1052 I configuration_changed: 536894968
04-28 16:10:35.274  1052  1052 I configuration_changed: 536872192
04-28 16:10:35.344  1052  1138 I configuration_changed: 512
04-28 16:10:35.780  1052  1193 I storage_state: [41217664-9172-527a-b3d5-edabb50a7d69,0,0,5978693632,6274220032]
04-28 16:10:35.803  1052  1052 I service_manager_slow: [11,window]
04-28 16:10:35.997  1052  1052 I stream_devices_changed: [0,0,2]
04-28 16:10:35.998  1052  1052 I stream_devices_changed: [2,0,2]
04-28 16:10:35.998  1052  1052 I stream_devices_changed: [3,0,2]
04-28 16:10:35.999  1052  1052 I stream_devices_changed: [4,0,2]
04-28 16:10:36.000  1052  1052 I stream_devices_changed: [6,0,2]
04-28 16:10:36.051   636  1119 I liblog  : 175
04-28 16:10:36.317  1052  1138 I sysui_count: [fingerprintd_openhal_error,1]
04-28 16:10:36.317  1052  1138 I sysui_multi_action: [757,803,799,fingerprintd_openhal_error,802,1]
04-28 16:10:42.842  1052  1084 I commit_sys_config_file: [overlays,7]
04-28 16:10:42.847  1052  1052 I service_manager_stats: [100,81,20884]
04-28 16:10:42.962  1052  1075 I am_wtf  : [0,1052,system_server,-1,SystemServer,Didn't find class "com.lge.car.launcher.LgeCarServiceLauncher" on path: DexPathList[[zip file "/system/framework/services.jar", zip file "/system/framework/ethernet-service.jar", zip file "/system/framework/wifi-service.jar", zip file "/system/framework/com.android.location.provider.jar", zip file "/system/framework/car-frameworks-service.jar", zip file "/system/framework/lge-theme-launcher-service.jar"],nativeLibraryDirectories=[/system/lib64, /vendor/lib64, /system/lib64, /vendor/lib64]]]
04-28 16:10:42.979  1052  1052 I boot_progress_ams_ready: 21016
04-28 16:10:42.984  1052  1077 I am_proc_start: [0,1275,1000,com.ecarx.theme.service,service,com.ecarx.theme.service/.EcarxThemeService]
04-28 16:10:43.003  1052  1052 I commit_sys_config_file: [sync-accounts,4]
04-28 16:10:43.010  1052  1052 I commit_sys_config_file: [sync-status,6]
04-28 16:10:43.015  1052  1052 I commit_sys_config_file: [sync-stats,5]
04-28 16:10:43.019  1052  1203 I am_proc_bound: [0,1275,com.ecarx.theme.service]
04-28 16:10:43.032  1052  1084 I am_uid_running: 1002
04-28 16:10:43.055  1052  1077 I am_proc_start: [0,1292,1002,com.android.bluetooth,service,com.android.bluetooth/.btservice.AdapterService]
04-28 16:10:43.063  1052  1052 I am_uid_running: 10087
04-28 16:10:43.068  1052  1203 I am_wtf  : [0,1275,com.ecarx.theme.service,814235213,ContextImpl,Data directory doesn't exist for package com.ecarx.theme.service]
04-28 16:10:43.110  1052  1077 I am_proc_start: [0,1313,10087,com.android.inputmethod.latin,service,com.android.inputmethod.latin/.CarLatinIME]
04-28 16:10:43.132  1052  1138 I am_uid_running: 1037
04-28 16:10:43.134  1052  1310 I am_proc_bound: [0,1292,com.android.bluetooth]
04-28 16:10:43.148  1052  1310 I am_uid_active: 1002
04-28 16:10:43.155  1052  1077 I am_proc_start: [0,1331,1000,com.android.car,service,com.android.car/.CarService]
04-28 16:10:43.166  1052  1310 I am_proc_bound: [0,1313,com.android.inputmethod.latin]
04-28 16:10:43.180  1052  1310 I am_uid_active: 10087
04-28 16:10:43.210  1052  1052 I am_uid_running: 10010
04-28 16:10:43.222  1052  1310 I am_proc_bound: [0,1331,com.android.car]
04-28 16:10:43.274  1052  1145 I commit_sys_config_file: [settings-0-0,98]
04-28 16:10:43.275  1052  1074 I commit_sys_config_file: [package-perms-0,78]
04-28 16:10:43.277  1052  1158 I commit_sys_config_file: [net-policy,13]
04-28 16:10:43.281  1052  1077 I am_proc_start: [0,1355,1037,WebViewLoader-armeabi-v7a,,]
04-28 16:10:43.302   780  1032 I liblog  : 3
04-28 16:10:43.336  1052  1310 I am_wtf  : [0,1331,com.android.car,814235213,ContextImpl,Data directory doesn't exist for package com.android.car]
04-28 16:10:43.355  1052  1077 I am_proc_start: [0,1378,1037,WebViewLoader-arm64-v8a,,]
04-28 16:10:43.382  1052  1077 I am_proc_start: [0,1391,10010,com.android.systemui,service,com.android.systemui/.SystemUIService]
04-28 16:10:43.410  1378  1378 I service_manager_slow: [12,activity]
04-28 16:10:43.412  1052  1310 I am_proc_bound: [0,1355,WebViewLoader-armeabi-v7a]
04-28 16:10:43.415  1052  1310 I am_uid_active: 1037
04-28 16:10:43.421  1052  1310 I am_proc_bound: [0,1378,WebViewLoader-arm64-v8a]
04-28 16:10:43.427  1052  1310 I am_wtf  : [0,1331,com.android.car,814235213,ContextImpl,Data directory doesn't exist for package com.android.car]
04-28 16:10:43.438  1052  1310 I am_proc_bound: [0,1391,com.android.systemui]
04-28 16:10:43.440  1052  1310 I am_uid_active: 10010
04-28 16:10:43.543  1292  1441 I bt_config_source: 1
04-28 16:10:43.562  1052  1310 I am_proc_died: [0,1355,WebViewLoader-armeabi-v7a,-700,0]
04-28 16:10:43.569  1052  1310 I am_mem_factor: [3,0]
04-28 16:10:43.570  1052  1310 I am_low_memory: 7
04-28 16:10:43.646  1052  1330 I am_proc_died: [0,1378,WebViewLoader-arm64-v8a,-700,0]
04-28 16:10:43.646  1052  1330 I am_uid_stopped: 1037
04-28 16:10:43.648  1052  1330 I am_low_memory: 6
04-28 16:10:43.745  1052  1310 I sysui_count: [fingerprintd_openhal_error,1]
04-28 16:10:43.745  1052  1310 I sysui_multi_action: [757,803,799,fingerprintd_openhal_error,802,1]
04-28 16:10:43.768   500   500 I auditd  : avc:  denied  { find } for interface=vendor.qti.hardware.perf::IPerf pid=857 scontext=u:r:mediacodec:s0 tcontext=u:object_r:hal_perf_hwservice:s0 tclass=hwservice_manager permissive=1
04-28 16:10:43.819  1052  1157 I netstats_mobile_sample: [0,0,0,0,0,0,0,0,0,0,0,0,1556439043807]
04-28 16:10:43.819  1052  1157 I netstats_wifi_sample: [0,0,0,0,0,0,0,0,0,0,0,0,1556439043807]
04-28 16:10:43.911  1052  1052 I am_uid_running: 10013
04-28 16:10:43.914  1052  1052 I am_uid_running: 1001
04-28 16:10:43.942  1052  1052 I wm_task_created: [1,0]
04-28 16:10:43.945  1052  1052 I wm_task_moved: [1,0,2147483647]
04-28 16:10:43.947  1052  1052 I am_create_task: [0,1]
04-28 16:10:43.947  1052  1052 I am_create_activity: [0,82542500,1,com.android.settings/.FallbackHome,android.intent.action.MAIN,NULL,NULL,276824320]
04-28 16:10:43.948  1052  1052 I wm_task_moved: [1,0,2147483647]
04-28 16:10:44.016  1052  1145 I commit_sys_config_file: [settings-0-0,11]
04-28 16:10:44.032  1052  1052 I sysui_histogram: [boot_system_server_ready,22069]
04-28 16:10:44.032  1052  1052 I sysui_multi_action: [757,804,799,boot_system_server_ready,801,22069,802,1]
04-28 16:10:44.035  1052  1310 I dvm_lock_sample: [system_server,1,Binder:1052_4,84,ActivityManagerService.java,11929,java.lang.String com.android.server.am.ActivityManagerService.checkContentProviderAccess(java.lang.String, int),-,15284,void com.android.server.am.ActivityManagerService.systemReady(java.lang.Runnable, android.util.TimingsTraceLog),16]
04-28 16:10:44.112  1052  1077 I am_proc_start: [0,1516,1000,.dataservices,added application,.dataservices]
04-28 16:10:44.130  1052  1052 I service_manager_slow: [11,window]
04-28 16:10:44.132  1052  1077 I am_proc_start: [0,1533,10013,android.car.cluster.loggingrenderer,added application,android.car.cluster.loggingrenderer]
04-28 16:10:44.156  1052  1499 I am_proc_bound: [0,1516,.dataservices]
04-28 16:10:44.168  1052  1077 I am_proc_start: [0,1544,1000,com.lge.loggage,added application,com.lge.loggage]
04-28 16:10:44.217  1052  1077 I am_proc_start: [0,1563,1000,se.cevt.dimsupportservice,added application,se.cevt.dimsupportservice]
04-28 16:10:44.261  1052  1070 I am_proc_bound: [0,1533,android.car.cluster.loggingrenderer]
04-28 16:10:44.264  1052  1070 I am_uid_active: 10013
04-28 16:10:44.265  1052  1077 I am_proc_start: [0,1582,1000,se.cevt.lgecarsupportservice,added application,se.cevt.lgecarsupportservice]
04-28 16:10:44.287  1052  1070 I am_proc_bound: [0,1544,com.lge.loggage]
04-28 16:10:44.297  1331  1331 I service_manager_slow: [12,audio]
04-28 16:10:44.336  1563  1563 I service_manager_slow: [25,activity]
04-28 16:10:44.359  1052  1310 I am_proc_bound: [0,1563,se.cevt.dimsupportservice]
04-28 16:10:44.373  1052  1077 I am_proc_start: [0,1608,1000,com.lge.car,added application,com.lge.car]
04-28 16:10:44.399  1582  1582 I service_manager_slow: [43,activity]
04-28 16:10:44.410  1052  1499 I am_proc_bound: [0,1582,se.cevt.lgecarsupportservice]
04-28 16:10:44.423  1052  1310 I am_proc_bound: [0,1608,com.lge.car]
04-28 16:10:44.445  1391  1637 I sysui_action: [213,2]
04-28 16:10:44.456  1052  1071 I am_wtf  : [0,1563,se.cevt.dimsupportservice,814235213,ContextImpl,Data directory doesn't exist for package se.cevt.dimsupportservice]
04-28 16:10:44.458  1391  1637 I sysui_multi_action: [757,213,758,4,759,2]
04-28 16:10:44.458  1052  1077 I am_proc_start: [0,1647,1001,com.android.phone,added application,com.android.phone]
04-28 16:10:44.474  1052  1071 I am_wtf  : [0,1544,com.lge.loggage,948485709,ContextImpl,Data directory doesn't exist for package com.lge.loggage]
04-28 16:10:44.484  1052  1052 I notification_cancel_all: [1000,1052,com.android.systemui,0,0,0,17,NULL]
04-28 16:10:44.515  1052  1330 I am_wtf  : [0,1582,se.cevt.lgecarsupportservice,814235213,ContextImpl,Data directory doesn't exist for package se.cevt.lgecarsupportservice]
04-28 16:10:44.557   499   499 I auditd  : avc:  denied  { add } for service=lgecar_support_service pid=1582 uid=1000 scontext=u:r:system_app:s0 tcontext=u:object_r:default_android_service:s0 tclass=service_manager permissive=1
04-28 16:10:44.569  1052  1077 I am_proc_start: [0,1666,1000,com.android.settings,activity,com.android.settings/.FallbackHome]
04-28 16:10:44.600  1052  1330 I am_wtf  : [0,1608,com.lge.car,814235213,ContextImpl,Data directory doesn't exist for package com.lge.car]
04-28 16:10:44.618  1647  1647 I service_manager_slow: [25,activity]
04-28 16:10:44.643  1052  1330 I am_proc_bound: [0,1647,com.android.phone]
04-28 16:10:44.664  1052  1330 I am_uid_active: 1001
04-28 16:10:44.682  1052  1310 I am_proc_bound: [0,1666,com.android.settings]
04-28 16:10:44.705  1052  1310 I am_restart_activity: [0,82542500,1,com.android.settings/.FallbackHome]
04-28 16:10:44.713  1052  1310 I am_set_resumed_activity: [0,com.android.settings/.FallbackHome,minimalResumeActivityLocked]
04-28 16:10:44.721  1052  1052 I am_uid_running: 10031
04-28 16:10:44.744  1052  1710 I am_wtf  : [0,1052,system_server,-1,ActivityManager,Sending non-protected broadcast com.android.server.ThemeManager.action.THEME_APPLIED from system 1275:com.ecarx.theme.service/1000 pkg com.ecarx.theme.service]
04-28 16:10:44.761  1052  1077 I am_proc_start: [0,1721,10031,android.ext.services,service,android.ext.services/.notification.Assistant]
04-28 16:10:44.863  1052  1330 I am_proc_bound: [0,1721,android.ext.services]
04-28 16:10:44.865  1052  1330 I am_uid_active: 10031
04-28 16:10:44.869  1666  1666 I am_on_create_called: [0,com.android.settings.FallbackHome,performCreate]
04-28 16:10:44.880  1666  1666 I am_on_start_called: [0,com.android.settings.FallbackHome,handleStartActivity]
04-28 16:10:44.925  1666  1666 I am_on_resume_called: [0,com.android.settings.FallbackHome,RESUME_ACTIVITY]
04-28 16:10:44.926  1052  1052 I commit_sys_config_file: [notification-policy,8]
04-28 16:10:44.935  1052  1145 I commit_sys_config_file: [settings-2-0,7]
04-28 16:10:44.968  1052  1052 I notification_enqueue: [1000,1052,android,32,NULL,-1,Notification(channel=USB pri=0 contentView=null vibrate=null sound=null tick defaults=0x0 flags=0x2 color=0xff607d8b vis=PUBLIC),0]
04-28 16:10:45.142  1052  1075 I boot_progress_enable_screen: 23179
04-28 16:10:45.146  1052  1075 I screen_toggled: 1
04-28 16:10:45.147  1052  1085 I am_activity_launch_time: [0,82542500,com.android.settings/.FallbackHome,1184,1184]
04-28 16:10:45.214   927   927 I liblog  : 67
04-28 16:10:45.545   928   928 I liblog  : 34
04-28 16:10:45.731  1391  1391 I sysui_multi_action: [757,1093,758,4,1094,0,1095,0,1359,0]
04-28 16:10:45.976  1052  1363 I liblog  : 3
04-28 16:10:45.979   619   619 I liblog  : 9
04-28 16:10:45.980  1331  1348 I liblog  : 9
04-28 16:10:45.986   626   983 I liblog  : 7
04-28 16:10:46.012  1391  1492 I liblog  : 4
04-28 16:10:46.032  1052  1852 I am_crash: [1052,0,com.android.bluetooth,818462277,Native crash,Aborted,unknown,0]
04-28 16:10:46.037  1052  1852 I sysui_action: [316,-1]
04-28 16:10:46.037  1052  1852 I sysui_multi_action: [757,316,758,4,759,-1]
04-28 16:10:46.078   594   594 I liblog  : 13
04-28 16:10:46.155  1052  1071 I am_proc_died: [0,1292,com.android.bluetooth,-700,0]
04-28 16:10:46.156  1052  1071 I am_schedule_service_restart: [0,com.android.bluetooth/.btservice.AdapterService,1000]
04-28 16:10:46.156  1052  1071 I am_schedule_service_restart: [0,com.android.bluetooth/.gatt.GattService,10999]
04-28 16:10:46.157  1052  1071 I am_uid_stopped: 1002
04-28 16:10:46.162  1052  1071 I am_low_memory: 14
04-28 16:10:46.359  1052  1084 I am_uid_running: 1002
04-28 16:10:46.372  1052  1077 I am_proc_start: [0,1873,1002,com.android.bluetooth,service,com.android.bluetooth/.btservice.AdapterService]
04-28 16:10:46.455  1052  1860 I am_proc_bound: [0,1873,com.android.bluetooth]
04-28 16:10:46.458  1052  1860 I am_uid_active: 1002
04-28 16:10:46.637  1873  1898 I bt_config_source: 1
04-28 16:10:47.193  1391  1655 I sysui_multi_action: [757,1093,758,4,1094,9437248,1095,4,1359,1463]
04-28 16:10:47.480   499   499 I auditd  : avc:  denied  { find } for service=lgecar_support_service pid=1391 uid=10010 scontext=u:r:platform_app:s0:c512,c768 tcontext=u:object_r:default_android_service:s0 tclass=service_manager permissive=1
04-28 16:10:47.605   639  1767 I sf_stop_bootanim: 25642
04-28 16:10:47.608  1052  1085 I wm_boot_animation_done: 25645
04-28 16:10:47.804  1052  1052 I notification_enqueue: [1000,1052,android,26,NULL,-1,Notification(channel=DEVELOPER pri=0 contentView=null vibrate=null sound=null tick defaults=0x0 flags=0x2 color=0xff607d8b vis=PUBLIC),0]
04-28 16:10:47.825  1052  1085 I am_user_state_changed: [0,1]
04-28 16:10:47.830  1052  1085 I sysui_histogram: [framework_locked_boot_completed,25]
04-28 16:10:47.830  1052  1085 I sysui_multi_action: [757,804,799,framework_locked_boot_completed,801,25,802,1]
04-28 16:10:48.060  1052  1075 I dvm_lock_sample: [system_server,1,ActivityManager,225,BroadcastQueue.java,824,void com.android.server.am.BroadcastQueue.processNextBroadcast(boolean),ActivityManagerService.java,8081,void com.android.server.am.ActivityManagerService.finishBooting(),45]
04-28 16:10:48.074  1052  1972 I am_crash: [1052,0,com.android.bluetooth,818462277,Native crash,Aborted,unknown,0]
04-28 16:10:48.075  1052  1161 I service_manager_stats: [112,163,5217]
04-28 16:10:48.115  1052  1972 I dvm_lock_sample: [system_server,0,NativeCrashReport,39,AppErrors.java,418,void com.android.server.am.AppErrors.crashApplicationInner(com.android.server.am.ProcessRecord, android.app.ApplicationErrorReport$CrashInfo, int, int),ActivityManagerService.java,22719,boolean com.android.server.am.ActivityManagerService.updateDisplayOverrideConfiguration(android.content.res.Configuration, int),7]
04-28 16:10:48.123  1052  1972 I sysui_action: [316,-1]
04-28 16:10:48.123  1052  1972 I sysui_multi_action: [757,316,758,4,759,-1]
04-28 16:10:48.150  1052  1161 I dvm_lock_sample: [system_server,0,WifiStateMachine,33,PackageManagerService.java,6550,java.lang.String com.android.server.pm.PackageManagerService.getInstantAppPackageName(int),-,7896,android.content.pm.ParceledListSlice com.android.server.pm.PackageManagerService.getInstalledPackages(int, int),6]
04-28 16:10:48.153  1052  1071 I am_uid_running: 10060
04-28 16:10:48.182  1052  1077 I am_proc_start: [0,1980,10060,com.android.deskclock,broadcast,com.android.deskclock/.AlarmInitReceiver]
04-28 16:10:48.197  1052  1310 I am_proc_died: [0,1873,com.android.bluetooth,-700,0]
04-28 16:10:48.197  1052  1310 I am_schedule_service_restart: [0,com.android.bluetooth/.btservice.AdapterService,1000]
04-28 16:10:48.197  1052  1310 I am_schedule_service_restart: [0,com.android.bluetooth/.gatt.GattService,11000]
04-28 16:10:48.197  1052  1310 I am_uid_stopped: 1002
04-28 16:10:48.201  1052  1310 I am_low_memory: 14
04-28 16:10:48.274  1052  1070 I am_proc_bound: [0,1980,com.android.deskclock]
04-28 16:10:48.398  1052  1084 I am_uid_running: 1002
04-28 16:10:48.446  1052  1077 I am_proc_start: [0,2008,1002,com.android.bluetooth,service,com.android.bluetooth/.btservice.AdapterService]
04-28 16:10:48.499  1052  1310 I am_proc_bound: [0,2008,com.android.bluetooth]
04-28 16:10:48.502  1052  1310 I am_uid_active: 1002
04-28 16:10:48.596  1052  1070 I am_uid_running: 10053
04-28 16:10:48.629  1052  1077 I am_proc_start: [0,2027,10053,com.baidu.input,broadcast,com.baidu.input/.directboot.DirectBootReceiver]
04-28 16:10:48.666  1052  1310 I am_proc_bound: [0,2027,com.baidu.input]
04-28 16:10:48.687  2008  2043 I bt_config_source: 1
04-28 16:10:49.048  1052  1149 I configuration_changed: 8
04-28 16:10:49.084  1052  1149 I am_relaunch_resume_activity: [0,82542500,1,com.android.settings/.FallbackHome]
04-28 16:10:49.086  1666  1666 I am_on_paused_called: [0,com.android.settings.FallbackHome,performPause]
04-28 16:10:49.089  1666  1666 I am_on_stop_called: [0,com.android.settings.FallbackHome,handleRelaunchActivity]
04-28 16:10:49.093  1666  1666 I am_on_destroy_called: [0,com.android.settings.FallbackHome,performDestroy]
04-28 16:10:49.121  1666  1666 I am_on_create_called: [0,com.android.settings.FallbackHome,performCreate]
04-28 16:10:49.130  1666  1666 I am_on_start_called: [0,com.android.settings.FallbackHome,handleStartActivity]
04-28 16:10:49.130  1666  1666 I am_on_resume_called: [0,com.android.settings.FallbackHome,RESUME_ACTIVITY]
04-28 16:10:49.189  1052  1077 I am_proc_start: [0,2101,1001,com.qualcomm.qcrilmsgtunnel,broadcast,com.qualcomm.qcrilmsgtunnel/.QcrilMsgTunnelAutoboot]
04-28 16:10:49.247  1052  1310 I am_proc_bound: [0,2101,com.qualcomm.qcrilmsgtunnel]
04-28 16:10:49.338  1052  1077 I am_proc_start: [0,2124,1000,com.qualcomm.qti.qdma,broadcast,com.qualcomm.qti.qdma/.app.BootReceiver]
04-28 16:10:49.370  1052  1310 I am_proc_bound: [0,2124,com.qualcomm.qti.qdma]
04-28 16:10:49.641  1052  1077 I am_proc_start: [0,2171,1000,com.qualcomm.qti.smq,content provider,com.qualcomm.qti.smq/.providers.SMQContentProvider]
04-28 16:10:49.720  1052  1310 I am_proc_bound: [0,2171,com.qualcomm.qti.smq]
04-28 16:10:49.777  2158  2158 I sysui_multi_action: [757,1098,758,4,1099,<EMPTY>]
04-28 16:10:49.836  2158  2158 I sysui_multi_action: [757,804,799,factory_reset_current_time,801,1556439049,802,1]
04-28 16:10:49.837  2158  2158 I sysui_multi_action: [757,804,799,factory_reset_record_value,801,1556439107,802,1]
04-28 16:10:49.837  2158  2158 I sysui_multi_action: [757,804,799,factory_reset_current_time,801,1556439049,802,1]
04-28 16:10:49.837  2158  2158 I sysui_multi_action: [757,804,799,boottime.bootloader.total,801,0,802,1]
04-28 16:10:49.837  2158  2158 I sysui_multi_action: [757,804,799,factory_reset_boot_complete,801,95,802,1]
04-28 16:10:49.837  2158  2158 I sysui_multi_action: [757,804,799,factory_reset_record_value,801,1556439107,802,1]
04-28 16:10:49.837  2158  2158 I sysui_multi_action: [757,804,799,ro.boottime.init.selinux,801,138,802,1]
04-28 16:10:49.837  2158  2158 I sysui_multi_action: [757,804,799,boot_complete,801,27,802,1]
04-28 16:10:49.837  2158  2158 I sysui_multi_action: [757,804,799,system_boot_reason,801,4,802,1]
04-28 16:10:49.837  2158  2158 I sysui_multi_action: [757,804,799,factory_reset,801,1556439107,802,1]
04-28 16:10:49.837  2158  2158 I sysui_multi_action: [757,804,799,factory_reset_boot_complete_no_encryption,801,95,802,1]
04-28 16:10:49.837  2158  2158 I sysui_multi_action: [757,804,799,last_boot_time_utc,801,1556439049,802,1]
04-28 16:10:49.837  2158  2158 I sysui_multi_action: [757,804,799,boot_complete_no_encryption,801,27,802,1]
04-28 16:10:49.837  2158  2158 I sysui_multi_action: [757,804,799,absolute_boot_time,801,27,802,1]
04-28 16:10:49.837  2158  2158 I sysui_multi_action: [757,804,799,ro.boottime.init,801,1802,802,1]
04-28 16:10:49.837  2158  2158 I sysui_multi_action: [757,804,799,boot_reason,801,0,802,1]
04-28 16:10:49.837  2158  2158 I sysui_multi_action: [757,804,799,time_since_factory_reset,801,-58,802,1]
04-28 16:10:49.837  2158  2158 I sysui_multi_action: [757,804,799,ro.boottime.init.cold_boot_wait,801,527,802,1]
04-28 16:10:49.837  2158  2158 I sysui_multi_action: [757,804,799,time_since_last_boot,801,0,802,1]
04-28 16:10:49.837  2158  2158 I sysui_multi_action: [757,804,799,build_date,801,1556435072,802,1]
04-28 16:10:50.471  1052  1083 I am_user_state_changed: [0,2]
04-28 16:10:50.502  1052  1075 I am_user_state_changed: [0,3]
04-28 16:10:50.525  1052  1075 I sysui_histogram: [framework_boot_completed,28]
04-28 16:10:50.525  1052  1075 I sysui_multi_action: [757,804,799,framework_boot_completed,801,28,802,1]
04-28 16:10:50.533  1052  1075 I am_uid_running: 10095
04-28 16:10:50.560  1052  1070 I am_finish_activity: [0,82542500,1,com.android.settings/.FallbackHome,app-request]
04-28 16:10:50.562  1052  1070 I wm_task_moved: [1,0,2147483647]
04-28 16:10:50.568  1052  1070 I am_pause_activity: [0,82542500,com.android.settings/.FallbackHome,userLeaving=false]
04-28 16:10:50.571  1052  1157 I netstats_mobile_sample: [0,0,0,0,0,0,0,0,0,0,0,0,1556439050571]
04-28 16:10:50.571  1052  1157 I netstats_wifi_sample: [0,0,0,0,0,0,0,0,0,0,0,0,1556439050571]
04-28 16:10:50.573  1666  1666 I am_on_paused_called: [0,com.android.settings.FallbackHome,performPause]
04-28 16:10:50.573  1052  1075 I sysui_count: [window_time_0,18]
04-28 16:10:50.573  1052  1075 I sysui_multi_action: [757,803,799,window_time_0,802,18]
04-28 16:10:50.585  1052  2094 I wm_task_moved: [1,0,2147483647]
04-28 16:10:50.639  1052  2094 I dvm_lock_sample: [system_server,1,Binder:1052_A,52,UserManagerService.java,939,boolean com.android.server.pm.UserManagerService.isQuietModeEnabled(int),PackageManagerService.java,7896,android.content.pm.ParceledListSlice com.android.server.pm.PackageManagerService.getInstalledPackages(int, int),10]
04-28 16:10:50.646  1052  2094 I wm_task_created: [2,0]
04-28 16:10:50.651  1052  2094 I wm_task_moved: [2,0,2147483647]
04-28 16:10:50.652  1052  2094 I am_create_task: [0,2]
04-28 16:10:50.652  1052  2094 I am_create_activity: [0,225858716,2,ecarx.launcher3/.Launcher,android.intent.action.MAIN,NULL,NULL,268435712]
04-28 16:10:50.653  1052  2094 I wm_task_moved: [2,0,2147483647]
04-28 16:10:50.662  1052  1076 I dvm_lock_sample: [system_server,1,android.ui,89,ActivityManagerService.java,4955,void com.android.server.am.ActivityManagerService.dispatchUidsChanged(),TaskChangeNotificationController.java,152,void com.android.server.am.TaskChangeNotificationController$MainHandler.handleMessage(android.os.Message),17]
04-28 16:10:50.663  1052  1085 I dvm_lock_sample: [system_server,1,android.display,90,ActivityManagerService.java,26430,void com.android.server.am.ActivityManagerService$LocalService.notifyAppTransitionFinished(),TaskChangeNotificationController.java,246,void com.android.server.am.TaskChangeNotificationController.forAllRemoteListeners(com.android.server.am.TaskChangeNotificationController$TaskStackConsumer, android.os.Message),18]
04-28 16:10:50.665  1052  1077 I am_proc_start: [0,2224,10095,com.autonavi.amapauto,broadcast,com.autonavi.amapauto/.adapter.internal.SystemBroadcastReceiver]
04-28 16:10:50.679  1052  1075 I sysui_count: [window_time_0,0]
04-28 16:10:50.679  1052  1075 I sysui_multi_action: [757,803,799,window_time_0,802,0]
04-28 16:10:50.680  1052  1330 I am_proc_bound: [0,2224,com.autonavi.amapauto]
04-28 16:10:50.690  1052  1077 I dvm_lock_sample: [system_server,1,ActivityManager:procStart,10,ActivityManagerService.java,4427,void com.android.server.am.ActivityManagerService.lambda$startProcessLocked$0(com.android.server.am.ActivityManagerService, com.android.server.am.ProcessRecord, long, java.lang.String, java.lang.String, int[], int, int, java.lang.String, java.lang.String),-,7947,void com.android.server.am.ActivityManagerService.attachApplication(android.app.IApplicationThread, long),2]
04-28 16:10:50.720  1052  1077 I am_proc_start: [0,2239,1000,ecarx.launcher3,activity,ecarx.launcher3/.Launcher]
04-28 16:10:50.789  1052  1077 I am_proc_start: [0,2253,10010,com.ecarx.systemui.plugin,service,com.ecarx.systemui.plugin/.statusbar.NotificationMonitorService]
04-28 16:10:50.813  1052  1145 I commit_sys_config_file: [settings-2-0,20]
04-28 16:10:50.827  1052  2094 I am_proc_bound: [0,2239,ecarx.launcher3]
04-28 16:10:50.851  1052  2094 I am_restart_activity: [0,225858716,2,ecarx.launcher3/.Launcher]
04-28 16:10:50.879  1052  2094 I am_set_resumed_activity: [0,ecarx.launcher3/.Launcher,minimalResumeActivityLocked]
04-28 16:10:50.884  1052  1074 I am_meminfo: [770363392,2272526336,0,288415744,275158016]
04-28 16:10:50.884  1052  1077 I am_proc_start: [0,2262,1000,ecarx.xsf.notificationcenter,service,ecarx.xsf.notificationcenter/.ECarxNotificationListenerService]
04-28 16:10:50.946  2262  2262 I service_manager_slow: [14,activity]
04-28 16:10:50.952  1052  1330 I am_proc_bound: [0,2253,com.ecarx.systemui.plugin]
04-28 16:10:50.976  1052  2094 I am_proc_bound: [0,2262,ecarx.xsf.notificationcenter]
04-28 16:10:51.124  1052  1074 I am_pss  : [2008,1002,com.android.bluetooth,10896384,7720960,0,61067264,2,0,46]
04-28 16:10:51.199  1052  1074 I am_pss  : [2027,10053,com.baidu.input,15594496,7122944,0,51462144,2,18,34]
04-28 16:10:51.255  1052  1074 I am_pss  : [1980,10060,com.android.deskclock,7028736,4349952,0,54562816,2,18,35]
04-28 16:10:51.274  2239  2308 I service_manager_slow: [58,phone]
04-28 16:10:51.329  1052  1074 I am_pss  : [1721,10031,android.ext.services,4864000,2887680,0,49831936,2,4,36]
04-28 16:10:51.417  1052  1074 I am_pss  : [1666,1000,com.android.settings,19059712,13021184,0,71602176,2,2,38]
04-28 16:10:51.454  1052  1074 I am_pss  : [1647,1001,com.android.phone,9305088,7135232,0,56266752,2,0,35]
04-28 16:10:51.526  2239  2239 I am_on_create_called: [0,ecarx.launcher3.Launcher,performCreate]
04-28 16:10:51.535  1052  1074 I am_pss  : [1608,1000,com.lge.car,8640512,6037504,0,57978880,2,0,38]
04-28 16:10:51.542  2239  2239 I am_on_start_called: [0,ecarx.launcher3.Launcher,handleStartActivity]
04-28 16:10:51.557  1052  1077 I am_proc_start: [0,2340,1000,ecarx.controlboard,service,ecarx.controlboard/.ControlBoardServices]
04-28 16:10:51.560  2239  2239 I am_on_resume_called: [0,ecarx.launcher3.Launcher,RESUME_ACTIVITY]
04-28 16:10:51.636  1052  1077 I am_proc_start: [0,2349,1000,ecarx.launcher3:appsvr,service,ecarx.launcher3/.apppane.AppPaneService]
04-28 16:10:51.659  1052  1074 I am_pss  : [1582,1000,se.cevt.lgecarsupportservice,4887552,3080192,0,49987584,2,0,35]
04-28 16:10:51.679  1052  1077 I am_proc_start: [0,2362,1000,com.ecarx.push,service,com.ecarx.push/.PushService]
04-28 16:10:51.684  2340  2340 I service_manager_slow: [17,activity]
04-28 16:10:51.703  1052  1074 I am_pss  : [1563,1000,se.cevt.dimsupportservice,8495104,6139904,0,57102336,2,0,35]
04-28 16:10:51.712  1052  1860 I am_proc_bound: [0,2340,ecarx.controlboard]
04-28 16:10:51.762  1052  1074 I am_pss  : [1544,1000,com.lge.loggage,4176896,2580480,0,47304704,2,0,36]
04-28 16:10:51.805  2349  2349 I service_manager_slow: [21,activity]
04-28 16:10:51.831  1052  1310 I am_proc_bound: [0,2349,ecarx.launcher3:appsvr]
04-28 16:10:51.840  1052  1074 I am_pss  : [1533,10013,android.car.cluster.loggingrenderer,4014080,2482176,0,46522368,2,0,35]
04-28 16:10:51.896  1052  1499 I am_proc_bound: [0,2362,com.ecarx.push]
04-28 16:10:51.995  1052  1074 I am_pss  : [1516,1000,.dataservices,4243456,2707456,0,47247360,2,0,37]
