04-28 16:11:56.180  1078  2150 I dvm_lock_sample: [system_server,1,Binder:1078_A,303,PackageManagerService.java,5328,int com.android.server.pm.PackageManagerService.checkUidPermission(java.lang.String, int),-,16927,void com.android.server.pm.PackageManagerService.updateSettingsInternalLI(android.content.pm.PackageParser$Package, java.lang.String, int[], int[], com.android.server.pm.PackageManagerService$PackageInstalledInfo, android.os.UserHandle, int),60]
04-28 16:11:56.180  1078  1097 I dvm_lock_sample: [system_server,1,Binder:1078_1,326,PackageManagerService.java,8245,android.content.pm.ProviderInfo com.android.server.pm.PackageManagerService.resolveContentProviderInternal(java.lang.String, int, int),-,16927,void com.android.server.pm.PackageManagerService.updateSettingsInternalLI(android.content.pm.PackageParser$Package, java.lang.String, int[], int[], com.android.server.pm.PackageManagerService$PackageInstalledInfo, android.os.UserHandle, int),65]
04-28 16:11:56.182  1078  2735 I dvm_lock_sample: [system_server,0,Binder:1078_E,304,ActivityManagerService.java,20589,void com.android.server.am.ActivityManagerService.serviceDoneExecuting(android.os.IBinder, int, int, int),-,12163,android.app.ContentProviderHolder com.android.server.am.ActivityManagerService.getContentProviderImpl(android.app.IApplicationThread, java.lang.String, android.os.IBinder, boolean, int),60]
04-28 16:11:56.183  1078  1098 I dvm_lock_sample: [system_server,1,Binder:1078_2,270,ActivityManagerService.java,20857,android.content.Intent com.android.server.am.ActivityManagerService.registerReceiver(android.app.IApplicationThread, java.lang.String, android.content.IIntentReceiver, android.content.IntentFilter, java.lang.String, int, int),-,12163,android.app.ContentProviderHolder com.android.server.am.ActivityManagerService.getContentProviderImpl(android.app.IApplicationThread, java.lang.String, android.os.IBinder, boolean, int),54]
04-28 16:11:56.184  1078  3303 I dvm_lock_sample: [system_server,1,Binder:1078_11,225,ActivityManagerService.java,12163,android.app.ContentProviderHolder com.android.server.am.ActivityManagerService.getContentProviderImpl(android.app.IApplicationThread, java.lang.String, android.os.IBinder, boolean, int),-,12163,android.app.ContentProviderHolder com.android.server.am.ActivityManagerService.getContentProviderImpl(android.app.IApplicationThread, java.lang.String, android.os.IBinder, boolean, int),45]
04-28 16:11:56.303  1078  1127 I am_proc_start: [0,3431,1000,com.ecarx.xcttsengine,service,com.ecarx.xcttsengine/.TtsService]
04-28 16:11:56.312  1078  1693 I am_uid_running: 10011
04-28 16:11:56.496  1078  1124 I commit_sys_config_file: [package-perms-0,62]
04-28 16:11:56.523  1078  2451 I dvm_lock_sample: [system_server,1,Binder:1078_C,65,PackageManagerService.java,4061,android.content.pm.PackageInfo com.android.server.pm.PackageManagerService.getPackageInfoInternal(java.lang.String, long, int, int, int),-,2137,void com.android.server.pm.PackageManagerService.handlePackagePostInstall(com.android.server.pm.PackageManagerService$PackageInstalledInfo, boolean, boolean, boolean, java.lang.String[], boolean, java.lang.String, android.content.pm.IPackageInstallObserver2),13]
04-28 16:11:56.526  1078  1127 I am_proc_start: [0,3461,10011,android.process.media,broadcast,com.android.providers.downloads/.DownloadReceiver]
04-28 16:11:56.540  1078  2451 I dvm_lock_sample: [system_server,0,Binder:1078_C,13,ActivityManagerService.java,20589,void com.android.server.am.ActivityManagerService.serviceDoneExecuting(android.os.IBinder, int, int, int),-,4442,void com.android.server.am.ActivityManagerService.lambda$startProcessLocked$0(com.android.server.am.ActivityManagerService, com.android.server.am.ProcessRecord, long, java.lang.String, java.lang.String, int[], int, int, java.lang.String, java.lang.String),2]
04-28 16:11:56.541  1078  1693 I sysui_multi_action: [757,856,758,1,806,ecarx.xsf.mediacenter,857,ecarx.xsf.mediacenter,858,4]
04-28 16:11:56.545  1078  2123 I dvm_lock_sample: [system_server,1,Binder:1078_9,18,ActivityManagerService.java,20569,void com.android.server.am.ActivityManagerService.publishService(android.os.IBinder, android.content.Intent, android.os.IBinder),-,4442,void com.android.server.am.ActivityManagerService.lambda$startProcessLocked$0(com.android.server.am.ActivityManagerService, com.android.server.am.ProcessRecord, long, java.lang.String, java.lang.String, int[], int, int, java.lang.String, java.lang.String),3]
04-28 16:11:56.546  1078  3303 I am_uid_active: 10069
04-28 16:11:56.547  1078  2451 I am_proc_bound: [0,3461,android.process.media]
04-28 16:11:56.553  1078  1138 I unknown_sources_enabled: 1
04-28 16:11:56.543  3431  3431 I service_manager_slow: [17,activity]
04-28 16:11:56.589  1078  1678 I wm_stack_created: 1
04-28 16:11:56.615  1078  1678 I wm_task_created: [5,1]
04-28 16:11:56.626  1078  1678 I wm_task_moved: [5,0,2147483647]
04-28 16:11:56.634  1078  1678 I am_focused_stack: [0,1,0,reuseOrNewTask]
04-28 16:11:56.637  1078  1678 I am_create_task: [0,5]
04-28 16:11:56.637  1078  1678 I am_create_activity: [0,53410725,5,ecarx.xsf.mediacenter/.activity.MediaCenterActivity,NULL,NULL,NULL,268435456]
04-28 16:11:56.639  1078  1678 I wm_task_moved: [5,0,2147483647]
04-28 16:11:56.658  1078  1678 I am_pause_activity: [0,17666334,com.ecarx.provision/.guide.GuideHelloActivity,userLeaving=true]
04-28 16:11:56.659  2922  2922 I am_on_paused_called: [0,com.ecarx.provision.guide.GuideHelloActivity,performPause]
04-28 16:11:56.675  1078  1693 I am_proc_bound: [0,3431,com.ecarx.xcttsengine]
04-28 16:11:56.706  1078  2735 I am_restart_activity: [0,53410725,5,ecarx.xsf.mediacenter/.activity.MediaCenterActivity]
04-28 16:11:56.708  1078  2735 I am_set_resumed_activity: [0,ecarx.xsf.mediacenter/.activity.MediaCenterActivity,minimalResumeActivityLocked]
04-28 16:11:56.715  1078  1126 I dvm_lock_sample: [system_server,1,android.ui,41,ActivityManagerService.java,4955,void com.android.server.am.ActivityManagerService.dispatchUidsChanged(),-,14273,void com.android.server.am.ActivityManagerService.registerUidObserver(android.app.IUidObserver, int, int, java.lang.String),8]
04-28 16:11:56.732  1078  1125 I sysui_count: [window_time_0,8]
04-28 16:11:56.732  1078  1125 I sysui_multi_action: [757,803,799,window_time_0,802,8]
04-28 16:11:56.751  1078  3303 I am_finish_activity: [0,53410725,5,ecarx.xsf.mediacenter/.activity.MediaCenterActivity,app-request]
04-28 16:11:56.755  1078  3303 I am_focused_stack: [0,0,1,finishActivity adjustFocus adjustFocusToNextFocusableStack]
04-28 16:11:56.756  1078  3303 I am_pause_activity: [0,53410725,ecarx.xsf.mediacenter/.activity.MediaCenterActivity,userLeaving=false]
04-28 16:11:56.771  1078  1125 I sysui_count: [window_time_0,0]
04-28 16:11:56.771  1078  1125 I sysui_multi_action: [757,803,799,window_time_0,802,0]
04-28 16:11:56.771  3304  3304 I am_on_create_called: [0,ecarx.xsf.mediacenter.activity.MediaCenterActivity,performCreate]
04-28 16:11:56.792  1078  2451 I am_destroy_activity: [0,53410725,5,ecarx.xsf.mediacenter/.activity.MediaCenterActivity,finish-imm:completedPausedLocked]
04-28 16:11:56.797  1078  2451 I am_set_resumed_activity: [0,com.ecarx.provision/.guide.GuideHelloActivity,resumeTopActivityInnerLocked]
04-28 16:11:56.798  1078  2451 I am_resume_activity: [0,17666334,4,com.ecarx.provision/.guide.GuideHelloActivity]
04-28 16:11:56.808  3393  3489 I service_manager_slow: [46,dcy11_input_service]
04-28 16:11:56.817  3304  3304 I am_on_destroy_called: [0,ecarx.xsf.mediacenter.activity.MediaCenterActivity,performDestroy]
04-28 16:11:56.843  1078  1125 I sysui_count: [window_time_0,0]
04-28 16:11:56.843  1078  1125 I sysui_multi_action: [757,803,799,window_time_0,802,0]
04-28 16:11:56.845  1078  2123 I wm_task_removed: [5,removeAppToken: last token]
04-28 16:11:56.845  1078  2123 I am_remove_task: [5,1]
04-28 16:11:56.845  2922  2922 I am_on_resume_called: [0,com.ecarx.provision.guide.GuideHelloActivity,RESUME_ACTIVITY]
04-28 16:11:56.845  1078  2123 I wm_task_removed: [5,removeTask]
04-28 16:11:56.849  1078  2123 I wm_stack_removed: 1
04-28 16:11:56.855  1078  3303 I dvm_lock_sample: [system_server,1,Binder:1078_11,30,ActivityManagerService.java,20551,int com.android.server.am.ActivityManagerService.bindService(android.app.IApplicationThread, android.os.IBinder, android.content.Intent, java.lang.String, android.app.IServiceConnection, int, java.lang.String, int),-,21980,int com.android.server.am.ActivityManagerService.broadcastIntent(android.app.IApplicationThread, android.content.Intent, java.lang.String, android.content.IIntentReceiver, int, java.lang.String, android.os.Bundle, java.lang.String[], int, android.os.Bundle, boolean, boolean, int),6]
04-28 16:11:56.931  1078  1190 I commit_sys_config_file: [settings-3-0,171]
04-28 16:11:57.118  1078  1692 I dvm_lock_sample: [system_server,1,Binder:1078_7,12,PackageManagerService.java,5328,int com.android.server.pm.PackageManagerService.checkUidPermission(java.lang.String, int),-,8024,android.content.pm.ParceledListSlice com.android.server.pm.PackageManagerService.getInstalledApplications(int, int),2]
04-28 16:11:57.212  1078  2451 I dvm_lock_sample: [system_server,1,Binder:1078_C,46,PackageManagerService.java,5328,int com.android.server.pm.PackageManagerService.checkUidPermission(java.lang.String, int),-,4061,android.content.pm.PackageInfo com.android.server.pm.PackageManagerService.getPackageInfoInternal(java.lang.String, long, int, int, int),9]
04-28 16:11:57.219  1078  1132 I commit_sys_config_file: [overlays,99]
04-28 16:11:57.236  1078  1190 I commit_sys_config_file: [settings-3-0,79]
04-28 16:11:57.257  1078  1078 I notification_enqueue: [10069,3304,ecarx.xsf.mediacenter,10001,NULL,0,Notification(channel=ecarx.xsf.mediacenter pri=0 contentView=null vibrate=null sound=null tick defaults=0x0 flags=0x40 color=0x00000000 vis=PRIVATE),0]
04-28 16:11:57.285  3219  3219 I liblog  : 79
04-28 16:11:57.307  1078  1078 I notification_cancel_all: [1000,1078,ecarx.calendar.louder.highlight2,0,0,0,5,NULL]
04-28 16:11:57.375  1078  1097 I dvm_lock_sample: [system_server,1,Binder:1078_1,7,PackageManagerService.java,5328,int com.android.server.pm.PackageManagerService.checkUidPermission(java.lang.String, int),-,4061,android.content.pm.PackageInfo com.android.server.pm.PackageManagerService.getPackageInfoInternal(java.lang.String, long, int, int, int),1]
04-28 16:11:57.441  1078  1170 I commit_sys_config_file: [package-session,130]
04-28 16:11:57.442  1078  1078 I commit_sys_config_file: [notification-policy,134]
04-28 16:11:57.523  2907  2907 I service_manager_slow: [56,location]
04-28 16:11:57.802  1078  1132 I commit_sys_config_file: [overlays,40]
04-28 16:11:57.866  1078  1132 I commit_sys_config_file: [overlays,43]
04-28 16:11:57.866  1078  1678 I dvm_lock_sample: [system_server,1,Binder:1078_6,41,OverlayManagerService.java,548,boolean com.android.server.om.OverlayManagerService$1.setEnabledExclusive(java.lang.String, boolean, int),-,789,void com.android.server.om.OverlayManagerService.lambda$schedulePersistSettings$1(com.android.server.om.OverlayManagerService),8]
04-28 16:11:57.879  1078  1677 I dvm_lock_sample: [system_server,1,Binder:1078_5,14,PackageManagerService.java,5328,int com.android.server.pm.PackageManagerService.checkUidPermission(java.lang.String, int),-,7896,android.content.pm.ParceledListSlice com.android.server.pm.PackageManagerService.getInstalledPackages(int, int),2]
04-28 16:11:57.882  1078  1078 I notification_cancel_all: [1000,1078,ecarx.calendar.louder.highlight3,0,0,0,5,NULL]
04-28 16:11:57.994  1078  2123 I sysui_multi_action: [757,856,758,1,806,ecarx.naviservice,857,ecarx.naviservice.main,858,4]
04-28 16:11:58.016  1078  2123 I am_uid_active: 10032
04-28 16:11:58.034  1078  1127 I am_proc_start: [0,3538,10095,com.autonavi.amapauto:locationservice,service,com.autonavi.amapauto/com.amap.api.service.AMapService]
04-28 16:11:58.110  1078  1078 I commit_sys_config_file: [notification-policy,227]
04-28 16:11:58.140  1078  1078 I commit_sys_config_file: [notification-policy,20]
04-28 16:11:58.141  1078  1078 I notification_enqueue: [10032,3335,ecarx.naviservice,1,NULL,0,Notification(channel=ecarx.naviservice.main pri=0 contentView=null vibrate=null sound=null defaults=0x0 flags=0x40 color=0xff607d8b vis=PRIVATE),0]
04-28 16:11:58.225  1078  1127 I am_proc_start: [0,3563,1000,com.ecarx.xcttsservice,service,com.ecarx.xcttsservice/.XCTtsService]
04-28 16:11:58.329  1078  1098 I am_proc_bound: [0,3538,com.autonavi.amapauto:locationservice]
04-28 16:11:58.335  1078  2531 I am_proc_bound: [0,3563,com.ecarx.xcttsservice]
04-28 16:11:58.582  1078  1138 I commit_sys_config_file: [package-user-0,13]
04-28 16:11:58.754  1078  1098 I sysui_multi_action: [757,856,758,1,806,com.android.providers.downloads,857,active,858,1]
04-28 16:11:58.804  1078  2531 I dvm_lock_sample: [system_server,1,Binder:1078_D,234,OverlayManagerService.java,513,android.content.om.OverlayInfo com.android.server.om.OverlayManagerService$1.getOverlayInfo(java.lang.String, int),-,548,boolean com.android.server.om.OverlayManagerService$1.setEnabledExclusive(java.lang.String, boolean, int),46]
04-28 16:11:58.820  1078  1078 I commit_sys_config_file: [notification-policy,66]
04-28 16:11:58.821  1078  1693 I sysui_multi_action: [757,856,758,1,806,com.android.providers.downloads,857,waiting,858,3]
04-28 16:11:58.821  1078  1132 I commit_sys_config_file: [overlays,17]
04-28 16:11:58.823  1078  1693 I sysui_multi_action: [757,856,758,1,806,com.android.providers.downloads,857,complete,858,3]
04-28 16:11:58.927  1078  1534 I dvm_lock_sample: [system_server,1,Binder:1078_4,105,PackageManagerService.java,4061,android.content.pm.PackageInfo com.android.server.pm.PackageManagerService.getPackageInfoInternal(java.lang.String, long, int, int, int),-,5328,int com.android.server.pm.PackageManagerService.checkUidPermission(java.lang.String, int),21]
04-28 16:11:58.940  1078  1078 I commit_sys_config_file: [notification-policy,119]
04-28 16:11:59.020  1078  1078 I commit_sys_config_file: [notification-policy,80]
04-28 16:11:59.427  3342  3342 I liblog  : 140
04-28 16:11:59.656  1078  3074 I dvm_lock_sample: [system_server,1,Binder:1078_10,749,OverlayManagerService.java,513,android.content.om.OverlayInfo com.android.server.om.OverlayManagerService$1.getOverlayInfo(java.lang.String, int),-,548,boolean com.android.server.om.OverlayManagerService$1.setEnabledExclusive(java.lang.String, boolean, int),100]
04-28 16:11:59.690  1078  1124 I am_pss  : [2922,1000,com.ecarx.provision,45219840,40919040,0,96403456,0,2,47]
04-28 16:12:00.348  3342  3630 I liblog  : 207
04-28 16:12:00.444  1078  1534 I am_uid_running: 10007
04-28 16:12:00.464  1078  1127 I am_proc_start: [0,3667,10007,com.ecarx.diagnostic,broadcast,com.ecarx.diagnostic/.receiver.MediaBroadcastReceiver]
04-28 16:12:00.488  1078  1534 I am_proc_bound: [0,3667,com.ecarx.diagnostic]
04-28 16:12:00.556  1078  1534 I am_uid_running: 10056
04-28 16:12:00.572  1078  1127 I am_proc_start: [0,3683,10056,ecarx.gallery,broadcast,ecarx.gallery/com.ecarx.extendsapi.usb.USBStatusReceiver]
04-28 16:12:00.595  1078  1534 I am_proc_bound: [0,3683,ecarx.gallery]
04-28 16:12:01.134  1078  1132 I commit_sys_config_file: [overlays,1478]
04-28 16:12:01.135  1078  1131 I dvm_lock_sample: [system_server,0,android.fg,1478,OverlayManagerService.java,734,void com.android.server.om.OverlayManagerService.updateOverlayPaths(int, java.util.List),-,789,void com.android.server.om.OverlayManagerService.lambda$schedulePersistSettings$1(com.android.server.om.OverlayManagerService),100]
04-28 16:12:01.136  1078  3074 I dvm_lock_sample: [system_server,1,Binder:1078_10,1478,OverlayManagerService.java,513,android.content.om.OverlayInfo com.android.server.om.OverlayManagerService$1.getOverlayInfo(java.lang.String, int),-,789,void com.android.server.om.OverlayManagerService.lambda$schedulePersistSettings$1(com.android.server.om.OverlayManagerService),100]
04-28 16:12:01.136  1078  2531 I dvm_lock_sample: [system_server,1,Binder:1078_D,1479,OverlayManagerService.java,513,android.content.om.OverlayInfo com.android.server.om.OverlayManagerService$1.getOverlayInfo(java.lang.String, int),-,789,void com.android.server.om.OverlayManagerService.lambda$schedulePersistSettings$1(com.android.server.om.OverlayManagerService),100]
04-28 16:12:01.442  1078  2123 I sysui_count: [fingerprintd_openhal_error,1]
04-28 16:12:01.442  1078  2123 I sysui_multi_action: [757,803,799,fingerprintd_openhal_error,802,1]
04-28 16:12:01.446  1078  1534 I am_uid_running: 10097
04-28 16:12:01.476  1078  1127 I am_proc_start: [0,3721,10097,com.ecarx.statistics,service,com.ecarx.statistics/.statistic.StatisticService]
04-28 16:12:01.518  1078  1534 I am_proc_bound: [0,3721,com.ecarx.statistics]
04-28 16:12:01.522  1078  1534 I am_uid_active: 10097
04-28 16:12:01.544  1078  1534 I am_uid_running: 10066
04-28 16:12:01.549  1078  2531 I sysui_count: [fingerprintd_openhal_error,1]
04-28 16:12:01.549  1078  2531 I sysui_multi_action: [757,803,799,fingerprintd_openhal_error,802,1]
04-28 16:12:01.554  1078  1127 I am_proc_start: [0,3747,1000,com.ecarx.privatelocking,service,com.ecarx.privatelocking/.service.PrivateLockingService]
04-28 16:12:01.556  1078  1190 I commit_sys_config_file: [settings-3-0,49]
04-28 16:12:01.572  1078  1127 I am_proc_start: [0,3754,10066,net.easyconn,broadcast,net.easyconn/.broadcast.UsbDeviceDetector]
04-28 16:12:01.613  1078  1132 I commit_sys_config_file: [overlays,35]
04-28 16:12:01.619  1078  2123 I am_wtf  : [0,1078,system_server,-1,ActivityManager,Sending non-protected broadcast ecarx.intent.action.voice.boot.completed from system 3342:com.ecarx.xiaoka/1000 pkg com.ecarx.xiaoka]
04-28 16:12:01.630  1078  2123 I am_wtf  : [0,1078,system_server,-1,ActivityManager,Sending non-protected broadcast ecarx.intent.action.voice.boot.completed from system 3342:com.ecarx.xiaoka/1000 pkg com.ecarx.xiaoka]
04-28 16:12:01.634  1078  1098 I am_proc_bound: [0,3754,net.easyconn]
04-28 16:12:01.697  1078  1098 I am_proc_bound: [0,3747,com.ecarx.privatelocking]
04-28 16:12:01.733  1078  2123 I am_crash: [3721,0,com.ecarx.statistics,952680005,java.lang.NullPointerException,Attempt to invoke virtual method 'java.lang.String com.ecarx.sdk.device.DeviceAPI.getIHUID()' on a null object reference,StatisticService.java,147]
04-28 16:12:01.735  1078  2123 I sysui_action: [316,-1]
04-28 16:12:01.735  1078  2123 I sysui_multi_action: [757,316,758,4,759,-1]
04-28 16:12:01.890  1078  1693 I am_proc_died: [0,3721,com.ecarx.statistics,0,4]
04-28 16:12:01.891  1078  1693 I am_schedule_service_restart: [0,com.ecarx.statistics/.statistic.StatisticService,1000]
04-28 16:12:01.891  1078  1693 I am_uid_stopped: 10097
04-28 16:12:02.330  1078  2123 I am_uid_running: 10019
04-28 16:12:02.371  1078  1127 I am_proc_start: [0,3819,10019,com.android.managedprovisioning,broadcast,com.android.managedprovisioning/.ota.PreBootListener]
04-28 16:12:02.432  1078  2150 I am_proc_bound: [0,3819,com.android.managedprovisioning]
04-28 16:12:02.484  1078  1132 I commit_sys_config_file: [overlays,42]
04-28 16:12:02.552  1078  1190 I commit_sys_config_file: [settings-3-0,66]
04-28 16:12:02.573  1078  1693 I am_pre_boot: [0,com.android.providers.calendar]
04-28 16:12:02.586  1078  1078 I notification_enqueue: [1000,1078,android,13,PreBootBroadcaster,0,Notification(channel=UPDATES pri=0 contentView=null vibrate=null sound=null tick defaults=0x0 flags=0x2 color=0xff607d8b vis=PUBLIC),1]
04-28 16:12:02.592  1078  1125 I am_uid_running: 10076
04-28 16:12:02.594  1078  1126 I dvm_lock_sample: [system_server,1,android.ui,17,ActivityManagerService.java,4906,void com.android.server.am.ActivityManagerService.dispatchUidsChanged(),BroadcastQueue.java,824,void com.android.server.am.BroadcastQueue.processNextBroadcast(boolean),3]
04-28 16:12:02.605  1078  1127 I am_proc_start: [0,3842,10076,com.android.gallery3d,broadcast,com.android.gallery3d/.app.PackagesMonitor]
04-28 16:12:02.678  1078  1693 I am_proc_bound: [0,3842,com.android.gallery3d]
04-28 16:12:02.891  1078  1125 I am_uid_running: 10097
04-28 16:12:02.921  1078  1125 I am_uid_running: 10017
04-28 16:12:02.923  1078  1127 I am_proc_start: [0,3867,10097,com.ecarx.statistics,service,com.ecarx.statistics/.statistic.StatisticService]
04-28 16:12:02.952  1078  1127 I am_proc_start: [0,3874,10017,com.android.providers.calendar,broadcast,com.android.providers.calendar/.CalendarUpgradeReceiver]
04-28 16:12:02.981  1078  2735 I am_proc_bound: [0,3867,com.ecarx.statistics]
04-28 16:12:02.982  1078  2735 I am_uid_active: 10097
04-28 16:12:03.018  1078  1132 I commit_sys_config_file: [overlays,8]
04-28 16:12:03.024  1078  2735 I am_proc_bound: [0,3874,com.android.providers.calendar]
04-28 16:12:03.035  1078  1132 I commit_sys_config_file: [overlays,13]
04-28 16:12:03.173  1078  3074 I am_crash: [3867,0,com.ecarx.statistics,952680005,java.lang.NullPointerException,Attempt to invoke virtual method 'java.lang.String com.ecarx.sdk.device.DeviceAPI.getIHUID()' on a null object reference,StatisticService.java,147]
04-28 16:12:03.175  1078  3074 I sysui_action: [316,-1]
04-28 16:12:03.175  1078  3074 I sysui_multi_action: [757,316,758,4,759,-1]
04-28 16:12:03.267  1078  2735 I am_proc_died: [0,3867,com.ecarx.statistics,0,4]
04-28 16:12:03.267  1078  2735 I am_schedule_service_restart: [0,com.ecarx.statistics/.statistic.StatisticService,3600000]
04-28 16:12:03.267  1078  2735 I am_uid_stopped: 10097
04-28 16:12:03.346  3874  3874 I calendar_upgrade_receiver: 48
04-28 16:12:03.348  1078  2735 I am_pre_boot: [0,com.android.providers.contacts]
04-28 16:12:03.350  1078  1078 I notification_enqueue: [1000,1078,android,13,PreBootBroadcaster,0,Notification(channel=UPDATES pri=0 contentView=null vibrate=null sound=null tick defaults=0x0 flags=0x2 color=0xff607d8b vis=PUBLIC),1]
04-28 16:12:03.351  1078  2735 I am_kill : [0,1860,com.android.settings:CryptKeeper,904,empty #17]
04-28 16:12:03.414  1078  1127 I am_proc_start: [0,3910,1000,com.ecarx.settings,broadcast,com.ecarx.settings/.vehicle.setting.widget.EngineStopStartWidget]
04-28 16:12:03.513  1078  2735 I am_proc_bound: [0,3910,com.ecarx.settings]
04-28 16:12:03.597  1078  3074 I am_proc_died: [0,1860,com.android.settings:CryptKeeper,904,18]
04-28 16:12:03.637  1078  1132 I commit_sys_config_file: [overlays,30]
04-28 16:12:03.877  1078  2531 I am_uid_active: 10095
04-28 16:12:04.029  1078  1132 I commit_sys_config_file: [overlays,24]
04-28 16:12:04.430  1078  1132 I commit_sys_config_file: [overlays,25]
04-28 16:12:06.282  1078  1132 I commit_sys_config_file: [overlays,1536]
04-28 16:12:06.283  1078  1131 I dvm_lock_sample: [system_server,0,android.fg,1536,OverlayManagerService.java,734,void com.android.server.om.OverlayManagerService.updateOverlayPaths(int, java.util.List),-,789,void com.android.server.om.OverlayManagerService.lambda$schedulePersistSettings$1(com.android.server.om.OverlayManagerService),100]
04-28 16:12:06.283  1078  3303 I dvm_lock_sample: [system_server,1,Binder:1078_11,1537,OverlayManagerService.java,513,android.content.om.OverlayInfo com.android.server.om.OverlayManagerService$1.getOverlayInfo(java.lang.String, int),-,789,void com.android.server.om.OverlayManagerService.lambda$schedulePersistSettings$1(com.android.server.om.OverlayManagerService),100]
04-28 16:12:06.287  1078  2735 I dvm_lock_sample: [system_server,1,Binder:1078_E,610,AppWidgetServiceImpl.java,1492,android.os.Bundle com.android.server.appwidget.AppWidgetServiceImpl.getAppWidgetOptions(java.lang.String, int),-,4177,void com.android.server.appwidget.AppWidgetServiceImpl$SaveStateRunnable.run(),100]
04-28 16:12:06.610  1078  1132 I commit_sys_config_file: [overlays,7]
04-28 16:12:06.921  1078  1132 I commit_sys_config_file: [overlays,18]
04-28 16:12:07.013  1078  2735 I am_wtf  : [0,1078,system_server,-1,ActivityManager,Sending non-protected broadcast com.android.server.ThemeManager.action.THEME_APPLIED from system 1501:com.ecarx.theme.service/1000 pkg com.ecarx.theme.service]
04-28 16:12:07.019  1078  2735 I am_wtf  : [0,1078,system_server,-1,ActivityManager,Sending non-protected broadcast com.android.server.ThemeManager.action.THEME_APPLIED from system 1501:com.ecarx.theme.service/1000 pkg com.ecarx.theme.service]
04-28 16:12:07.354  1078  1124 I am_pss  : [2736,1000,com.qualcomm.qti.qdma,6071296,4734976,0,56619008,0,9,43]
04-28 16:12:07.401  1078  1124 I am_pss  : [2796,1000,com.qualcomm.qti.smq,4192256,3227648,0,50626560,0,9,40]
04-28 16:12:07.447  1078  1124 I am_pss  : [2711,1001,com.qualcomm.qcrilmsgtunnel,3659776,2748416,0,49221632,0,9,40]
04-28 16:12:07.490  1078  1124 I am_pss  : [2678,10053,com.baidu.input,14324736,8708096,0,58212352,0,18,39]
04-28 16:12:07.536  1078  1124 I am_pss  : [2199,10060,com.android.deskclock,6396928,5296128,0,54947840,0,18,41]
04-28 16:12:08.823  1078  1127 I am_proc_start: [0,3962,1000,com.ecarx.parking,broadcast,com.ecarx.parking/.ui.widget.WidgetSapProvider]
04-28 16:12:08.885  1078  1124 I am_pss  : [2942,1000,ecarx.xsf.notificationcenter,10155008,7786496,0,67198976,0,4,38]
04-28 16:12:08.923  1078  1124 I am_pss  : [2928,10010,com.ecarx.systemui.plugin,10046464,8404992,0,55332864,0,4,33]
04-28 16:12:08.991  1078  2123 I am_proc_bound: [0,3962,com.ecarx.parking]
04-28 16:12:08.991  1078  1132 I commit_sys_config_file: [overlays,18]
04-28 16:12:09.105  1078  2123 I am_uid_running: 10097
04-28 16:12:09.127  1078  1127 I am_proc_start: [0,3983,10097,com.ecarx.statistics,service,com.ecarx.statistics/.statistic.StatisticService]
04-28 16:12:09.177  1078  3074 I am_proc_bound: [0,3983,com.ecarx.statistics]
04-28 16:12:09.178  1078  3074 I am_uid_active: 10097
04-28 16:12:09.266  1078  1678 I am_crash: [3983,0,com.ecarx.statistics,952680005,java.lang.NullPointerException,Attempt to invoke virtual method 'java.lang.String com.ecarx.sdk.device.DeviceAPI.getIHUID()' on a null object reference,StatisticService.java,147]
04-28 16:12:09.269  1078  1678 I sysui_action: [316,-1]
04-28 16:12:09.269  1078  1678 I sysui_multi_action: [757,316,758,4,759,-1]
04-28 16:12:09.305  1078  1124 I am_pss  : [2922,1000,com.ecarx.provision,44938240,40910848,0,96403456,0,2,38]
04-28 16:12:09.377  1078  2123 I am_proc_died: [0,3983,com.ecarx.statistics,0,4]
04-28 16:12:09.377  1078  2123 I am_schedule_service_restart: [0,com.ecarx.statistics/.statistic.StatisticService,1000]
04-28 16:12:09.377  1078  2123 I am_uid_stopped: 10097
04-28 16:12:09.528  1078  2531 I am_uid_running: 10016
04-28 16:12:09.572  1078  1127 I am_proc_start: [0,4007,10016,android.process.acore,broadcast,com.android.providers.contacts/.ContactsUpgradeReceiver]
04-28 16:12:09.596  1078  2531 I am_proc_bound: [0,4007,android.process.acore]
04-28 16:12:09.687  1839  1991 I sysui_multi_action: [757,1093,758,4,1094,9437248,1095,4,1359,34270]
04-28 16:12:10.347  4007  4007 I dvm_lock_sample: [android.process.acore,1,main,361,SQLiteOpenHelper.java,297,android.database.sqlite.SQLiteDatabase android.database.sqlite.SQLiteOpenHelper.getWritableDatabase(),SQLiteConnection.java,-2,long android.database.sqlite.SQLiteConnection.nativeOpen(java.lang.String, int, java.lang.String, boolean, boolean, int, int),72]
04-28 16:12:10.349  4007  4027 I dvm_lock_sample: [android.process.acore,0,Worker-1,306,SQLiteOpenHelper.java,297,android.database.sqlite.SQLiteDatabase android.database.sqlite.SQLiteOpenHelper.getWritableDatabase(),SQLiteConnection.java,-2,long android.database.sqlite.SQLiteConnection.nativeOpen(java.lang.String, int, java.lang.String, boolean, boolean, int, int),61]
04-28 16:12:10.352  4007  4026 I dvm_lock_sample: [android.process.acore,0,Worker-1,599,SQLiteOpenHelper.java,321,android.database.sqlite.SQLiteDatabase android.database.sqlite.SQLiteOpenHelper.getReadableDatabase(),SQLiteConnection.java,-2,void android.database.sqlite.SQLiteConnection.nativeFinalizeStatement(long, long),100]
04-28 16:12:10.379  1078  1125 I am_uid_running: 10097
04-28 16:12:10.396  1078  1127 I am_proc_start: [0,4034,10097,com.ecarx.statistics,service,com.ecarx.statistics/.statistic.StatisticService]
04-28 16:12:10.458  1078  2735 I am_proc_bound: [0,4034,com.ecarx.statistics]
04-28 16:12:10.460  1078  2735 I am_uid_active: 10097
04-28 16:12:10.607  1078  2735 I am_crash: [4034,0,com.ecarx.statistics,952680005,java.lang.NullPointerException,Attempt to invoke virtual method 'java.lang.String com.ecarx.sdk.device.DeviceAPI.getIHUID()' on a null object reference,StatisticService.java,147]
04-28 16:12:10.608  1078  2735 I sysui_action: [316,-1]
04-28 16:12:10.608  1078  2735 I sysui_multi_action: [757,316,758,4,759,-1]
04-28 16:12:10.767  1078  2123 I am_proc_died: [0,4034,com.ecarx.statistics,0,4]
04-28 16:12:10.767  1078  2123 I am_schedule_service_restart: [0,com.ecarx.statistics/.statistic.StatisticService,7200000]
04-28 16:12:10.767  1078  2123 I am_uid_stopped: 10097
04-28 16:12:10.779  4007  4024 I dvm_lock_sample: [android.process.acore,0,Worker-1,340,SQLiteOpenHelper.java,321,android.database.sqlite.SQLiteDatabase android.database.sqlite.SQLiteOpenHelper.getReadableDatabase(),SQLiteConnection.java,-2,void android.database.sqlite.SQLiteConnection.nativeExecute(long, long),68]
04-28 16:12:11.089  4007  4007 I contacts_upgrade_receiver: 1295
04-28 16:12:11.090  1078  1678 I am_pre_boot: [0,com.android.providers.media]
04-28 16:12:11.093  1078  1078 I notification_enqueue: [1000,1078,android,13,PreBootBroadcaster,0,Notification(channel=UPDATES pri=0 contentView=null vibrate=null sound=null tick defaults=0x0 flags=0x2 color=0xff607d8b vis=PUBLIC),1]
04-28 16:12:11.115  1078  1678 I am_kill : [0,1914,com.android.provision,906,empty #17]
04-28 16:12:11.216  1078  2531 I am_proc_died: [0,1914,com.android.provision,906,18]
04-28 16:12:11.217  1078  2531 I am_uid_stopped: 10015
04-28 16:12:12.373  1078  2150 I wm_stack_created: 2
04-28 16:12:12.377  1078  2150 I wm_task_created: [6,2]
04-28 16:12:12.380  1078  2150 I wm_task_moved: [6,0,2147483647]
04-28 16:12:12.380  1078  2150 I am_focused_stack: [0,2,0,reuseOrNewTask]
04-28 16:12:12.381  1078  2150 I am_create_task: [0,6]
04-28 16:12:12.381  1078  2150 I am_create_activity: [0,66714291,6,ecarx.membercenter/.stub.EntryActivity,NULL,NULL,NULL,276824064]
04-28 16:12:12.381  1078  2150 I wm_task_moved: [6,0,2147483647]
04-28 16:12:12.389  1078  2150 I am_pause_activity: [0,17666334,com.ecarx.provision/.guide.GuideHelloActivity,userLeaving=true]
04-28 16:12:12.405  2922  2922 I am_on_paused_called: [0,com.ecarx.provision.guide.GuideHelloActivity,performPause]
04-28 16:12:12.411  1078  2150 I am_restart_activity: [0,66714291,6,ecarx.membercenter/.stub.EntryActivity]
04-28 16:12:12.412  1078  2150 I am_set_resumed_activity: [0,ecarx.membercenter/.stub.EntryActivity,minimalResumeActivityLocked]
04-28 16:12:12.422  1078  1125 I sysui_count: [window_time_0,16]
04-28 16:12:12.422  1078  1125 I sysui_multi_action: [757,803,799,window_time_0,802,16]
04-28 16:12:12.444  1078  3303 I wm_stack_created: 3
04-28 16:12:12.455  1078  1176 I dvm_lock_sample: [system_server,1,android.anim,5,WindowAnimator.java,108,void com.android.server.wm.WindowAnimator.lambda$new$1(com.android.server.wm.WindowAnimator, long),WindowManagerService.java,1878,int com.android.server.wm.WindowManagerService.relayoutWindow(com.android.server.wm.Session, android.view.IWindow, int, android.view.WindowManager$LayoutParams, int, int, int, int, long, android.graphics.Rect, android.graphics.Rect, android.graphics.Rect, android.graphics.Rect, android.graphics.Rect, android.graphics.Rect, android.graphics.Rect, android.view.DisplayCutout$ParcelableWrapper, android.util.MergedConfiguration, android.view.Surface),1]
04-28 16:12:12.455  1078  3303 I wm_task_created: [7,3]
04-28 16:12:12.458  1078  3303 I wm_task_moved: [7,0,2147483647]
04-28 16:12:12.461  1078  3303 I am_focused_stack: [0,3,2,reuseOrNewTask]
04-28 16:12:12.462  1078  3303 I am_create_task: [0,7]
04-28 16:12:12.462  1078  3303 I am_create_activity: [0,49810246,7,ecarx.membercenter/.app.provision.ProvisionActivity,NULL,NULL,NULL,268435456]
04-28 16:12:12.462  1078  3303 I wm_task_moved: [7,0,2147483647]
04-28 16:12:12.468  1078  3303 I am_pause_activity: [0,66714291,ecarx.membercenter/.stub.EntryActivity,userLeaving=true]
04-28 16:12:12.474  1078  3303 I am_finish_activity: [0,66714291,6,ecarx.membercenter/.stub.EntryActivity,app-request]
04-28 16:12:12.477  1078  1125 I sysui_count: [window_time_0,0]
04-28 16:12:12.477  1078  1125 I sysui_multi_action: [757,803,799,window_time_0,802,0]
04-28 16:12:12.478  2989  2989 I am_on_create_called: [0,ecarx.membercenter.stub.EntryActivity,performCreate]
04-28 16:12:12.501  1078  2150 I am_restart_activity: [0,49810246,7,ecarx.membercenter/.app.provision.ProvisionActivity]
04-28 16:12:12.502  1078  2150 I am_set_resumed_activity: [0,ecarx.membercenter/.app.provision.ProvisionActivity,minimalResumeActivityLocked]
04-28 16:12:12.513  1078  1125 I sysui_count: [window_time_0,0]
04-28 16:12:12.513  1078  1125 I sysui_multi_action: [757,803,799,window_time_0,802,0]
04-28 16:12:12.540  1078  1124 I am_pss  : [3044,1000,com.ecarx.push,12829696,10792960,0,70172672,0,3,44]
04-28 16:12:12.591  2989  2989 I am_on_create_called: [0,ecarx.membercenter.app.provision.ProvisionActivity,performCreate]
04-28 16:12:12.643  2989  2989 I am_on_start_called: [0,ecarx.membercenter.app.provision.ProvisionActivity,handleStartActivity]
04-28 16:12:12.666  1078  1124 I am_pss  : [1965,1000,com.android.settings,13683712,10190848,0,74842112,0,18,41]
04-28 16:12:12.669  2989  2989 I am_on_resume_called: [0,ecarx.membercenter.app.provision.ProvisionActivity,RESUME_ACTIVITY]
04-28 16:12:13.259  1078  1133 I am_activity_launch_time: [0,49810246,ecarx.membercenter/.app.provision.ProvisionActivity,713,16534]
04-28 16:12:13.261  1078  1124 I sysui_multi_action: [319,246,321,16011,322,16650,325,105,757,761,758,8,759,2,806,ecarx.membercenter,871,ecarx.membercenter.app.provision.ProvisionActivity,904,ecarx.membercenter,905,0,1320,5,1321,1]
04-28 16:12:13.278  1078  3074 I am_stop_activity: [0,17666334,com.ecarx.provision/.guide.GuideHelloActivity]
04-28 16:12:13.279  1078  3074 I am_destroy_activity: [0,66714291,6,ecarx.membercenter/.stub.EntryActivity,finish-imm:activityIdleInternalLocked]
04-28 16:12:13.280  2989  2989 I am_on_destroy_called: [0,ecarx.membercenter.stub.EntryActivity,performDestroy]
04-28 16:12:13.283  1078  3074 I am_uid_active: 10027
04-28 16:12:13.296  1078  3074 I wm_task_removed: [6,removeAppToken: last token]
04-28 16:12:13.296  1078  3074 I am_remove_task: [6,2]
04-28 16:12:13.297  1078  3074 I wm_task_removed: [6,removeTask]
04-28 16:12:13.303  1078  3074 I wm_stack_removed: 2
04-28 16:12:13.357  2922  2922 I am_on_stop_called: [0,com.ecarx.provision.guide.GuideHelloActivity,STOP_ACTIVITY_ITEM]
04-28 16:12:13.825  1078  3303 I am_pre_boot: [0,com.android.settings]
04-28 16:12:13.855  1078  1078 I notification_enqueue: [1000,1078,android,13,PreBootBroadcaster,0,Notification(channel=UPDATES pri=0 contentView=null vibrate=null sound=null tick defaults=0x0 flags=0x2 color=0xff607d8b vis=PUBLIC),1]
04-28 16:12:13.857  1078  3303 I am_pre_boot: [0,com.chima.vulcan]
04-28 16:12:13.882  1078  1127 I am_proc_start: [0,4091,1000,com.chima.vulcan,broadcast,com.chima.vulcan/com.chima.android.core.BootReceiver]
04-28 16:12:13.928  1078  3303 I am_proc_bound: [0,4091,com.chima.vulcan]
04-28 16:12:13.933  1078  1078 I notification_enqueue: [1000,1078,android,13,PreBootBroadcaster,0,Notification(channel=UPDATES pri=0 contentView=null vibrate=null sound=null tick defaults=0x0 flags=0x2 color=0xff607d8b vis=PUBLIC),1]
04-28 16:12:13.947  1078  1124 I am_pss  : [3219,10095,com.autonavi.amapauto:adiu,12710912,5042176,0,65101824,0,18,42]
04-28 16:12:14.031  1078  3303 I sysui_multi_action: [757,856,758,1,806,com.ecarx.sdk.openapi,857,XCOpenAPIService,858,3]
04-28 16:12:14.041  1078  1078 I commit_sys_config_file: [sync-accounts,13]
04-28 16:12:14.060  1078  1078 I commit_sys_config_file: [notification-policy,16]
04-28 16:12:14.094  1078  1078 I sysui_multi_action: [757,128,758,5,759,8,793,25894,794,0,795,161,796,13,797,PreBootBroadcaster,806,android,857,UPDATES,858,2,947,0]
04-28 16:12:14.094  1078  1078 I notification_canceled: [0|android|13|PreBootBroadcaster|1000,8,25894,161,0,-1,-1,NULL]
04-28 16:12:14.107  1078  1078 I notification_enqueue: [10027,3203,com.ecarx.sdk.openapi,101,NULL,0,Notification(channel=XCOpenAPIService pri=0 contentView=null vibrate=null sound=null defaults=0x0 flags=0x40 color=0xff607d8b vis=PRIVATE),0]
04-28 16:12:14.431  1078  2150 I am_uid_running: 10045
04-28 16:12:14.451  1078  1127 I am_proc_start: [0,4128,10045,com.qihoo360.vehiclesafe,service,com.qihoo360.vehiclesafe/.service.SecurityGuardService]
04-28 16:12:14.490  1078  3303 I am_proc_bound: [0,4128,com.qihoo360.vehiclesafe]
04-28 16:12:15.659  1078  2150 I am_create_activity: [0,73909632,7,com.ecarx.provision/.guide.GuideActivationSuccessActivity,NULL,NULL,NULL,0]
04-28 16:12:15.670  1078  2150 I am_pause_activity: [0,49810246,ecarx.membercenter/.app.provision.ProvisionActivity,userLeaving=true]
04-28 16:12:15.678  1078  3074 I am_finish_activity: [0,49810246,7,ecarx.membercenter/.app.provision.ProvisionActivity,app-request]
04-28 16:12:15.683  1078  1125 I sysui_count: [window_time_0,3]
04-28 16:12:15.683  1078  1125 I sysui_multi_action: [757,803,799,window_time_0,802,3]
04-28 16:12:15.684  2989  2989 I am_on_paused_called: [0,ecarx.membercenter.app.provision.ProvisionActivity,performPause]
04-28 16:12:15.692  1078  2150 I am_restart_activity: [0,73909632,7,com.ecarx.provision/.guide.GuideActivationSuccessActivity]
04-28 16:12:15.695  1078  2150 I am_set_resumed_activity: [0,com.ecarx.provision/.guide.GuideActivationSuccessActivity,minimalResumeActivityLocked]
04-28 16:12:15.706  1078  1125 I sysui_count: [window_time_0,0]
04-28 16:12:15.706  1078  1125 I sysui_multi_action: [757,803,799,window_time_0,802,0]
04-28 16:12:15.728  2922  2922 I am_on_create_called: [0,com.ecarx.provision.guide.GuideActivationSuccessActivity,performCreate]
04-28 16:12:15.732  2922  2922 I am_on_start_called: [0,com.ecarx.provision.guide.GuideActivationSuccessActivity,handleStartActivity]
04-28 16:12:15.734  2922  2922 I am_on_resume_called: [0,com.ecarx.provision.guide.GuideActivationSuccessActivity,RESUME_ACTIVITY]
04-28 16:12:15.770  1078  1124 I am_pss  : [3235,1000,com.ecarx.screensaver,8711168,7282688,0,63733760,0,9,42]
04-28 16:12:15.829  1078  1133 I am_activity_launch_time: [0,73909632,com.ecarx.provision/.guide.GuideActivationSuccessActivity,122,122]
04-28 16:12:15.893  1078  1124 I am_pss  : [3084,1000,com.ecarx.pki,5453824,4288512,0,54620160,0,3,34]
04-28 16:12:15.896  1078  1124 I sysui_multi_action: [319,153,322,152,325,124,757,761,758,8,759,2,806,com.ecarx.provision,871,com.ecarx.provision.guide.GuideActivationSuccessActivity,904,ecarx.membercenter,905,0,1320,5,1321,1]
04-28 16:12:16.093  1078  1125 I am_destroy_activity: [0,49810246,7,ecarx.membercenter/.app.provision.ProvisionActivity,finish-imm:activityIdleInternalLocked]
04-28 16:12:16.168  2989  2989 I am_on_stop_called: [0,ecarx.membercenter.app.provision.ProvisionActivity,LIFECYCLER_STOP_ACTIVITY]
04-28 16:12:16.177  2989  2989 I am_on_destroy_called: [0,ecarx.membercenter.app.provision.ProvisionActivity,performDestroy]
04-28 16:12:17.194  1078  2123 I commit_sys_config_file: [settings-0-0,10]
04-28 16:12:17.201  1078  2123 I am_finish_activity: [0,73909632,7,com.ecarx.provision/.guide.GuideActivationSuccessActivity,app-request]
04-28 16:12:17.202  1078  2123 I am_focused_stack: [0,0,3,finishActivity adjustFocus]
04-28 16:12:17.202  1078  2123 I wm_task_moved: [4,0,2147483647]
04-28 16:12:17.203  1078  2123 I am_pause_activity: [0,73909632,com.ecarx.provision/.guide.GuideActivationSuccessActivity,userLeaving=false]
04-28 16:12:17.206  1078  1125 I sysui_count: [window_time_0,1]
04-28 16:12:17.207  1078  1125 I sysui_multi_action: [757,803,799,window_time_0,802,1]
04-28 16:12:17.208  1078  1124 I am_pss  : [1547,1000,com.android.car,12428288,10743808,0,66220032,0,0,45]
04-28 16:12:17.209  1078  3303 I am_finish_activity: [0,17666334,4,com.ecarx.provision/.guide.GuideHelloActivity,app-request]
04-28 16:12:17.210  1078  3303 I wm_task_moved: [4,0,2147483647]
04-28 16:12:17.211  1078  3303 I am_destroy_activity: [0,17666334,4,com.ecarx.provision/.guide.GuideHelloActivity,finish-imm:finishActivityLocked]
04-28 16:12:17.219  1078  1125 I sysui_count: [window_time_0,0]
04-28 16:12:17.219  1078  1125 I sysui_multi_action: [757,803,799,window_time_0,802,0]
04-28 16:12:17.219  2922  2922 I am_on_paused_called: [0,com.ecarx.provision.guide.GuideActivationSuccessActivity,performPause]
04-28 16:12:17.221  1078  2150 I am_destroy_activity: [0,73909632,7,com.ecarx.provision/.guide.GuideActivationSuccessActivity,finish-imm:completedPausedLocked]
04-28 16:12:17.225  1078  2150 I wm_task_moved: [4,0,2147483647]
04-28 16:12:17.230  1078  2150 I wm_task_created: [8,0]
04-28 16:12:17.233  1078  2150 I wm_task_moved: [8,0,2147483647]
04-28 16:12:17.234  1078  2150 I am_create_task: [0,8]
04-28 16:12:17.235  1078  2150 I am_create_activity: [0,29562459,8,ecarx.launcher3/.Launcher,android.intent.action.MAIN,NULL,NULL,268435712]
04-28 16:12:17.235  1078  2150 I wm_task_moved: [8,0,2147483647]
04-28 16:12:17.248  2922  2922 I am_on_destroy_called: [0,com.ecarx.provision.guide.GuideHelloActivity,performDestroy]
04-28 16:12:17.259  2922  2922 I am_on_stop_called: [0,com.ecarx.provision.guide.GuideActivationSuccessActivity,LIFECYCLER_STOP_ACTIVITY]
04-28 16:12:17.269  1078  3303 I wm_task_removed: [4,removeAppToken: last token]
04-28 16:12:17.269  2922  2922 I am_on_destroy_called: [0,com.ecarx.provision.guide.GuideActivationSuccessActivity,performDestroy]
04-28 16:12:17.269  1078  3303 I am_remove_task: [4,0]
04-28 16:12:17.270  1078  3303 I wm_task_removed: [4,removeTask]
04-28 16:12:17.299  1078  3303 I wm_task_removed: [7,removeAppToken: last token]
04-28 16:12:17.301  1078  3303 I am_remove_task: [7,3]
04-28 16:12:17.301  1078  3303 I wm_task_removed: [7,removeTask]
04-28 16:12:17.310  1078  3303 I wm_stack_removed: 3
04-28 16:12:17.314  1078  1127 I am_proc_start: [0,4179,1000,ecarx.launcher3,activity,ecarx.launcher3/.Launcher]
04-28 16:12:17.342  1078  2123 I am_proc_bound: [0,4179,ecarx.launcher3]
04-28 16:12:17.352  1078  2123 I am_restart_activity: [0,29562459,8,ecarx.launcher3/.Launcher]
04-28 16:12:17.355  1078  2123 I am_set_resumed_activity: [0,ecarx.launcher3/.Launcher,minimalResumeActivityLocked]
04-28 16:12:17.414  1078  1124 I am_pss  : [3304,10069,ecarx.xsf.mediacenter,10158080,8339456,0,67014656,0,3,50]
04-28 16:12:17.426  1078  1133 I dvm_lock_sample: [system_server,1,android.display,27,WindowManagerService.java,4991,void com.android.server.wm.WindowManagerService$H.handleMessage(android.os.Message),-,1878,int com.android.server.wm.WindowManagerService.relayoutWindow(com.android.server.wm.Session, android.view.IWindow, int, android.view.WindowManager$LayoutParams, int, int, int, int, long, android.graphics.Rect, android.graphics.Rect, android.graphics.Rect, android.graphics.Rect, android.graphics.Rect, android.graphics.Rect, android.graphics.Rect, android.view.DisplayCutout$ParcelableWrapper, android.util.MergedConfiguration, android.view.Surface),5]
04-28 16:12:17.500  1078  1124 I am_pss  : [3016,10079,com.android.printspooler,4080640,3231744,0,49569792,0,18,41]
04-28 16:12:17.544  1078  1133 I dvm_lock_sample: [system_server,1,android.display,5,WindowManagerService.java,4991,void com.android.server.wm.WindowManagerService$H.handleMessage(android.os.Message),-,1878,int com.android.server.wm.WindowManagerService.relayoutWindow(com.android.server.wm.Session, android.view.IWindow, int, android.view.WindowManager$LayoutParams, int, int, int, int, long, android.graphics.Rect, android.graphics.Rect, android.graphics.Rect, android.graphics.Rect, android.graphics.Rect, android.graphics.Rect, android.graphics.Rect, android.view.DisplayCutout$ParcelableWrapper, android.util.MergedConfiguration, android.view.Surface),1]
04-28 16:12:17.587  1078  1124 I am_pss  : [3393,1000,ecarx.xsf.inputservice,4953088,4059136,0,51830784,0,9,43]
04-28 16:12:17.670  1078  2531 I am_wtf  : [0,1078,system_server,-1,ActivityManager,Sending non-protected broadcast com.ecarx.systemui.plugin.RECENT_CHANGE from system 1839:com.android.systemui/u0a10 pkg com.android.systemui]
04-28 16:12:17.682  1078  2531 I am_wtf  : [0,1078,system_server,-1,ActivityManager,Sending non-protected broadcast com.ecarx.systemui.plugin.RECENT_CHANGE from system 1839:com.android.systemui/u0a10 pkg com.android.systemui]
04-28 16:12:17.713  1078  1125 I dvm_lock_sample: [system_server,1,ActivityManager,32,BroadcastQueue.java,824,void com.android.server.am.BroadcastQueue.processNextBroadcast(boolean),ActivityManagerService.java,21980,int com.android.server.am.ActivityManagerService.broadcastIntent(android.app.IApplicationThread, android.content.Intent, java.lang.String, android.content.IIntentReceiver, int, java.lang.String, android.os.Bundle, java.lang.String[], int, android.os.Bundle, boolean, boolean, int),6]
04-28 16:12:17.714  1078  1124 I am_pss  : [1839,10010,com.android.systemui,153295872,143589376,0,198729728,0,0,56]
04-28 16:12:17.796  1078  1124 I am_pss  : [1816,1001,com.android.phone,11314176,10104832,0,62468096,0,0,36]
04-28 16:12:17.827  1078  1078 I am_uid_running: 10073
04-28 16:12:17.851  1078  1124 I am_pss  : [1795,1000,com.lge.car,7783424,6545408,0,58744832,0,0,38]
04-28 16:12:17.871  1078  1127 I am_proc_start: [0,4231,10073,com.ecarx.mycar,broadcast,com.ecarx.mycar/ecarx.drivingscore.service.BootReceiver]
04-28 16:12:17.926  1078  3303 I am_proc_bound: [0,4231,com.ecarx.mycar]
04-28 16:12:17.983  1078  4229 I dropbox_file_copy: [/sys/fs/pstore/console-ramoops-0,-98304,SYSTEM_LAST_KMSG]
04-28 16:12:18.039  1078  4229 I sysui_histogram: [boot_mount_all_duration_default,148]
04-28 16:12:18.039  1078  4229 I sysui_multi_action: [757,804,799,boot_mount_all_duration_default,801,148,802,1]
04-28 16:12:18.040  1078  4229 I sysui_histogram: [boot_fs_stat_userdata,3]
04-28 16:12:18.040  1078  4229 I sysui_multi_action: [757,804,799,boot_fs_stat_userdata,801,3,802,1]
04-28 16:12:18.040  1078  4229 I sysui_histogram: [boot_fs_stat_dsp_a,3]
04-28 16:12:18.040  1078  4229 I sysui_multi_action: [757,804,799,boot_fs_stat_dsp_a,801,3,802,1]
04-28 16:12:18.040  1078  4229 I sysui_histogram: [boot_fs_stat_persist,67]
04-28 16:12:18.040  1078  4229 I sysui_multi_action: [757,804,799,boot_fs_stat_persist,801,67,802,1]
04-28 16:12:18.040  1078  4229 I sysui_histogram: [boot_fs_stat_persist-lg,3]
04-28 16:12:18.040  1078  4229 I sysui_multi_action: [757,804,799,boot_fs_stat_persist-lg,801,3,802,1]
04-28 16:12:18.041  1078  4229 I sysui_histogram: [boot_fs_stat_navi,3]
04-28 16:12:18.041  1078  4229 I sysui_multi_action: [757,804,799,boot_fs_stat_navi,801,3,802,1]
04-28 16:12:18.041  1078  4229 I sysui_histogram: [boot_fs_stat_vr_a,3]
04-28 16:12:18.041  1078  4229 I sysui_multi_action: [757,804,799,boot_fs_stat_vr_a,801,3,802,1]
04-28 16:12:18.041  1078  4229 I sysui_histogram: [boot_fs_stat_log,3]
04-28 16:12:18.041  1078  4229 I sysui_multi_action: [757,804,799,boot_fs_stat_log,801,3,802,1]
04-28 16:12:18.041  1078  4229 I sysui_histogram: [boot_fs_stat_localconfig,3]
04-28 16:12:18.041  1078  4229 I sysui_multi_action: [757,804,799,boot_fs_stat_localconfig,801,3,802,1]
04-28 16:12:18.041  1078  4229 I sysui_histogram: [boot_fs_stat_reserved,3]
04-28 16:12:18.041  1078  4229 I sysui_multi_action: [757,804,799,boot_fs_stat_reserved,801,3,802,1]
04-28 16:12:18.049  1078  3303 I dvm_lock_sample: [system_server,1,Binder:1078_11,121,PackageManagerService.java,8309,android.content.pm.ParceledListSlice com.android.server.pm.PackageManagerService.queryContentProviders(java.lang.String, int, int, java.lang.String),-,7896,android.content.pm.ParceledListSlice com.android.server.pm.PackageManagerService.getInstalledPackages(int, int),24]
04-28 16:12:18.052  1078  2150 I dvm_lock_sample: [system_server,1,Binder:1078_A,73,PackageManagerService.java,4349,int com.android.server.pm.PackageManagerService.getPackageUid(java.lang.String, int, int),-,7896,android.content.pm.ParceledListSlice com.android.server.pm.PackageManagerService.getInstalledPackages(int, int),14]
04-28 16:12:18.102  1078  1131 I dvm_lock_sample: [system_server,0,android.fg,119,ActivityManagerService.java,21980,int com.android.server.am.ActivityManagerService.broadcastIntent(android.app.IApplicationThread, android.content.Intent, java.lang.String, android.content.IIntentReceiver, int, java.lang.String, android.os.Bundle, java.lang.String[], int, android.os.Bundle, boolean, boolean, int),-,7947,void com.android.server.am.ActivityManagerService.attachApplication(android.app.IApplicationThread, long),23]
04-28 16:12:18.160  1078  4229 I dropbox_file_copy: [/data/tombstones/tombstone_03,98304,SYSTEM_TOMBSTONE]
04-28 16:12:18.202  1078  4229 I dropbox_file_copy: [/data/tombstones/tombstone_02,98304,SYSTEM_TOMBSTONE]
04-28 16:12:18.211  4179  4179 I am_on_create_called: [0,ecarx.launcher3.Launcher,performCreate]
04-28 16:12:18.226  4179  4179 I am_on_start_called: [0,ecarx.launcher3.Launcher,handleStartActivity]
04-28 16:12:18.230  1078  1124 I am_pss  : [1774,1000,se.cevt.lgecarsupportservice,3803136,2932736,0,49950720,0,0,41]
04-28 16:12:18.234  1078  4229 I dropbox_file_copy: [/data/tombstones/tombstone_06,98304,SYSTEM_TOMBSTONE]
04-28 16:12:18.240  1078  1127 I am_proc_start: [0,4254,1000,ecarx.controlboard,service,ecarx.controlboard/.ControlBoardServices]
04-28 16:12:18.241  4179  4179 I am_on_resume_called: [0,ecarx.launcher3.Launcher,RESUME_ACTIVITY]
04-28 16:12:18.256  1078  4229 I dropbox_file_copy: [/data/tombstones/tombstone_08,98304,SYSTEM_TOMBSTONE]
