04-28 16:12:18.289  1078  4229 I dropbox_file_copy: [/data/tombstones/tombstone_07,98304,SYSTEM_TOMBSTONE]
04-28 16:12:18.320  1078  4229 I dropbox_file_copy: [/data/tombstones/tombstone_10,98304,SYSTEM_TOMBSTONE]
04-28 16:12:18.340  1078  4229 I dropbox_file_copy: [/data/tombstones/tombstone_00,98304,SYSTEM_TOMBSTONE]
04-28 16:12:18.367  1078  4229 I dropbox_file_copy: [/data/tombstones/tombstone_09,98304,SYSTEM_TOMBSTONE]
04-28 16:12:18.367  4254  4254 I service_manager_slow: [22,activity]
04-28 16:12:18.375  1078  1127 I am_proc_start: [0,4265,1000,ecarx.launcher3:appsvr,service,ecarx.launcher3/.apppane.AppPaneService]
04-28 16:12:18.376  1078  3303 I am_proc_bound: [0,4254,ecarx.controlboard]
04-28 16:12:18.408  1078  1124 I am_pss  : [1756,1000,se.cevt.dimsupportservice,7526400,6320128,0,57946112,0,0,42]
04-28 16:12:18.429  1078  4229 I dropbox_file_copy: [/data/tombstones/tombstone_01,98304,SYSTEM_TOMBSTONE]
04-28 16:12:18.457  1078  4229 I dropbox_file_copy: [/data/tombstones/tombstone_04,98304,SYSTEM_TOMBSTONE]
04-28 16:12:18.492  1078  1693 I am_uid_running: 10097
04-28 16:12:18.493  4265  4265 I service_manager_slow: [67,activity]
04-28 16:12:18.515  1078  1124 I am_pss  : [1743,1000,com.lge.loggage,3342336,2572288,0,47366144,0,0,42]
04-28 16:12:18.523  1078  1127 I am_proc_start: [0,4291,10097,com.ecarx.statistics,service,com.ecarx.statistics/.statistic.StatisticService]
04-28 16:12:18.543  1078  2123 I am_proc_bound: [0,4265,ecarx.launcher3:appsvr]
04-28 16:12:18.622  1078  4229 I dropbox_file_copy: [/data/tombstones/tombstone_05,98304,SYSTEM_TOMBSTONE]
04-28 16:12:18.627  1078  2531 I am_proc_bound: [0,4291,com.ecarx.statistics]
04-28 16:12:18.635  1078  2531 I am_uid_active: 10097
04-28 16:12:18.637  1078  1124 I am_pss  : [1721,10013,android.car.cluster.loggingrenderer,3204096,2465792,0,46571520,0,0,46]
04-28 16:12:18.668  1078  4229 I commit_sys_config_file: [log-files,47]
04-28 16:12:18.671  1078  4229 I am_uid_active: 10011
04-28 16:12:18.698  1078  1693 I am_uid_active: 10073
04-28 16:12:18.819   495   495 I auditd  : avc:  denied  { find } for service=lgecar_support_service pid=4231 uid=10073 scontext=u:r:untrusted_app:s0:c73,c256,c512,c768 tcontext=u:object_r:default_android_service:s0 tclass=service_manager permissive=1
04-28 16:12:18.866  1078  2735 I am_crash: [4291,0,com.ecarx.statistics,952680005,java.lang.NullPointerException,Attempt to invoke virtual method 'java.lang.String com.ecarx.sdk.device.DeviceAPI.getIHUID()' on a null object reference,StatisticService.java,147]
04-28 16:12:18.872  1078  2735 I sysui_action: [316,-1]
04-28 16:12:18.873  1078  2735 I sysui_multi_action: [757,316,758,4,759,-1]
04-28 16:12:18.964  1078  1693 I sysui_multi_action: [757,856,758,1,806,ecarx.controlboard,857,1,858,4]
04-28 16:12:19.000  1078  1078 I commit_sys_config_file: [notification-policy,35]
04-28 16:12:19.004  1078  2531 I am_proc_died: [0,4291,com.ecarx.statistics,0,3]
04-28 16:12:19.004  1078  2531 I am_schedule_service_restart: [0,com.ecarx.statistics/.statistic.StatisticService,1000]
04-28 16:12:19.004  1078  2531 I am_uid_stopped: 10097
04-28 16:12:19.023  1078  1078 I notification_enqueue: [1000,4254,ecarx.controlboard,1,NULL,0,Notification(channel=1 pri=0 contentView=null vibrate=null sound=null defaults=0x0 flags=0x40 color=0xff607d8b vis=PRIVATE),0]
04-28 16:12:19.104  1078  1124 I am_pss  : [1696,1000,.dataservices,3432448,2699264,0,47280128,0,0,43]
04-28 16:12:19.136   495   495 I auditd  : avc:  denied  { find } for service=com.lge.server.location.LgeLocationManagerService pid=4231 uid=10073 scontext=u:r:untrusted_app:s0:c73,c256,c512,c768 tcontext=u:object_r:lgelocation_service:s0 tclass=service_manager permissive=1
04-28 16:12:19.142  1547  2154 I liblog  : 56
04-28 16:12:19.157  1547  1581 I liblog  : 15
04-28 16:12:19.323  1078  1124 I am_pss  : [1501,1000,com.ecarx.theme.service,16012288,14852096,0,66707456,0,0,42]
04-28 16:12:19.403  1078  1124 I am_pss  : [3335,10032,ecarx.naviservice,22086656,18354176,0,87617536,0,3,46]
04-28 16:12:19.649  1078  1124 I am_pss  : [3431,1000,com.ecarx.xcttsengine,4945920,3891200,0,50315264,0,3,42]
04-28 16:12:19.718  1547  1581 I liblog  : 15
04-28 16:12:19.799  1547  2154 I liblog  : 26
04-28 16:12:20.004  1078  1125 I am_uid_running: 10097
04-28 16:12:20.027  1078  1127 I am_proc_start: [0,4370,10097,com.ecarx.statistics,service,com.ecarx.statistics/.statistic.StatisticService]
04-28 16:12:20.077  1078  1677 I am_proc_bound: [0,4370,com.ecarx.statistics]
04-28 16:12:20.079  1078  1677 I am_uid_active: 10097
04-28 16:12:20.226  1078  2283 I dvm_lock_sample: [system_server,1,Binder:1078_B,463,AppWidgetServiceImpl.java,1705,android.content.pm.ParceledListSlice com.android.server.appwidget.AppWidgetServiceImpl.getInstalledProvidersForProfile(int, int, java.lang.String),-,4177,void com.android.server.appwidget.AppWidgetServiceImpl$SaveStateRunnable.run(),92]
04-28 16:12:20.311  1078  2735 I am_crash: [4370,0,com.ecarx.statistics,952680005,java.lang.NullPointerException,Attempt to invoke virtual method 'java.lang.String com.ecarx.sdk.device.DeviceAPI.getIHUID()' on a null object reference,StatisticService.java,147]
04-28 16:12:20.315  1078  2735 I sysui_action: [316,-1]
04-28 16:12:20.315  1078  2735 I sysui_multi_action: [757,316,758,4,759,-1]
04-28 16:12:20.558  1078  1677 I am_proc_died: [0,4370,com.ecarx.statistics,0,3]
04-28 16:12:20.558  1078  1677 I am_schedule_service_restart: [0,com.ecarx.statistics/.statistic.StatisticService,10800000]
04-28 16:12:20.558  1078  1677 I am_uid_stopped: 10097
04-28 16:12:20.949  1078  2735 I sysui_multi_action: [757,856,758,1,806,com.ecarx.mycar,857,mycar.notification.maintenance,858,0]
04-28 16:12:20.971  1078  2123 I dvm_lock_sample: [system_server,1,Binder:1078_9,1009,AppWidgetServiceImpl.java,1338,void com.android.server.appwidget.AppWidgetServiceImpl.deleteHost(java.lang.String, int),-,4177,void com.android.server.appwidget.AppWidgetServiceImpl$SaveStateRunnable.run(),100]
04-28 16:12:20.978  1078  1078 I commit_sys_config_file: [notification-policy,29]
04-28 16:12:20.978  1078  1078 I notification_enqueue: [10073,4231,com.ecarx.mycar,100,NULL,0,Notification(channel=mycar.notification.maintenance pri=0 contentView=null vibrate=null sound=null defaults=0x0 flags=0x40 color=0xff607d8b vis=PRIVATE),0]
04-28 16:12:20.983  1078  2283 I dvm_lock_sample: [system_server,1,Binder:1078_B,757,AppWidgetServiceImpl.java,1705,android.content.pm.ParceledListSlice com.android.server.appwidget.AppWidgetServiceImpl.getInstalledProvidersForProfile(int, int, java.lang.String),-,4177,void com.android.server.appwidget.AppWidgetServiceImpl$SaveStateRunnable.run(),100]
04-28 16:12:21.000  1078  2735 I sysui_multi_action: [757,856,758,1,806,com.ecarx.push,857,PushService,858,4]
04-28 16:12:21.010  1078  3074 I dvm_lock_sample: [system_server,1,Binder:1078_10,571,AppWidgetServiceImpl.java,839,android.content.pm.ParceledListSlice com.android.server.appwidget.AppWidgetServiceImpl.startListening(com.android.internal.appwidget.IAppWidgetHost, java.lang.String, int, int[]),-,4177,void com.android.server.appwidget.AppWidgetServiceImpl$SaveStateRunnable.run(),100]
04-28 16:12:21.011  1078  2283 I dvm_lock_sample: [system_server,1,Binder:1078_B,27,AppWidgetServiceImpl.java,1705,android.content.pm.ParceledListSlice com.android.server.appwidget.AppWidgetServiceImpl.getInstalledProvidersForProfile(int, int, java.lang.String),-,4177,void com.android.server.appwidget.AppWidgetServiceImpl$SaveStateRunnable.run(),5]
04-28 16:12:21.022  1078  1078 I commit_sys_config_file: [notification-policy,22]
04-28 16:12:21.022  1078  1078 I notification_enqueue: [1000,3044,com.ecarx.push,1,NULL,0,Notification(channel=PushService pri=0 contentView=null vibrate=null sound=null defaults=0x0 flags=0x40 color=0xff607d8b vis=PRIVATE),0]
04-28 16:12:21.028  1078  2735 I sysui_multi_action: [757,856,758,1,806,com.ecarx.settings,857,dm,858,4]
04-28 16:12:21.053  1078  1127 I am_proc_start: [0,4400,1000,com.ecarx.xcvehicle,broadcast,com.ecarx.xcvehicle/.tripstatistics.broadcast.BootBroadcastReceiver]
04-28 16:12:21.065  1078  1078 I commit_sys_config_file: [notification-policy,36]
04-28 16:12:21.065  1078  1078 I notification_enqueue: [1000,3910,com.ecarx.settings,1,NULL,0,Notification(channel=dm pri=0 contentView=null vibrate=null sound=null defaults=0x0 flags=0x40 color=0xff607d8b vis=PRIVATE),0]
04-28 16:12:21.068  1078  3074 I sysui_multi_action: [757,856,758,1,806,com.ecarx.settings,857,wpc,858,4]
04-28 16:12:21.090  1078  1078 I commit_sys_config_file: [notification-policy,22]
04-28 16:12:21.092  1078  1078 I notification_enqueue: [1000,3910,com.ecarx.settings,11221,NULL,0,Notification(channel=wpc pri=0 contentView=null vibrate=null sound=null defaults=0x0 flags=0x40 color=0xff607d8b vis=PRIVATE),0]
04-28 16:12:21.141  1078  1677 I sysui_multi_action: [757,856,758,1,806,com.ecarx.settings,857,widget,858,4]
04-28 16:12:21.187  1078  1078 I commit_sys_config_file: [notification-policy,36]
04-28 16:12:21.187  1078  1078 I notification_enqueue: [1000,3910,com.ecarx.settings,2,NULL,0,Notification(channel=widget pri=0 contentView=null vibrate=null sound=null defaults=0x0 flags=0x40 color=0xff607d8b vis=PRIVATE),0]
04-28 16:12:21.315  1078  1190 I commit_sys_config_file: [settings-0-0,69]
04-28 16:12:21.320  4400  4400 I service_manager_slow: [32,activity]
04-28 16:12:21.330  1078  2123 I am_proc_bound: [0,4400,com.ecarx.xcvehicle]
04-28 16:12:21.442  1078  2150 I sysui_multi_action: [757,856,758,1,806,com.ecarx.mycar,857,mycar.notification.drivingscore,858,0]
04-28 16:12:21.476  1078  1078 I commit_sys_config_file: [notification-policy,34]
04-28 16:12:21.476  1078  1078 I notification_enqueue: [10073,4231,com.ecarx.mycar,100,NULL,0,Notification(channel=mycar.notification.drivingscore pri=0 contentView=null vibrate=null sound=null defaults=0x0 flags=0x40 color=0xff607d8b vis=PRIVATE),1]
04-28 16:12:21.584  1078  3074 I sysui_multi_action: [757,856,758,1,806,com.ecarx.mycar,857,mycar.notification.vehiclecondition,858,0]
04-28 16:12:21.665  1078  1078 I commit_sys_config_file: [notification-policy,46]
04-28 16:12:21.666  1078  1078 I notification_enqueue: [10073,4231,com.ecarx.mycar,10,NULL,0,Notification(channel=mycar.notification.vehiclecondition pri=0 contentView=null vibrate=null sound=null defaults=0x0 flags=0x40 color=0xff607d8b vis=PRIVATE),0]
04-28 16:12:21.696  1078  1124 I am_pss  : [3563,1000,com.ecarx.xcttsservice,45860864,41676800,0,90701824,0,9,37]
04-28 16:12:21.844  1078  1124 I am_pss  : [3667,10007,com.ecarx.diagnostic,3819520,3006464,0,49217536,0,18,34]
04-28 16:12:21.906  1078  1124 I am_pss  : [3683,10056,ecarx.gallery,9406464,8093696,0,65003520,0,18,36]
04-28 16:12:22.173  1078  2123 I am_uid_running: 10097
04-28 16:12:22.213  1078  1127 I am_proc_start: [0,4452,10097,com.ecarx.statistics,service,com.ecarx.statistics/.statistic.StatisticService]
04-28 16:12:22.223  4400  4400 I liblog  : 87
04-28 16:12:22.347  1078  1534 I am_proc_bound: [0,4452,com.ecarx.statistics]
04-28 16:12:22.386  1078  1534 I am_uid_active: 10097
04-28 16:12:22.442  1078  3303 I am_crash: [4452,0,com.ecarx.statistics,952680005,java.lang.NullPointerException,Attempt to invoke virtual method 'java.lang.String com.ecarx.sdk.device.DeviceAPI.getIHUID()' on a null object reference,StatisticService.java,147]
04-28 16:12:22.452  1078  3303 I sysui_action: [316,-1]
04-28 16:12:22.452  1078  3303 I sysui_multi_action: [757,316,758,4,759,-1]
04-28 16:12:22.496  1078  1124 I am_pss  : [3747,1000,com.ecarx.privatelocking,4993024,3768320,0,55033856,0,9,36]
04-28 16:12:22.527  1078  2283 I am_proc_died: [0,4452,com.ecarx.statistics,0,3]
04-28 16:12:22.528  1078  2283 I am_schedule_service_restart: [0,com.ecarx.statistics/.statistic.StatisticService,1000]
04-28 16:12:22.528  1078  2283 I am_uid_stopped: 10097
04-28 16:12:22.536  1078  1124 I am_pss  : [3754,10066,net.easyconn,10925056,6524928,0,55058432,0,18,33]
04-28 16:12:22.555  4400  4400 I liblog  : 192
04-28 16:12:22.682  1547  1581 I liblog  : 43
04-28 16:12:22.702  1547  4477 I liblog  : 5
04-28 16:12:22.803  1547  1581 I liblog  : 142
04-28 16:12:22.880  1547  1581 I liblog  : 101
04-28 16:12:22.881  1547  4477 I liblog  : 1
04-28 16:12:22.960  1547  4477 I liblog  : 119
04-28 16:12:22.962  4400  4493 I liblog  : 432
04-28 16:12:22.968  4265  4355 I liblog  : 1
04-28 16:12:23.050  1547  2135 I liblog  : 135
04-28 16:12:23.081  1547  1581 I liblog  : 53
04-28 16:12:23.082  1547  1581 I liblog  : 1
04-28 16:12:23.089   632  1174 I liblog  : 25
04-28 16:12:23.160  1547  2135 I liblog  : 90
04-28 16:12:23.164  1547  4482 I liblog  : 3
04-28 16:12:23.165  4400  4400 I liblog  : 1257
04-28 16:12:23.187   586  4497 I liblog  : 53
04-28 16:12:23.214  4076  4440 I liblog  : 1
04-28 16:12:23.223  4265  4355 I liblog  : 2
04-28 16:12:23.229  1078  4419 I liblog  : 5
04-28 16:12:23.257   618   654 I liblog  : 7
04-28 16:12:23.257  1078  1124 I am_pss  : [3819,10019,com.android.managedprovisioning,4244480,3485696,0,49147904,0,18,35]
04-28 16:12:23.263  1078  2123 I dvm_lock_sample: [system_server,1,Binder:1078_9,32,PackageManagerService.java,5328,int com.android.server.pm.PackageManagerService.checkUidPermission(java.lang.String, int),-,4061,android.content.pm.PackageInfo com.android.server.pm.PackageManagerService.getPackageInfoInternal(java.lang.String, long, int, int, int),6]
04-28 16:12:23.263  1078  4419 I dvm_lock_sample: [system_server,0,BackgroundDexOptService_PostBootUpdate,31,PackageManagerService.java,9305,int com.android.server.pm.PackageManagerService.performDexOptInternal(com.android.server.pm.dex.DexoptOptions),-,4061,android.content.pm.PackageInfo com.android.server.pm.PackageManagerService.getPackageInfoInternal(java.lang.String, long, int, int, int),6]
04-28 16:12:23.286  4400  4400 I liblog  : 20
04-28 16:12:23.528  1078  1125 I am_uid_running: 10097
04-28 16:12:23.528  1078  2283 I sysui_multi_action: [757,856,758,1,806,com.ecarx.xcvehicle,857,trip,858,4]
04-28 16:12:23.543  1078  1127 I am_proc_start: [0,4503,10097,com.ecarx.statistics,service,com.ecarx.statistics/.statistic.StatisticService]
04-28 16:12:23.586  1078  1078 I commit_sys_config_file: [notification-policy,57]
04-28 16:12:23.629  1078  1078 I notification_enqueue: [1000,4400,com.ecarx.xcvehicle,1,NULL,0,Notification(channel=trip pri=0 contentView=null vibrate=null sound=null defaults=0x0 flags=0x40 color=0xff607d8b vis=PRIVATE),0]
04-28 16:12:23.652  1078  1127 I am_proc_start: [0,4517,1000,com.qualcomm.display,broadcast,com.qualcomm.cabl/.CABLReceiver]
04-28 16:12:23.719  1078  2735 I am_proc_bound: [0,4503,com.ecarx.statistics]
04-28 16:12:23.721  1078  2735 I am_uid_active: 10097
04-28 16:12:23.792  4517  4517 I service_manager_slow: [36,activity]
04-28 16:12:23.823  1078  2531 I am_proc_bound: [0,4517,com.qualcomm.display]
04-28 16:12:23.881  3342  4433 I liblog  : 2
04-28 16:12:23.910  1078  1534 I sysui_multi_action: [757,856,758,1,806,com.ecarx.xcvehicle,857,10,858,4]
04-28 16:12:23.932  1078  1124 I am_pss  : [3113,1000,com.android.keychain,3525632,2785280,0,48078848,0,18,36]
04-28 16:12:23.935   919   958 I liblog  : 2
04-28 16:12:23.995  1078  1124 I am_pss  : [3874,10017,com.android.providers.calendar,4719616,3801088,0,53317632,0,18,34]
04-28 16:12:24.225  1078  1078 I commit_sys_config_file: [notification-policy,315]
04-28 16:12:24.227  1078  1138 I commit_sys_config_file: [package-user-0,326]
04-28 16:12:24.228  1078  4419 I dvm_lock_sample: [system_server,0,BackgroundDexOptService_PostBootUpdate,276,PackageManagerService.java,9305,int com.android.server.pm.PackageManagerService.performDexOptInternal(com.android.server.pm.dex.DexoptOptions),-,1741,void com.android.server.pm.PackageManagerService$PackageHandler.doHandleMessage(android.os.Message),55]
04-28 16:12:24.230  1078  2735 I dvm_lock_sample: [system_server,1,Binder:1078_E,154,PackageManagerService.java,6550,java.lang.String com.android.server.pm.PackageManagerService.getInstantAppPackageName(int),-,1741,void com.android.server.pm.PackageManagerService$PackageHandler.doHandleMessage(android.os.Message),30]
04-28 16:12:24.233  1078  1125 I dvm_lock_sample: [system_server,1,ActivityManager,207,ActivityManagerService.java,8343,android.content.IIntentSender com.android.server.am.ActivityManagerService.getIntentSender(int, java.lang.String, android.os.IBinder, java.lang.String, int, android.content.Intent[], java.lang.String[], int, android.os.Bundle, int),-,20478,void com.android.server.am.ActivityManagerService.setServiceForeground(android.content.ComponentName, android.os.IBinder, int, android.app.Notification, int),41]
04-28 16:12:24.342  1078  1078 I notification_enqueue: [1000,4400,com.ecarx.xcvehicle,1,NULL,0,Notification(channel=10 pri=0 contentView=null vibrate=null sound=null defaults=0x0 flags=0x40 color=0xff607d8b vis=PRIVATE),1]
04-28 16:12:24.406  1078  1124 I am_pss  : [3842,10076,com.android.gallery3d,4669440,3637248,0,50905088,0,18,34]
04-28 16:12:24.407  1078  4419 I dvm_lock_sample: [system_server,0,BackgroundDexOptService_PostBootUpdate,50,ActivityManagerService.java,20857,android.content.Intent com.android.server.am.ActivityManagerService.registerReceiver(android.app.IApplicationThread, java.lang.String, android.content.IIntentReceiver, android.content.IntentFilter, java.lang.String, int, int),TaskPersister.java,655,void com.android.server.am.TaskPersister$LazyTaskWriterThread.run(),10]
04-28 16:12:24.419  1078  2531 I am_crash: [4503,0,com.ecarx.statistics,952680005,java.lang.NullPointerException,Attempt to invoke virtual method 'java.lang.String com.ecarx.sdk.device.DeviceAPI.getIHUID()' on a null object reference,StatisticService.java,147]
04-28 16:12:24.420  1078  1133 I am_activity_launch_time: [0,29562459,ecarx.launcher3/.Launcher,6916,6916]
04-28 16:12:24.422  1078  2531 I sysui_action: [316,-1]
04-28 16:12:24.422  1078  2531 I sysui_multi_action: [757,316,758,4,759,-1]
04-28 16:12:24.476  1078  1098 I am_proc_died: [0,4503,com.ecarx.statistics,0,3]
04-28 16:12:24.476  1078  1098 I am_schedule_service_restart: [0,com.ecarx.statistics/.statistic.StatisticService,14400000]
04-28 16:12:24.476  1078  1098 I am_uid_stopped: 10097
04-28 16:12:24.500  4400  4494 I service_manager_slow: [34,phone]
04-28 16:12:24.503  1078  1078 I commit_sys_config_file: [notification-policy,56]
04-28 16:12:25.096  1078  2150 I am_uid_running: 10097
04-28 16:12:25.117  1078  3074 I am_wtf  : [0,1078,system_server,-1,ActivityManager,Sending non-protected broadcast ecarx.launcher3.action.FIRST_LOAD_COMPLETE from system 4179:ecarx.launcher3/1000 pkg ecarx.launcher3]
04-28 16:12:25.185  1078  1127 I am_proc_start: [0,4555,10097,com.ecarx.statistics,service,com.ecarx.statistics/.statistic.StatisticService]
04-28 16:12:25.258  1078  1124 I am_pss  : [3172,1002,com.android.bluetooth,11782144,9928704,0,64794624,0,0,47]
04-28 16:12:25.297  1078  1098 I am_proc_bound: [0,4555,com.ecarx.statistics]
04-28 16:12:25.304  1078  1098 I am_uid_active: 10097
04-28 16:12:25.711  1078  3074 I am_crash: [4555,0,com.ecarx.statistics,952680005,java.lang.NullPointerException,Attempt to invoke virtual method 'java.lang.String com.ecarx.sdk.device.DeviceAPI.getIHUID()' on a null object reference,StatisticService.java,147]
04-28 16:12:25.714  1078  3074 I sysui_action: [316,-1]
04-28 16:12:25.714  1078  3074 I sysui_multi_action: [757,316,758,4,759,-1]
04-28 16:12:25.988  1547  4477 I liblog  : 23
04-28 16:12:26.081  1547  4482 I liblog  : 107
04-28 16:12:26.153  1078  1124 I am_pss  : [2907,10095,com.autonavi.amapauto,27684864,19533824,0,82690048,0,3,41]
04-28 16:12:26.160  1078  3074 I am_proc_died: [0,4555,com.ecarx.statistics,0,3]
04-28 16:12:26.160  1078  3074 I am_schedule_service_restart: [0,com.ecarx.statistics/.statistic.StatisticService,1000]
04-28 16:12:26.160  1078  3074 I am_uid_stopped: 10097
04-28 16:12:26.193  1547  4482 I liblog  : 69
04-28 16:12:26.315  1547  4482 I liblog  : 12
04-28 16:12:26.383  1547  4477 I liblog  : 57
04-28 16:12:26.469  1547  2135 I liblog  : 66
04-28 16:12:26.527  1547  4482 I liblog  : 24
04-28 16:12:26.544  1547  4482 I liblog  : 4
04-28 16:12:26.602  1547  4477 I liblog  : 19
04-28 16:12:26.677  1547  2135 I liblog  : 20
04-28 16:12:26.816  1547  2135 I liblog  : 31
04-28 16:12:26.900  1547  3371 I liblog  : 3
04-28 16:12:26.971  1547  4477 I liblog  : 8
04-28 16:12:27.076  1078  1124 I am_pss  : [3538,10095,com.autonavi.amapauto:locationservice,15085568,7192576,0,68820992,0,3,37]
04-28 16:12:27.161  1078  1125 I am_uid_running: 10097
04-28 16:12:27.185  1078  1127 I am_proc_start: [0,4582,10097,com.ecarx.statistics,service,com.ecarx.statistics/.statistic.StatisticService]
04-28 16:12:27.300  1078  1098 I am_proc_bound: [0,4582,com.ecarx.statistics]
04-28 16:12:27.351  1078  1098 I am_uid_active: 10097
04-28 16:12:27.358  1078  1124 I am_pss  : [1870,10033,com.android.defcontainer,4027392,3190784,0,50028544,0,18,42]
04-28 16:12:27.503  1078  3074 I am_crash: [4582,0,com.ecarx.statistics,952680005,java.lang.NullPointerException,Attempt to invoke virtual method 'java.lang.String com.ecarx.sdk.device.DeviceAPI.getIHUID()' on a null object reference,StatisticService.java,147]
04-28 16:12:27.506  1078  3074 I sysui_action: [316,-1]
04-28 16:12:27.507  1078  3074 I sysui_multi_action: [757,316,758,4,759,-1]
04-28 16:12:27.657  1078  1693 I am_proc_died: [0,4582,com.ecarx.statistics,0,3]
04-28 16:12:27.657  1078  1693 I am_schedule_service_restart: [0,com.ecarx.statistics/.statistic.StatisticService,18000000]
04-28 16:12:27.657  1078  1693 I am_uid_stopped: 10097
04-28 16:12:27.662  1078  1124 I am_pss  : [4179,1000,ecarx.launcher3,102073344,88940544,0,159244288,0,2,53]
04-28 16:12:27.706  1078  1124 I am_pss  : [2736,1000,com.qualcomm.qti.qdma,5850112,4714496,0,56614912,0,9,39]
04-28 16:12:27.745  1078  1124 I am_pss  : [2796,1000,com.qualcomm.qti.smq,4025344,3227648,0,50626560,0,9,36]
04-28 16:12:27.813  1078  1124 I am_pss  : [2711,1001,com.qualcomm.qcrilmsgtunnel,3514368,2748416,0,49221632,0,9,34]
04-28 16:12:29.119  1078  1124 I am_pss  : [2942,1000,ecarx.xsf.notificationcenter,9468928,7426048,0,66920448,0,4,43]
04-28 16:12:29.160  1078  1124 I am_pss  : [2928,10010,com.ecarx.systemui.plugin,10314752,8888320,0,56172544,0,4,38]
04-28 16:12:32.562  1078  1124 I am_pss  : [4265,1000,ecarx.launcher3:appsvr,27560960,23031808,0,92368896,0,2,40]
04-28 16:12:32.611  1078  1124 I am_pss  : [3044,1000,com.ecarx.push,12507136,10805248,0,70385664,0,3,36]
04-28 16:12:32.649  1078  1124 I am_pss  : [1965,1000,com.android.settings,11329536,8040448,0,75014144,0,18,36]
04-28 16:12:32.684  1078  1124 I am_pss  : [3962,1000,com.ecarx.parking,12557312,10981376,0,61657088,0,9,34]
04-28 16:12:32.720  1078  1124 I am_pss  : [4007,10016,android.process.acore,10624000,9285632,0,63557632,0,18,34]
04-28 16:12:33.027  1078  1133 I dvm_lock_sample: [system_server,1,android.display,10,WindowManagerService.java,4991,void com.android.server.wm.WindowManagerService$H.handleMessage(android.os.Message),WindowSurfacePlacer.java,117,void com.android.server.wm.WindowSurfacePlacer.lambda$new$0(com.android.server.wm.WindowSurfacePlacer),2]
04-28 16:12:40.977  1078  1127 I am_proc_start: [0,4674,1000,com.qti.diagservices,broadcast,com.qti.diagservices/.Diag_OnBoot]
04-28 16:12:41.009  1078  1124 I am_pss  : [2922,1000,com.ecarx.provision,37190656,33980416,0,99704832,0,17,39]
04-28 16:12:41.011  1078  1677 I am_proc_bound: [0,4674,com.qti.diagservices]
04-28 16:12:41.060  1078  1124 I am_pss  : [3203,10027,com.ecarx.sdk.openapi,12339200,11075584,0,60624896,0,3,43]
04-28 16:12:41.097  1078  4692 I am_uid_active: 10016
04-28 16:12:41.141  1078  1677 I am_uid_running: 10080
04-28 16:12:41.162  1078  1124 I am_pss  : [4179,1000,ecarx.launcher3,100194304,93859840,0,139833344,0,2,44]
04-28 16:12:41.169  1078  1127 I am_proc_start: [0,4697,10080,com.android.calendar,broadcast,com.android.calendar/.UpgradeReceiver]
04-28 16:12:41.205  1078  1124 I am_pss  : [3393,1000,ecarx.xsf.inputservice,4861952,4079616,0,51851264,0,9,35]
04-28 16:12:41.234  1078  2735 I am_proc_bound: [0,4697,com.android.calendar]
04-28 16:12:41.308  1078  1124 I am_pss  : [3235,1000,com.ecarx.screensaver,8502272,7307264,0,63758336,0,9,43]
04-28 16:12:41.367  1078  1124 I am_pss  : [2989,1000,ecarx.membercenter,52670464,48861184,0,121307136,0,3,41]
04-28 16:12:41.408  1078  1124 I am_pss  : [4231,10073,com.ecarx.mycar,22404096,19456000,0,86552576,0,3,39]
04-28 16:12:41.449  1078  1124 I am_pss  : [3084,1000,com.ecarx.pki,5452800,4395008,0,54788096,0,3,35]
04-28 16:12:41.488  1078  1124 I am_pss  : [4254,1000,ecarx.controlboard,8357888,6635520,0,63377408,0,3,34]
04-28 16:12:41.524  1078  1127 I am_proc_start: [0,4723,1000,com.ecarx.xcgoncall,broadcast,com.ecarx.xcgoncall/ecarx.xcgoncall.receiver.OnCallBootCompletedReceiver]
04-28 16:12:41.527  1078  1124 I am_pss  : [4128,10045,com.qihoo360.vehiclesafe,15863808,15011840,0,64086016,0,9,35]
04-28 16:12:41.560  1078  2735 I am_proc_bound: [0,4723,com.ecarx.xcgoncall]
04-28 16:12:41.568  1078  1124 I am_pss  : [4091,1000,com.chima.vulcan,5710848,4788224,0,55365632,0,9,37]
04-28 16:12:41.604  1078  1124 I am_pss  : [3310,1000,com.ecarx.statemanager.service,5070848,4325376,0,52563968,0,3,35]
04-28 16:12:41.641  1078  1124 I am_pss  : [3304,10069,ecarx.xsf.mediacenter,9850880,8331264,0,67014656,0,3,35]
04-28 16:12:41.643  1078  2735 I am_uid_running: 10036
04-28 16:12:41.672  1078  1127 I am_proc_start: [0,4740,10036,android.car.usb.handler,broadcast,android.car.usb.handler/.BootUsbScanner]
04-28 16:12:41.691  1078  1124 I am_pss  : [3335,10032,ecarx.naviservice,21332992,18092032,0,87629824,0,3,42]
04-28 16:12:41.704  1078  2735 I am_proc_bound: [0,4740,android.car.usb.handler]
04-28 16:12:41.731  1078  1124 I am_pss  : [3431,1000,com.ecarx.xcttsengine,4875264,3891200,0,50315264,0,3,34]
04-28 16:12:41.776  1078  1677 I am_uid_running: 10048
04-28 16:12:41.779  1078  1124 I am_pss  : [3563,1000,com.ecarx.xcttsservice,45835264,41676800,0,90701824,0,9,36]
04-28 16:12:41.822  1078  1124 I am_pss  : [3667,10007,com.ecarx.diagnostic,3886080,3198976,0,49217536,0,18,34]
04-28 16:12:41.825  1078  1127 I am_proc_start: [0,4760,10048,com.android.camera2,broadcast,com.android.camera2/com.android.camera.DisableCameraReceiver]
04-28 16:12:41.858  1078  2735 I am_proc_bound: [0,4760,com.android.camera2]
04-28 16:12:41.867  1078  1124 I am_pss  : [3016,10079,com.android.printspooler,3894272,3178496,0,49549312,0,18,34]
04-28 16:12:41.906  1078  1124 I am_pss  : [3219,10095,com.autonavi.amapauto:adiu,12631040,5042176,0,65105920,0,18,35]
04-28 16:12:41.928  1078  1078 I notification_cancel_all: [10048,4760,com.android.camera2,0,0,64,9,NULL]
04-28 16:12:41.946  1078  1124 I am_pss  : [3910,1000,com.ecarx.settings,14531584,12496896,0,66031616,0,3,35]
04-28 16:12:41.960  1078  2150 I am_uid_running: 10037
04-28 16:12:41.985  1078  1124 I am_pss  : [3683,10056,ecarx.gallery,9529344,8335360,0,65003520,0,18,36]
04-28 16:12:41.992  1078  1127 I am_proc_start: [0,4780,10037,com.android.car.hvac,broadcast,com.android.car.hvac/.BootCompleteReceiver]
04-28 16:12:42.004  1078  1677 I wm_stack_created: 4
04-28 16:12:42.010  1078  1677 I wm_task_created: [9,4]
04-28 16:12:42.017  1078  1677 I wm_task_moved: [9,0,2147483647]
04-28 16:12:42.021  1078  1677 I am_focused_stack: [0,4,0,reuseOrNewTask]
04-28 16:12:42.022  1078  1677 I am_create_task: [0,9]
04-28 16:12:42.022  1078  1677 I am_create_activity: [0,36408200,9,ecarx.launcher3/.AppPane,NULL,NULL,NULL,268435456]
04-28 16:12:42.023  1078  1677 I wm_task_moved: [9,0,2147483647]
04-28 16:12:42.030  1078  1677 I am_pause_activity: [0,29562459,ecarx.launcher3/.Launcher,userLeaving=true]
04-28 16:12:42.042  1078  1677 I am_proc_bound: [0,4780,com.android.car.hvac]
04-28 16:12:42.055  4179  4179 I am_on_paused_called: [0,ecarx.launcher3.Launcher,performPause]
04-28 16:12:42.058  1078  1677 I am_restart_activity: [0,36408200,9,ecarx.launcher3/.AppPane]
04-28 16:12:42.059  1078  1677 I am_set_resumed_activity: [0,ecarx.launcher3/.AppPane,minimalResumeActivityLocked]
04-28 16:12:42.066  1078  1125 I sysui_count: [window_time_0,25]
04-28 16:12:42.066  1078  1125 I sysui_multi_action: [757,803,799,window_time_0,802,25]
04-28 16:12:42.091  4265  4265 I am_on_create_called: [0,ecarx.launcher3.AppPane,performCreate]
04-28 16:12:42.105  1078  3303 I am_uid_running: 10041
04-28 16:12:42.128  1078  1127 I am_proc_start: [0,4800,10041,com.android.car.messenger,broadcast,com.android.car.messenger/.MessengerReceiver]
04-28 16:12:42.182  1078  3303 I am_proc_bound: [0,4800,com.android.car.messenger]
04-28 16:12:42.258  4265  4265 I am_on_start_called: [0,ecarx.launcher3.AppPane,handleStartActivity]
04-28 16:12:42.270  4265  4265 I am_on_resume_called: [0,ecarx.launcher3.AppPane,RESUME_ACTIVITY]
04-28 16:12:42.270  1078  1677 I am_uid_running: 10022
04-28 16:12:42.301  1078  1127 I am_proc_start: [0,4821,10022,com.android.cellbroadcastreceiver,broadcast,com.android.cellbroadcastreceiver/.CellBroadcastReceiver]
04-28 16:12:42.337  1078  1677 I am_proc_bound: [0,4821,com.android.cellbroadcastreceiver]
04-28 16:12:42.405  1078  2150 I am_uid_running: 10038
04-28 16:12:42.432  1078  2150 I am_kill : [0,2199,com.android.deskclock,906,empty #17]
04-28 16:12:42.439  1078  1127 I am_proc_start: [0,4845,10038,com.android.contacts,broadcast,com.android.contacts/.interactions.OnBootOrUpgradeReceiver]
04-28 16:12:42.485  1078  2150 I am_proc_bound: [0,4845,com.android.contacts]
04-28 16:12:42.503  1078  1124 I am_pss  : [3747,1000,com.ecarx.privatelocking,4881408,3768320,0,55033856,0,9,42]
04-28 16:12:42.504  1078  1098 I am_proc_died: [0,2199,com.android.deskclock,906,18]
04-28 16:12:42.504  1078  1098 I am_uid_stopped: 10060
04-28 16:12:42.560  1078  1124 I am_pss  : [3754,10066,net.easyconn,11011072,6651904,0,55058432,0,18,36]
04-28 16:12:42.588  1078  2150 I sysui_multi_action: [757,856,758,1,806,com.android.contacts,857,DEFAULT_CHANNEL,858,2]
04-28 16:12:42.591  1078  2150 I am_uid_running: 10060
04-28 16:12:42.592  1078  2150 I am_kill : [0,2678,com.baidu.input,906,empty #17]
04-28 16:12:42.645  1078  1124 I am_pss  : [4265,1000,ecarx.launcher3:appsvr,97361920,91750400,0,129175552,0,2,45]
04-28 16:12:42.656  1078  1078 I commit_sys_config_file: [notification-policy,68]
04-28 16:12:42.669  1078  1127 I am_proc_start: [0,4871,10060,com.android.deskclock,broadcast,com.android.deskclock/.AlarmInitReceiver]
04-28 16:12:42.685  1078  1124 I am_pss  : [3819,10019,com.android.managedprovisioning,4140032,3485696,0,49147904,0,18,33]
04-28 16:12:42.688  1078  2283 I am_proc_died: [0,2678,com.baidu.input,906,18]
04-28 16:12:42.688  1078  2283 I am_uid_stopped: 10053
04-28 16:12:42.723  1078  1693 I am_proc_bound: [0,4871,com.android.deskclock]
04-28 16:12:42.737  1078  1124 I am_pss  : [3113,1000,com.android.keychain,3416064,2785280,0,48078848,0,18,35]
04-28 16:12:42.896  1078  1693 I am_uid_running: 10074
04-28 16:12:42.899  1078  1693 I am_kill : [0,3219,com.autonavi.amapauto:adiu,906,empty #17]
04-28 16:12:42.917  1078  1127 I am_proc_start: [0,4891,10074,com.android.email,broadcast,com.android.email/.service.EmailUpgradeBroadcastReceiver]
04-28 16:12:42.950  1078  1677 I am_proc_bound: [0,4891,com.android.email]
04-28 16:12:42.987  1078  1677 I am_proc_died: [0,3219,com.autonavi.amapauto:adiu,906,18]
04-28 16:12:43.107  1078  1677 I am_new_intent: [0,36408200,9,ecarx.launcher3/.AppPane,NULL,NULL,NULL,268435456]
04-28 16:12:43.471  1078  1693 I am_uid_running: 1027
04-28 16:12:43.504  1078  1127 I am_proc_start: [0,4919,1027,com.android.nfc,broadcast,com.android.nfc/.NfcBootCompletedReceiver]
04-28 16:12:43.536  1078  1098 I am_proc_bound: [0,4919,com.android.nfc]
04-28 16:12:43.541  1078  1124 I am_pss  : [3842,10076,com.android.gallery3d,4929536,4276224,0,51118080,0,18,41]
04-28 16:12:43.585  1078  1124 I am_pss  : [4400,1000,com.ecarx.xcvehicle,17964032,16019456,0,71053312,0,3,36]
04-28 16:12:43.607  1078  2531 I am_kill : [0,3016,com.android.printspooler,906,empty #17]
04-28 16:12:43.628  1078  1098 I am_uid_running: 10024
04-28 16:12:43.629  1078  1098 I am_kill : [0,3667,com.ecarx.diagnostic,906,empty #17]
04-28 16:12:43.639  1078  1138 I am_uid_stopped: 1027
04-28 16:12:43.642  1078  1138 I am_kill : [0,4919,com.android.nfc,900,change com.android.nfc]
04-28 16:12:43.662  1078  1127 I am_proc_start: [0,4937,10024,com.android.onetimeinitializer,broadcast,com.android.onetimeinitializer/.OneTimeInitializerReceiver]
04-28 16:12:43.689  1078  1693 I am_new_intent: [0,36408200,9,ecarx.launcher3/.AppPane,NULL,NULL,NULL,268435456]
04-28 16:12:43.713  1078  1078 I notification_cancel_all: [1000,1078,com.android.nfc,0,0,0,5,NULL]
04-28 16:12:43.719  1078  2531 I am_proc_died: [0,3016,com.android.printspooler,906,18]
04-28 16:12:43.719  1078  2531 I am_uid_stopped: 10079
04-28 16:12:43.727  1078  1098 I am_proc_bound: [0,4937,com.android.onetimeinitializer]
04-28 16:12:43.738  1078  1098 I am_proc_died: [0,3667,com.ecarx.diagnostic,906,18]
04-28 16:12:43.738  1078  1098 I am_uid_stopped: 10007
04-28 16:12:43.741  1078  1078 I commit_sys_config_file: [notification-policy,27]
04-28 16:12:43.825  1078  2531 I am_uid_running: 10034
04-28 16:12:43.845  1078  1127 I am_proc_start: [0,4956,10034,com.android.packageinstaller,broadcast,com.android.packageinstaller/.TemporaryFileManager]
04-28 16:12:43.896  1078  2531 I am_proc_bound: [0,4956,com.android.packageinstaller]
04-28 16:12:43.947  1078  2531 I am_kill : [0,3683,ecarx.gallery,906,empty #17]
04-28 16:12:44.037  1078  2531 I am_proc_died: [0,3683,ecarx.gallery,906,18]
04-28 16:12:44.037  1078  2531 I am_uid_stopped: 10056
04-28 16:12:44.121  4265  4265 I am_on_paused_called: [0,ecarx.launcher3.AppPane,performPause]
04-28 16:12:44.124  1078  1677 I am_new_intent: [0,29562459,8,ecarx.launcher3/.Launcher,android.intent.action.MAIN,NULL,NULL,268435712]
04-28 16:12:44.126  1078  1677 I wm_task_moved: [8,0,2147483647]
04-28 16:12:44.129  1078  1677 I am_focused_stack: [0,0,4,bringingFoundTaskToFront]
04-28 16:12:44.130  1078  1677 I wm_task_moved: [8,0,2147483647]
04-28 16:12:44.131  1078  1677 I am_pause_activity: [0,36408200,ecarx.launcher3/.AppPane,userLeaving=true]
04-28 16:12:44.134  1078  1677 I am_set_resumed_activity: [0,ecarx.launcher3/.Launcher,resumeTopActivityInnerLocked]
04-28 16:12:44.137  1078  1677 I am_resume_activity: [0,29562459,8,ecarx.launcher3/.Launcher]
04-28 16:12:44.138  1078  1677 I am_task_to_front: [0,8]
04-28 16:12:44.146  1078  1125 I sysui_multi_action: [757,1144,758,8,806,ecarx.launcher3,871,ecarx.launcher3.Launcher]
04-28 16:12:44.151  4179  4179 I am_on_resume_called: [0,ecarx.launcher3.Launcher,performNewIntents]
04-28 16:12:44.152  4179  4179 I am_on_paused_called: [0,ecarx.launcher3.Launcher,performPause]
04-28 16:12:44.156  4179  4179 I am_on_resume_called: [0,ecarx.launcher3.Launcher,RESUME_ACTIVITY]
04-28 16:12:44.165  4265  4265 I am_on_resume_called: [0,ecarx.launcher3.AppPane,performNewIntents]
04-28 16:12:44.180  4265  4265 I am_on_paused_called: [0,ecarx.launcher3.AppPane,performPause]
04-28 16:12:44.189  1078  1677 I am_new_intent: [0,36408200,9,ecarx.launcher3/.AppPane,NULL,NULL,NULL,268435456]
04-28 16:12:44.190  1078  1677 I wm_task_moved: [9,0,2147483647]
04-28 16:12:44.192  1078  1677 I am_focused_stack: [0,4,0,bringingFoundTaskToFront]
04-28 16:12:44.192  1078  1677 I wm_task_moved: [9,0,2147483647]
04-28 16:12:44.193  1078  1677 I am_task_to_front: [0,9]
04-28 16:12:44.200  4265  4265 I am_on_resume_called: [0,ecarx.launcher3.AppPane,performNewIntents]
04-28 16:12:44.241  4265  4265 I am_on_paused_called: [0,ecarx.launcher3.AppPane,performPause]
04-28 16:12:44.242  1078  1098 I am_pause_activity: [0,29562459,ecarx.launcher3/.Launcher,userLeaving=false]
04-28 16:12:44.244  4179  4179 I am_on_paused_called: [0,ecarx.launcher3.Launcher,performPause]
04-28 16:12:44.252  1078  1125 I sysui_count: [window_time_0,2]
04-28 16:12:44.252  1078  1125 I sysui_multi_action: [757,803,799,window_time_0,802,2]
04-28 16:12:44.254  1078  1693 I am_set_resumed_activity: [0,ecarx.launcher3/.AppPane,resumeTopActivityInnerLocked]
04-28 16:12:44.256  1078  1693 I am_resume_activity: [0,36408200,9,ecarx.launcher3/.AppPane]
04-28 16:12:44.268  1078  1125 I sysui_count: [window_time_0,1]
04-28 16:12:44.268  1078  1125 I sysui_multi_action: [757,803,799,window_time_0,802,1]
04-28 16:12:44.272  1078  1693 I am_new_intent: [0,29562459,8,ecarx.launcher3/.Launcher,android.intent.action.MAIN,NULL,NULL,268435712]
04-28 16:12:44.274  1078  1693 I wm_task_moved: [8,0,2147483647]
04-28 16:12:44.275  1078  1693 I am_focused_stack: [0,0,4,bringingFoundTaskToFront]
04-28 16:12:44.276  1078  1693 I wm_task_moved: [8,0,2147483647]
04-28 16:12:44.276  1078  1693 I am_pause_activity: [0,36408200,ecarx.launcher3/.AppPane,userLeaving=true]
04-28 16:12:44.278  1078  1693 I am_set_resumed_activity: [0,ecarx.launcher3/.Launcher,resumeTopActivityInnerLocked]
04-28 16:12:44.283  1078  1693 I am_resume_activity: [0,29562459,8,ecarx.launcher3/.Launcher]
04-28 16:12:44.287  1078  1693 I am_task_to_front: [0,8]
04-28 16:12:44.300  1078  1125 I dvm_lock_sample: [system_server,1,ActivityManager,20,VrController.java,183,boolean com.android.server.am.VrController.onVrModeChanged(com.android.server.am.ActivityRecord),ActivityStarter.java,1023,int com.android.server.am.ActivityStarter.startActivityMayWait(android.app.IApplicationThread, int, java.lang.String, android.content.Intent, java.lang.String, android.service.voice.IVoiceInteractionSession, com.android.internal.app.IVoiceInteractor, android.os.IBinder, java.lang.String, int, int, android.app.ProfilerInfo, android.app.WaitResult, android.content.res.Configuration, com.android.server.am.SafeActivityOptions, boolean, int, com.android.server.am.TaskRecord, java.lang.String, boolean),4]
04-28 16:12:44.300  1078  1125 I sysui_multi_action: [757,1144,758,9,806,ecarx.launcher3,871,ecarx.launcher3.Launcher]
04-28 16:12:44.302  1078  1176 I dvm_lock_sample: [system_server,1,android.anim,11,WindowSurfacePlacer.java,117,void com.android.server.wm.WindowSurfacePlacer.lambda$new$0(com.android.server.wm.WindowSurfacePlacer),WindowManagerService.java,2880,void com.android.server.wm.WindowManagerService.continueSurfaceLayout(),2]
04-28 16:12:44.302  4179  4179 I am_on_resume_called: [0,ecarx.launcher3.Launcher,performNewIntents]
04-28 16:12:44.303  4179  4179 I am_on_paused_called: [0,ecarx.launcher3.Launcher,performPause]
04-28 16:12:44.310  1078  1678 I am_new_intent: [0,36408200,9,ecarx.launcher3/.AppPane,NULL,NULL,NULL,268435456]
04-28 16:12:44.311  1078  1678 I wm_task_moved: [9,0,2147483647]
04-28 16:12:44.312  1078  1678 I am_focused_stack: [0,4,0,bringingFoundTaskToFront]
04-28 16:12:44.312  1078  1678 I wm_task_moved: [9,0,2147483647]
04-28 16:12:44.313  1078  1678 I am_task_to_front: [0,9]
04-28 16:12:44.330  4179  4179 I am_on_resume_called: [0,ecarx.launcher3.Launcher,RESUME_ACTIVITY]
04-28 16:12:44.361  4265  4265 I am_on_resume_called: [0,ecarx.launcher3.AppPane,RESUME_ACTIVITY]
04-28 16:12:44.415  4265  4265 I am_on_paused_called: [0,ecarx.launcher3.AppPane,performPause]
04-28 16:12:44.416  1078  1098 I am_pause_activity: [0,29562459,ecarx.launcher3/.Launcher,userLeaving=false]
04-28 16:12:44.420  4179  4179 I am_on_paused_called: [0,ecarx.launcher3.Launcher,performPause]
04-28 16:12:44.438  1078  1125 I sysui_count: [window_time_0,0]
04-28 16:12:44.438  1078  1125 I sysui_multi_action: [757,803,799,window_time_0,802,0]
04-28 16:12:44.441  1078  1677 I am_set_resumed_activity: [0,ecarx.launcher3/.AppPane,resumeTopActivityInnerLocked]
04-28 16:12:44.443  1078  1677 I am_resume_activity: [0,36408200,9,ecarx.launcher3/.AppPane]
04-28 16:12:44.459  1078  1125 I sysui_count: [window_time_0,0]
04-28 16:12:44.459  1078  1125 I sysui_multi_action: [757,803,799,window_time_0,802,0]
04-28 16:12:44.464  1078  1677 I am_new_intent: [0,29562459,8,ecarx.launcher3/.Launcher,android.intent.action.MAIN,NULL,NULL,268435712]
04-28 16:12:44.465  1078  1677 I wm_task_moved: [8,0,2147483647]
04-28 16:12:44.467  1078  1677 I am_focused_stack: [0,0,4,bringingFoundTaskToFront]
04-28 16:12:44.467  1078  1677 I wm_task_moved: [8,0,2147483647]
04-28 16:12:44.469  1078  1677 I am_pause_activity: [0,36408200,ecarx.launcher3/.AppPane,userLeaving=true]
04-28 16:12:44.474  1078  1677 I am_set_resumed_activity: [0,ecarx.launcher3/.Launcher,resumeTopActivityInnerLocked]
04-28 16:12:44.478  1078  1677 I am_resume_activity: [0,29562459,8,ecarx.launcher3/.Launcher]
04-28 16:12:44.480  1078  1677 I am_task_to_front: [0,8]
04-28 16:12:44.488  4179  4179 I am_on_resume_called: [0,ecarx.launcher3.Launcher,performNewIntents]
04-28 16:12:44.489  4179  4179 I am_on_paused_called: [0,ecarx.launcher3.Launcher,performPause]
04-28 16:12:44.493  4179  4179 I am_on_resume_called: [0,ecarx.launcher3.Launcher,RESUME_ACTIVITY]
04-28 16:12:44.524  4265  4265 I am_on_resume_called: [0,ecarx.launcher3.AppPane,RESUME_ACTIVITY]
04-28 16:12:44.530  1078  1124 I am_pss  : [2907,10095,com.autonavi.amapauto,30986240,19591168,0,82690048,0,3,40]
04-28 16:12:44.570  1078  1124 I am_pss  : [3538,10095,com.autonavi.amapauto:locationservice,18340864,7200768,0,68820992,0,3,34]
04-28 16:12:44.616  4265  4265 I am_on_paused_called: [0,ecarx.launcher3.AppPane,performPause]
04-28 16:12:44.627  1078  1125 I am_stop_activity: [0,36408200,ecarx.launcher3/.AppPane]
04-28 16:12:44.628  1078  1125 I sysui_count: [window_time_0,0]
04-28 16:12:44.628  1078  1125 I sysui_multi_action: [757,803,799,window_time_0,802,0]
04-28 16:12:44.668  4265  4265 I am_on_stop_called: [0,ecarx.launcher3.AppPane,STOP_ACTIVITY_ITEM]
04-28 16:12:44.836  1078  1098 I am_new_intent: [0,36408200,9,ecarx.launcher3/.AppPane,NULL,NULL,NULL,268435456]
04-28 16:12:44.841  1078  1098 I wm_task_moved: [9,0,2147483647]
04-28 16:12:44.844  1078  1098 I am_focused_stack: [0,4,0,bringingFoundTaskToFront]
04-28 16:12:44.846  1078  1098 I wm_task_moved: [9,0,2147483647]
04-28 16:12:44.850  1078  1098 I am_pause_activity: [0,29562459,ecarx.launcher3/.Launcher,userLeaving=true]
04-28 16:12:44.852  4179  4179 I am_on_paused_called: [0,ecarx.launcher3.Launcher,performPause]
04-28 16:12:44.856  1078  1098 I am_task_to_front: [0,9]
04-28 16:12:44.860  1078  2531 I am_set_resumed_activity: [0,ecarx.launcher3/.AppPane,resumeTopActivityInnerLocked]
04-28 16:12:44.864  1078  2531 I am_resume_activity: [0,36408200,9,ecarx.launcher3/.AppPane]
04-28 16:12:44.871  4265  4265 I am_on_restart_called: [0,ecarx.launcher3.AppPane,performRestartActivity]
04-28 16:12:44.873  1078  1125 I sysui_count: [window_time_0,0]
04-28 16:12:44.874  1078  1125 I sysui_multi_action: [757,803,799,window_time_0,802,0]
04-28 16:12:44.913  4265  4265 I am_on_start_called: [0,ecarx.launcher3.AppPane,handleStartActivity]
04-28 16:12:44.944  1078  1098 I am_wtf  : [0,1078,system_server,-1,ActivityManager,Sending non-protected broadcast ecarx.launcher3.action.FIRST_LOAD_COMPLETE from system 4265:ecarx.launcher3:appsvr/1000 pkg ecarx.launcher3]
04-28 16:12:44.951  4265  4265 I am_on_resume_called: [0,ecarx.launcher3.AppPane,RESUME_ACTIVITY]
04-28 16:12:45.077  1078  1124 I sysui_multi_action: [319,25,322,603,325,153,757,761,758,9,759,2,806,ecarx.launcher3,871,ecarx.launcher3.AppPane,904,com.android.systemui,905,0,1320,5,1321,1]
04-28 16:12:45.434  1078  1125 I am_stop_activity: [0,29562459,ecarx.launcher3/.Launcher]
04-28 16:12:45.465  4179  4179 I am_on_stop_called: [0,ecarx.launcher3.Launcher,STOP_ACTIVITY_ITEM]
04-28 16:12:45.494  1078  1124 I am_pss  : [1870,10033,com.android.defcontainer,3932160,3190784,0,50028544,0,18,36]
04-28 16:12:51.450  1078  1138 I commit_sys_config_file: [package-user-0,24]
04-28 16:12:51.458  1078  1138 I dvm_lock_sample: [system_server,0,PackageManager,6,ActivityManagerService.java,21980,int com.android.server.am.ActivityManagerService.broadcastIntent(android.app.IApplicationThread, android.content.Intent, java.lang.String, android.content.IIntentReceiver, int, java.lang.String, android.os.Bundle, java.lang.String[], int, android.os.Bundle, boolean, boolean, int),BroadcastQueue.java,824,void com.android.server.am.BroadcastQueue.processNextBroadcast(boolean),1]
04-28 16:12:51.686  1078  1078 I commit_sys_config_file: [notification-policy,8]
04-28 16:12:54.544  1078  1124 I am_pss  : [3962,1000,com.ecarx.parking,12454912,10993664,0,61669376,0,9,46]
04-28 16:12:54.584  1078  1124 I am_pss  : [3172,1002,com.android.bluetooth,12142592,10686464,0,65036288,0,0,39]
04-28 16:13:05.139  1078  1125 I am_uid_idle: 10033
04-28 16:13:05.950  1078  2283 I am_new_intent: [0,36408200,9,ecarx.launcher3/.AppPane,NULL,NULL,NULL,268435456]
04-28 16:13:05.953  4265  4265 I am_on_paused_called: [0,ecarx.launcher3.AppPane,performPause]
04-28 16:13:05.965  1078  2283 I am_new_intent: [0,29562459,8,ecarx.launcher3/.Launcher,android.intent.action.MAIN,NULL,NULL,268435712]
04-28 16:13:05.966  1078  2283 I wm_task_moved: [8,0,2147483647]
04-28 16:13:05.967  1078  2283 I am_focused_stack: [0,0,4,bringingFoundTaskToFront]
04-28 16:13:05.967  1078  2283 I wm_task_moved: [8,0,2147483647]
04-28 16:13:05.968  1078  2283 I am_pause_activity: [0,36408200,ecarx.launcher3/.AppPane,userLeaving=true]
04-28 16:13:05.970  1078  2283 I am_set_resumed_activity: [0,ecarx.launcher3/.Launcher,resumeTopActivityInnerLocked]
04-28 16:13:05.974  1078  2283 I am_kill : [0,3113,com.android.keychain,906,empty #17]
04-28 16:13:05.974  1078  2283 I am_kill : [0,3754,net.easyconn,906,empty #18]
04-28 16:13:05.976  1078  2283 I am_resume_activity: [0,29562459,8,ecarx.launcher3/.Launcher]
04-28 16:13:05.985  4179  4179 I am_on_restart_called: [0,ecarx.launcher3.Launcher,performRestartActivity]
04-28 16:13:05.985  1078  2283 I am_task_to_front: [0,8]
04-28 16:13:05.994  4179  4179 I am_on_start_called: [0,ecarx.launcher3.Launcher,handleStartActivity]
04-28 16:13:06.008  4265  4265 I am_on_resume_called: [0,ecarx.launcher3.AppPane,performNewIntents]
04-28 16:13:06.009  4265  4265 I am_on_paused_called: [0,ecarx.launcher3.AppPane,performPause]
04-28 16:13:06.017  1078  1125 I am_stop_activity: [0,36408200,ecarx.launcher3/.AppPane]
04-28 16:13:06.017  1078  1125 I sysui_count: [window_time_0,21]
04-28 16:13:06.017  1078  1125 I sysui_multi_action: [757,803,799,window_time_0,802,21]
04-28 16:13:06.020  4265  4265 I am_on_stop_called: [0,ecarx.launcher3.AppPane,STOP_ACTIVITY_ITEM]
04-28 16:13:06.040  4179  4179 I am_on_resume_called: [0,ecarx.launcher3.Launcher,RESUME_ACTIVITY]
04-28 16:13:06.043  1078  1124 I am_pss  : [2922,1000,com.ecarx.provision,36799488,33914880,0,99667968,0,17,38]
04-28 16:13:06.085  1078  1124 I am_pss  : [3203,10027,com.ecarx.sdk.openapi,12054528,10850304,0,60411904,0,3,36]
04-28 16:13:06.091  1078  1678 I am_proc_died: [0,3113,com.android.keychain,906,18]
04-28 16:13:06.152  1078  3074 I dvm_lock_sample: [system_server,1,Binder:1078_10,47,ActivityManagerService.java,26993,int com.android.server.am.ActivityManagerService.getLastResumedActivityUserId(),-,1889,void com.android.server.am.ActivityManagerService$AppDeathRecipient.binderDied(),9]
04-28 16:13:06.154  1078  1124 I am_pss  : [4956,10034,com.android.packageinstaller,4892672,4247552,0,49217536,0,18,33]
04-28 16:13:06.154  1078  2735 I am_proc_died: [0,3754,net.easyconn,906,18]
04-28 16:13:06.154  1078  2735 I am_uid_stopped: 10066
04-28 16:13:06.166  4265  4265 I service_manager_slow: [23,autofill]
04-28 16:13:06.272  1078  1124 I am_pss  : [4937,10024,com.android.onetimeinitializer,3144704,2506752,0,47931392,0,18,35]
04-28 16:13:06.335  1078  1124 I am_pss  : [4891,10074,com.android.email,7191552,5992448,0,58208256,0,18,41]
04-28 16:13:06.380  1078  1124 I am_pss  : [4871,10060,com.android.deskclock,5301248,4182016,0,54640640,0,18,36]
04-28 16:13:06.415  1078  1124 I am_pss  : [4845,10038,com.android.contacts,4315136,3387392,0,50511872,0,18,33]
04-28 16:13:06.451  1078  1124 I am_pss  : [4780,10037,com.android.car.hvac,8204288,6742016,0,62124032,0,9,35]
04-28 16:13:06.484  1078  1124 I am_pss  : [4821,10022,com.android.cellbroadcastreceiver,5465088,4784128,0,51240960,0,18,33]
04-28 16:13:06.519  1078  1124 I am_pss  : [4800,10041,com.android.car.messenger,3993600,3321856,0,49152000,0,9,34]
04-28 16:13:06.554  1078  1124 I am_pss  : [4760,10048,com.android.camera2,4274176,3297280,0,50270208,0,18,34]
04-28 16:13:06.589  1078  1124 I am_pss  : [4697,10080,com.android.calendar,4970496,3751936,0,53653504,0,9,34]
04-28 16:13:06.634  1078  1124 I am_pss  : [4740,10036,android.car.usb.handler,3118080,2498560,0,46866432,0,18,34]
04-28 16:13:06.683  1078  1124 I am_pss  : [3342,1000,com.ecarx.xiaoka,37021696,29474816,0,85499904,0,9,41]
04-28 16:13:06.720  1078  1124 I am_pss  : [4723,1000,com.ecarx.xcgoncall,3875840,3198976,0,49655808,0,9,33]
04-28 16:13:06.770  1078  1124 I am_pss  : [2989,1000,ecarx.membercenter,52530176,49061888,0,121397248,0,3,38]
04-28 16:13:06.811  1078  1124 I am_pss  : [4674,1000,com.qti.diagservices,3402752,2744320,0,49238016,0,9,35]
04-28 16:13:06.850  1078  1124 I am_pss  : [3310,1000,com.ecarx.statemanager.service,5022720,4325376,0,52563968,0,3,35]
04-28 16:13:06.889  1078  1124 I am_pss  : [4517,1000,com.qualcomm.display,3503104,2875392,0,48345088,0,18,36]
04-28 16:13:06.925  1078  1124 I am_pss  : [4400,1000,com.ecarx.xcvehicle,18042880,16101376,0,71213056,0,3,35]
04-28 16:13:06.961  1078  1124 I am_pss  : [3910,1000,com.ecarx.settings,14555136,12591104,0,66187264,0,3,34]
04-28 16:13:07.003  1078  1124 I am_pss  : [4231,10073,com.ecarx.mycar,22241280,19525632,0,86654976,0,3,39]
04-28 16:13:07.039  1078  1124 I am_pss  : [3461,10011,android.process.media,6819840,5459968,0,60481536,0,18,35]
04-28 16:13:07.075  1078  1124 I am_pss  : [4254,1000,ecarx.controlboard,8311808,6635520,0,63377408,0,3,35]
04-28 16:13:07.115  1078  1124 I am_pss  : [4128,10045,com.qihoo360.vehiclesafe,15801344,15011840,0,64086016,0,9,35]
