04-28 16:11:35.352  1078  1135 I dvm_lock_sample: [system_server,1,PowerManagerService,40,PowerManagerService.java,2206,void com.android.server.power.PowerManagerService.handleSandman(),-,971,void com.android.server.power.PowerManagerService.acquireWakeLockInternal(android.os.IBinder, int, java.lang.String, java.lang.String, android.os.WorkSource, java.lang.String, int, int),8]
04-28 16:11:35.381  1078  1132 I commit_sys_config_file: [package-session,68]
04-28 16:11:35.382  1078  1124 I commit_sys_config_file: [package-perms-0,45]
04-28 16:11:35.416  1839  1991 I sysui_multi_action: [757,1093,758,4,1094,9437248,1095,4,1359,1467]
04-28 16:11:35.472  1078  1170 I commit_sys_config_file: [package-session,90]
04-28 16:11:35.473  1078  1132 I commit_sys_config_file: [overlays,21]
04-28 16:11:35.579  1078  1138 I commit_sys_config_file: [package-user-0,5]
04-28 16:11:35.579  1078  1138 I commit_sys_config_file: [package,108]
04-28 16:11:35.580  1078  2150 I dvm_lock_sample: [system_server,1,Binder:1078_A,162,PackageManagerService.java,4061,android.content.pm.PackageInfo com.android.server.pm.PackageManagerService.getPackageInfoInternal(java.lang.String, long, int, int, int),-,16927,void com.android.server.pm.PackageManagerService.updateSettingsInternalLI(android.content.pm.PackageParser$Package, java.lang.String, int[], int[], com.android.server.pm.PackageManagerService$PackageInstalledInfo, android.os.UserHandle, int),32]
04-28 16:11:35.580  1078  1693 I dvm_lock_sample: [system_server,1,Binder:1078_8,145,PackageManagerService.java,5328,int com.android.server.pm.PackageManagerService.checkUidPermission(java.lang.String, int),-,16927,void com.android.server.pm.PackageManagerService.updateSettingsInternalLI(android.content.pm.PackageParser$Package, java.lang.String, int[], int[], com.android.server.pm.PackageManagerService$PackageInstalledInfo, android.os.UserHandle, int),29]
04-28 16:11:35.581  1078  2283 I dvm_lock_sample: [system_server,1,Binder:1078_B,145,PackageManagerService.java,6550,java.lang.String com.android.server.pm.PackageManagerService.getInstantAppPackageName(int),-,16927,void com.android.server.pm.PackageManagerService.updateSettingsInternalLI(android.content.pm.PackageParser$Package, java.lang.String, int[], int[], com.android.server.pm.PackageManagerService$PackageInstalledInfo, android.os.UserHandle, int),29]
04-28 16:11:35.581  1078  1170 I dvm_lock_sample: [system_server,0,PackageInstaller,109,PackageManagerService.java,5328,int com.android.server.pm.PackageManagerService.checkUidPermission(java.lang.String, int),-,16927,void com.android.server.pm.PackageManagerService.updateSettingsInternalLI(android.content.pm.PackageParser$Package, java.lang.String, int[], int[], com.android.server.pm.PackageManagerService$PackageInstalledInfo, android.os.UserHandle, int),21]
04-28 16:11:35.600  1078  1078 I notification_cancel_all: [1000,1078,ecarx.news.louder.highlight1,0,0,0,5,NULL]
04-28 16:11:35.601  1078  1078 I notification_cancel_all: [1000,1078,ecarx.news.louder.highlight2,0,0,0,5,NULL]
04-28 16:11:35.643  1078  1534 I commit_sys_config_file: [package-session,172]
04-28 16:11:35.644  1078  1078 I commit_sys_config_file: [notification-policy,43]
04-28 16:11:35.646  1078  1138 I unknown_sources_enabled: 1
04-28 16:11:35.656   495   495 I auditd  : avc:  denied  { find } for service=lgecar_support_service pid=1839 uid=10010 scontext=u:r:platform_app:s0:c512,c768 tcontext=u:object_r:default_android_service:s0 tclass=service_manager permissive=1
04-28 16:11:35.673  1078  1132 I commit_sys_config_file: [package-session,20]
04-28 16:11:35.673  2376  2402 I bt_config_source: 4
04-28 16:11:35.716  1078  1132 I commit_sys_config_file: [package-session,42]
04-28 16:11:35.769  1078  1172 I commit_sys_config_file: [package-session,22]
04-28 16:11:35.791  1078  1132 I commit_sys_config_file: [overlays,17]
04-28 16:11:35.794  1078  1078 I notification_cancel_all: [1000,1078,ecarx.news.louder.highlight3,0,0,0,5,NULL]
04-28 16:11:35.796  1078  1170 I commit_sys_config_file: [package-session,7]
04-28 16:11:35.800  1078  1078 I commit_sys_config_file: [notification-policy,6]
04-28 16:11:35.923  1078  1138 I commit_sys_config_file: [package-user-0,5]
04-28 16:11:35.923  1078  1138 I commit_sys_config_file: [package,90]
04-28 16:11:35.923  1078  1172 I dvm_lock_sample: [system_server,1,Binder:1078_3,126,PackageManagerService.java,4349,int com.android.server.pm.PackageManagerService.getPackageUid(java.lang.String, int, int),-,16927,void com.android.server.pm.PackageManagerService.updateSettingsInternalLI(android.content.pm.PackageParser$Package, java.lang.String, int[], int[], com.android.server.pm.PackageManagerService$PackageInstalledInfo, android.os.UserHandle, int),25]
04-28 16:11:35.924  1078  1693 I dvm_lock_sample: [system_server,1,Binder:1078_8,126,PackageManagerService.java,5328,int com.android.server.pm.PackageManagerService.checkUidPermission(java.lang.String, int),-,16927,void com.android.server.pm.PackageManagerService.updateSettingsInternalLI(android.content.pm.PackageParser$Package, java.lang.String, int[], int[], com.android.server.pm.PackageManagerService$PackageInstalledInfo, android.os.UserHandle, int),25]
04-28 16:11:35.934  1078  1132 I commit_sys_config_file: [package-session,10]
04-28 16:11:35.959  1078  1132 I commit_sys_config_file: [package-session,16]
04-28 16:11:35.976  1078  1138 I unknown_sources_enabled: 1
04-28 16:11:35.996  1078  1534 I commit_sys_config_file: [package-session,22]
04-28 16:11:36.099  1078  1170 I commit_sys_config_file: [package-session,6]
04-28 16:11:36.099  1078  1132 I commit_sys_config_file: [overlays,18]
04-28 16:11:36.113  1078  1132 I commit_sys_config_file: [package-session,11]
04-28 16:11:36.124  1078  1078 I notification_cancel_all: [1000,1078,ecarx.gallery.louder,0,0,0,5,NULL]
04-28 16:11:36.126  1078  1132 I commit_sys_config_file: [package-session,11]
04-28 16:11:36.132  1078  1078 I commit_sys_config_file: [notification-policy,8]
04-28 16:11:36.257  1078  1138 I commit_sys_config_file: [package-user-0,5]
04-28 16:11:36.257  1078  1138 I commit_sys_config_file: [package,97]
04-28 16:11:36.258  1078  1097 I dvm_lock_sample: [system_server,1,Binder:1078_1,65,PackageManagerService.java,4061,android.content.pm.PackageInfo com.android.server.pm.PackageManagerService.getPackageInfoInternal(java.lang.String, long, int, int, int),-,16927,void com.android.server.pm.PackageManagerService.updateSettingsInternalLI(android.content.pm.PackageParser$Package, java.lang.String, int[], int[], com.android.server.pm.PackageManagerService$PackageInstalledInfo, android.os.UserHandle, int),13]
04-28 16:11:36.276  1078  1693 I commit_sys_config_file: [package-session,15]
04-28 16:11:36.313  1078  1138 I unknown_sources_enabled: 1
04-28 16:11:36.417  1078  1078 I notification_cancel_all: [1000,1078,ecarx.gallery.louder.highlight1,0,0,0,5,NULL]
04-28 16:11:36.532  1078  1132 I commit_sys_config_file: [package-session,250]
04-28 16:11:36.553  1078  1078 I commit_sys_config_file: [notification-policy,136]
04-28 16:11:36.558  1078  1170 I commit_sys_config_file: [package-session,24]
04-28 16:11:36.558  1078  1132 I commit_sys_config_file: [overlays,26]
04-28 16:11:36.783  1078  1132 I commit_sys_config_file: [package-session,224]
04-28 16:11:37.048  1078  1138 I commit_sys_config_file: [package-user-0,263]
04-28 16:11:37.048  1078  1138 I commit_sys_config_file: [package,584]
04-28 16:11:37.048  1078  2283 I dvm_lock_sample: [system_server,1,Binder:1078_B,613,PackageManagerService.java,5328,int com.android.server.pm.PackageManagerService.checkUidPermission(java.lang.String, int),-,16927,void com.android.server.pm.PackageManagerService.updateSettingsInternalLI(android.content.pm.PackageParser$Package, java.lang.String, int[], int[], com.android.server.pm.PackageManagerService$PackageInstalledInfo, android.os.UserHandle, int),100]
04-28 16:11:37.049  1078  1534 I dvm_lock_sample: [system_server,1,Binder:1078_4,488,PackageManagerService.java,4061,android.content.pm.PackageInfo com.android.server.pm.PackageManagerService.getPackageInfoInternal(java.lang.String, long, int, int, int),-,16927,void com.android.server.pm.PackageManagerService.updateSettingsInternalLI(android.content.pm.PackageParser$Package, java.lang.String, int[], int[], com.android.server.pm.PackageManagerService$PackageInstalledInfo, android.os.UserHandle, int),97]
04-28 16:11:37.049  1078  1172 I dvm_lock_sample: [system_server,1,Binder:1078_3,614,PackageManagerService.java,4061,android.content.pm.PackageInfo com.android.server.pm.PackageManagerService.getPackageInfoInternal(java.lang.String, long, int, int, int),-,16927,void com.android.server.pm.PackageManagerService.updateSettingsInternalLI(android.content.pm.PackageParser$Package, java.lang.String, int[], int[], com.android.server.pm.PackageManagerService$PackageInstalledInfo, android.os.UserHandle, int),100]
04-28 16:11:37.052  1078  1124 I dvm_lock_sample: [system_server,0,android.bg,376,Settings.java,5198,void com.android.server.pm.Settings$RuntimePermissionPersistence.writePermissionsSync(int),PackageManagerService.java,16927,void com.android.server.pm.PackageManagerService.updateSettingsInternalLI(android.content.pm.PackageParser$Package, java.lang.String, int[], int[], com.android.server.pm.PackageManagerService$PackageInstalledInfo, android.os.UserHandle, int),75]
04-28 16:11:37.085  1078  1138 I unknown_sources_enabled: 1
04-28 16:11:37.086  1078  2448 I am_crash: [1078,0,com.android.bluetooth,818462277,Native crash,Aborted,unknown,0]
04-28 16:11:37.087  1078  1124 I commit_sys_config_file: [package-perms-0,31]
04-28 16:11:37.088  1078  1534 I commit_sys_config_file: [package-session,21]
04-28 16:11:37.094  1078  2448 I sysui_action: [316,-1]
04-28 16:11:37.094  1078  2448 I sysui_multi_action: [757,316,758,4,759,-1]
04-28 16:11:37.113  1078  1170 I commit_sys_config_file: [package-session,7]
04-28 16:11:37.227  1078  1132 I commit_sys_config_file: [overlays,16]
04-28 16:11:37.237  1078  1692 I am_proc_died: [0,2376,com.android.bluetooth,-700,0]
04-28 16:11:37.238  1078  1692 I am_schedule_service_restart: [0,com.android.bluetooth/.gatt.GattService,1000]
04-28 16:11:37.238  1078  1692 I am_schedule_service_restart: [0,com.android.bluetooth/.btservice.AdapterService,1000]
04-28 16:11:37.238  1078  1692 I am_uid_stopped: 1002
04-28 16:11:37.270  1078  1138 I commit_sys_config_file: [package-user-0,5]
04-28 16:11:37.270  1078  1138 I commit_sys_config_file: [package,93]
04-28 16:11:37.290  1078  1078 I notification_cancel_all: [1000,1078,ecarx.gallery.louder.highlight2,0,0,0,5,NULL]
04-28 16:11:37.330  1078  1138 I unknown_sources_enabled: 1
04-28 16:11:37.364  1078  1078 I commit_sys_config_file: [notification-policy,74]
04-28 16:11:37.365  1078  1132 I commit_sys_config_file: [package-session,88]
04-28 16:11:37.396  1078  1170 I commit_sys_config_file: [package-session,29]
04-28 16:11:37.404  1078  1132 I commit_sys_config_file: [package-session,7]
04-28 16:11:37.485  1078  1132 I commit_sys_config_file: [overlays,15]
04-28 16:11:37.547  1078  1138 I commit_sys_config_file: [package-user-0,4]
04-28 16:11:37.547  1078  1138 I commit_sys_config_file: [package,103]
04-28 16:11:37.547  1078  2150 I dvm_lock_sample: [system_server,1,Binder:1078_A,152,PackageManagerService.java,5328,int com.android.server.pm.PackageManagerService.checkUidPermission(java.lang.String, int),-,4061,android.content.pm.PackageInfo com.android.server.pm.PackageManagerService.getPackageInfoInternal(java.lang.String, long, int, int, int),30]
04-28 16:11:37.560  1078  1078 I notification_cancel_all: [1000,1078,ecarx.gallery.louder.highlight3,0,0,0,5,NULL]
04-28 16:11:37.566  1078  1132 I am_uid_running: 1002
04-28 16:11:37.569  1078  1078 I commit_sys_config_file: [notification-policy,8]
04-28 16:11:37.570  1078  1138 I unknown_sources_enabled: 1
04-28 16:11:37.571  1078  2451 I commit_sys_config_file: [package-session,14]
04-28 16:11:37.598  1078  1127 I am_proc_start: [0,2454,1002,com.android.bluetooth,service,com.android.bluetooth/.btservice.AdapterService]
04-28 16:11:37.643  2454  2454 I service_manager_slow: [14,activity]
04-28 16:11:37.655  1078  1693 I am_proc_bound: [0,2454,com.android.bluetooth]
04-28 16:11:37.673  1078  1170 I commit_sys_config_file: [package-session,35]
04-28 16:11:37.676  1078  1693 I am_uid_active: 1002
04-28 16:11:37.711  1078  2451 I dvm_lock_sample: [system_server,1,Binder:1078_C,128,OverlayManagerService.java,513,android.content.om.OverlayInfo com.android.server.om.OverlayManagerService$1.getOverlayInfo(java.lang.String, int),-,370,void com.android.server.om.OverlayManagerService$PackageReceiver.onPackageAdded(java.lang.String, int[]),25]
04-28 16:11:37.759  1078  1132 I commit_sys_config_file: [overlays,47]
04-28 16:11:37.822  1078  1138 I commit_sys_config_file: [package-user-0,5]
04-28 16:11:37.822  1078  1138 I commit_sys_config_file: [package,94]
04-28 16:11:37.823  1078  1131 I dvm_lock_sample: [system_server,0,android.fg,112,PackageManagerService.java,24177,boolean com.android.server.pm.PackageManagerService$PackageManagerInternalImpl.setEnabledOverlayPackages(int, java.lang.String, java.util.List),-,16927,void com.android.server.pm.PackageManagerService.updateSettingsInternalLI(android.content.pm.PackageParser$Package, java.lang.String, int[], int[], com.android.server.pm.PackageManagerService$PackageInstalledInfo, android.os.UserHandle, int),22]
04-28 16:11:37.824  1078  2451 I dvm_lock_sample: [system_server,1,Binder:1078_C,112,PackageManagerService.java,4475,android.content.pm.ApplicationInfo com.android.server.pm.PackageManagerService.getApplicationInfoInternal(java.lang.String, int, int, int),-,16927,void com.android.server.pm.PackageManagerService.updateSettingsInternalLI(android.content.pm.PackageParser$Package, java.lang.String, int[], int[], com.android.server.pm.PackageManagerService$PackageInstalledInfo, android.os.UserHandle, int),22]
04-28 16:11:37.854  1078  1138 I unknown_sources_enabled: 1
04-28 16:11:37.860  1078  1078 I notification_cancel_all: [1000,1078,com.ecarx.mycar.louder,0,0,0,5,NULL]
04-28 16:11:37.887  1078  1132 I commit_sys_config_file: [package-session,58]
04-28 16:11:37.893  1078  1078 I commit_sys_config_file: [notification-policy,33]
04-28 16:11:37.896  1078  1170 I commit_sys_config_file: [package-session,6]
04-28 16:11:37.907  1078  1132 I commit_sys_config_file: [package-session,10]
04-28 16:11:38.002  1078  1138 I commit_sys_config_file: [package-user-0,4]
04-28 16:11:38.002  1078  1138 I commit_sys_config_file: [package,92]
04-28 16:11:38.028  1078  1693 I commit_sys_config_file: [package-session,9]
04-28 16:11:38.042  1078  1138 I unknown_sources_enabled: 1
04-28 16:11:38.047  2454  2475 I bt_config_source: 4
04-28 16:11:38.122  1078  1693 I dvm_lock_sample: [system_server,1,Binder:1078_8,92,OverlayManagerService.java,513,android.content.om.OverlayInfo com.android.server.om.OverlayManagerService$1.getOverlayInfo(java.lang.String, int),-,370,void com.android.server.om.OverlayManagerService$PackageReceiver.onPackageAdded(java.lang.String, int[]),18]
04-28 16:11:38.192  1078  1132 I commit_sys_config_file: [overlays,70]
04-28 16:11:38.192  1078  1170 I commit_sys_config_file: [package-session,65]
04-28 16:11:38.193  1078  1131 I dvm_lock_sample: [system_server,0,android.fg,69,OverlayManagerService.java,734,void com.android.server.om.OverlayManagerService.updateOverlayPaths(int, java.util.List),-,789,void com.android.server.om.OverlayManagerService.lambda$schedulePersistSettings$1(com.android.server.om.OverlayManagerService),13]
04-28 16:11:38.276  1078  1138 I commit_sys_config_file: [package-user-0,5]
04-28 16:11:38.276  1078  1138 I commit_sys_config_file: [package,95]
04-28 16:11:38.276  1078  1692 I dvm_lock_sample: [system_server,1,Binder:1078_7,113,PackageManagerService.java,5328,int com.android.server.pm.PackageManagerService.checkUidPermission(java.lang.String, int),-,16927,void com.android.server.pm.PackageManagerService.updateSettingsInternalLI(android.content.pm.PackageParser$Package, java.lang.String, int[], int[], com.android.server.pm.PackageManagerService$PackageInstalledInfo, android.os.UserHandle, int),22]
04-28 16:11:38.278  1078  1131 I dvm_lock_sample: [system_server,0,android.fg,84,PackageManagerService.java,24177,boolean com.android.server.pm.PackageManagerService$PackageManagerInternalImpl.setEnabledOverlayPackages(int, java.lang.String, java.util.List),-,16927,void com.android.server.pm.PackageManagerService.updateSettingsInternalLI(android.content.pm.PackageParser$Package, java.lang.String, int[], int[], com.android.server.pm.PackageManagerService$PackageInstalledInfo, android.os.UserHandle, int),16]
04-28 16:11:38.288  1078  1138 I unknown_sources_enabled: 1
04-28 16:11:38.373  1078  1132 I commit_sys_config_file: [package-session,92]
04-28 16:11:38.397  1078  1132 I commit_sys_config_file: [package-session,22]
04-28 16:11:38.449  1078  1170 I commit_sys_config_file: [package-session,52]
04-28 16:11:38.449  1078  1132 I commit_sys_config_file: [overlays,12]
04-28 16:11:38.560  1078  1138 I commit_sys_config_file: [package-user-0,5]
04-28 16:11:38.560  1078  1138 I commit_sys_config_file: [package,88]
04-28 16:11:38.561  1078  1078 I dvm_lock_sample: [system_server,0,main,114,PackageManagerService.java,6550,java.lang.String com.android.server.pm.PackageManagerService.getInstantAppPackageName(int),-,16927,void com.android.server.pm.PackageManagerService.updateSettingsInternalLI(android.content.pm.PackageParser$Package, java.lang.String, int[], int[], com.android.server.pm.PackageManagerService$PackageInstalledInfo, android.os.UserHandle, int),22]
04-28 16:11:38.561  1078  1131 I dvm_lock_sample: [system_server,0,android.fg,111,PackageManagerService.java,24177,boolean com.android.server.pm.PackageManagerService$PackageManagerInternalImpl.setEnabledOverlayPackages(int, java.lang.String, java.util.List),-,16927,void com.android.server.pm.PackageManagerService.updateSettingsInternalLI(android.content.pm.PackageParser$Package, java.lang.String, int[], int[], com.android.server.pm.PackageManagerService$PackageInstalledInfo, android.os.UserHandle, int),22]
04-28 16:11:38.567  1078  1078 I notification_cancel_all: [1000,1078,com.ecarx.mycar.louder.highlight1,0,0,0,5,NULL]
04-28 16:11:38.578  1078  1693 I commit_sys_config_file: [package-session,13]
04-28 16:11:38.582  1078  1138 I unknown_sources_enabled: 1
04-28 16:11:38.672  1078  1132 I commit_sys_config_file: [overlays,13]
04-28 16:11:38.672  1078  1170 I commit_sys_config_file: [package-session,10]
04-28 16:11:38.758  1078  1132 I commit_sys_config_file: [package-session,83]
04-28 16:11:38.765  1078  1132 I commit_sys_config_file: [package-session,6]
04-28 16:11:38.800  1078  1138 I commit_sys_config_file: [package-user-0,4]
04-28 16:11:38.800  1078  1138 I commit_sys_config_file: [package,88]
04-28 16:11:38.800  1078  1078 I dvm_lock_sample: [system_server,0,main,117,PackageManagerService.java,6550,java.lang.String com.android.server.pm.PackageManagerService.getInstantAppPackageName(int),-,16927,void com.android.server.pm.PackageManagerService.updateSettingsInternalLI(android.content.pm.PackageParser$Package, java.lang.String, int[], int[], com.android.server.pm.PackageManagerService$PackageInstalledInfo, android.os.UserHandle, int),23]
04-28 16:11:38.802  1078  1078 I notification_cancel_all: [1000,1078,com.ecarx.mycar.louder.highlight2,0,0,0,5,NULL]
04-28 16:11:38.814  1078  1078 I notification_cancel_all: [1000,1078,com.ecarx.mycar.louder.highlight3,0,0,0,5,NULL]
04-28 16:11:38.814  1078  1078 I notification_cancel_all: [1000,1078,ecarx.upgrade.louder,0,0,0,5,NULL]
04-28 16:11:38.818  1078  1132 I commit_sys_config_file: [overlays,11]
04-28 16:11:38.822  1078  1078 I commit_sys_config_file: [notification-policy,7]
04-28 16:11:38.835  1078  1534 I commit_sys_config_file: [package-session,15]
04-28 16:11:38.857  1078  1078 I notification_cancel_all: [1000,1078,ecarx.upgrade.louder.highlight1,0,0,0,5,NULL]
04-28 16:11:38.861  1078  1138 I unknown_sources_enabled: 1
04-28 16:11:38.865  1078  1132 I commit_sys_config_file: [overlays,23]
04-28 16:11:38.878  1078  1078 I commit_sys_config_file: [notification-policy,21]
04-28 16:11:38.891  1078  1132 I commit_sys_config_file: [package-session,27]
04-28 16:11:38.947  1078  1170 I commit_sys_config_file: [package-session,55]
04-28 16:11:38.947  1078  1132 I dvm_lock_sample: [system_server,0,android.io,56,PackageInstallerService.java,394,void com.android.server.pm.PackageInstallerService$2.run(),-,1111,void com.android.server.pm.PackageInstallerService$InternalCallback$1.run(),11]
04-28 16:11:39.054  1078  1138 I commit_sys_config_file: [package-user-0,5]
04-28 16:11:39.054  1078  1138 I commit_sys_config_file: [package,97]
04-28 16:11:39.055  1078  1693 I dvm_lock_sample: [system_server,1,Binder:1078_8,131,PackageManagerService.java,5328,int com.android.server.pm.PackageManagerService.checkUidPermission(java.lang.String, int),-,16927,void com.android.server.pm.PackageManagerService.updateSettingsInternalLI(android.content.pm.PackageParser$Package, java.lang.String, int[], int[], com.android.server.pm.PackageManagerService$PackageInstalledInfo, android.os.UserHandle, int),26]
04-28 16:11:39.081  1078  1132 I commit_sys_config_file: [package-session,134]
04-28 16:11:39.082  1078  1138 I unknown_sources_enabled: 1
04-28 16:11:39.113  1078  1078 I notification_cancel_all: [1000,1078,ecarx.upgrade.louder.highlight2,0,0,0,5,NULL]
04-28 16:11:39.116  1078  1132 I commit_sys_config_file: [overlays,33]
04-28 16:11:39.116  1078  2451 I commit_sys_config_file: [package-session,34]
04-28 16:11:39.126  1078  1170 I commit_sys_config_file: [package-session,9]
04-28 16:11:39.127  1078  1078 I commit_sys_config_file: [notification-policy,13]
04-28 16:11:39.160  1078  1132 I commit_sys_config_file: [package-session,31]
04-28 16:11:39.172  1078  1132 I commit_sys_config_file: [package-session,11]
04-28 16:11:39.265  1078  1138 I commit_sys_config_file: [package-user-0,5]
04-28 16:11:39.265  1078  1138 I commit_sys_config_file: [package,91]
04-28 16:11:39.267  1078  1534 I dvm_lock_sample: [system_server,1,Binder:1078_4,91,ActivityManagerService.java,8343,android.content.IIntentSender com.android.server.am.ActivityManagerService.getIntentSender(int, java.lang.String, android.os.IBinder, java.lang.String, int, android.content.Intent[], java.lang.String[], int, android.os.Bundle, int),-,21980,int com.android.server.am.ActivityManagerService.broadcastIntent(android.app.IApplicationThread, android.content.Intent, java.lang.String, android.content.IIntentReceiver, int, java.lang.String, android.os.Bundle, java.lang.String[], int, android.os.Bundle, boolean, boolean, int),18]
04-28 16:11:39.333  1078  1138 I unknown_sources_enabled: 1
04-28 16:11:39.346  1078  1078 I notification_cancel_all: [1000,1078,ecarx.upgrade.louder.highlight3,0,0,0,5,NULL]
04-28 16:11:39.846  1078  1124 I commit_sys_config_file: [package-perms-0,576]
04-28 16:11:39.852  1078  1132 I commit_sys_config_file: [overlays,532]
04-28 16:11:39.853  1078  2150 I commit_sys_config_file: [package-session,572]
04-28 16:11:39.854  1078  1170 I dvm_lock_sample: [system_server,0,PackageInstaller,497,PackageInstallerService.java,1111,void com.android.server.pm.PackageInstallerService$InternalCallback$1.run(),-,1136,void com.android.server.pm.PackageInstallerService$InternalCallback.onSessionSealedBlocking(com.android.server.pm.PackageInstallerSession),99]
04-28 16:11:39.853  1078  1078 I commit_sys_config_file: [notification-policy,508]
04-28 16:11:39.899  1078  1170 I commit_sys_config_file: [package-session,44]
04-28 16:11:39.907  1078  1138 I commit_sys_config_file: [package-user-0,8]
04-28 16:11:39.907  1078  1138 I commit_sys_config_file: [package,467]
04-28 16:11:39.907  1078  2451 I dvm_lock_sample: [system_server,1,Binder:1078_C,510,PackageManagerService.java,5328,int com.android.server.pm.PackageManagerService.checkUidPermission(java.lang.String, int),-,16927,void com.android.server.pm.PackageManagerService.updateSettingsInternalLI(android.content.pm.PackageParser$Package, java.lang.String, int[], int[], com.android.server.pm.PackageManagerService$PackageInstalledInfo, android.os.UserHandle, int),100]
04-28 16:11:39.908  1078  1693 I dvm_lock_sample: [system_server,1,Binder:1078_8,502,PackageManagerService.java,4061,android.content.pm.PackageInfo com.android.server.pm.PackageManagerService.getPackageInfoInternal(java.lang.String, long, int, int, int),-,16927,void com.android.server.pm.PackageManagerService.updateSettingsInternalLI(android.content.pm.PackageParser$Package, java.lang.String, int[], int[], com.android.server.pm.PackageManagerService$PackageInstalledInfo, android.os.UserHandle, int),100]
04-28 16:11:39.951  1078  1132 I commit_sys_config_file: [package-session,41]
04-28 16:11:39.970  1078  1132 I commit_sys_config_file: [package-session,16]
04-28 16:11:39.976  1078  1138 I unknown_sources_enabled: 1
04-28 16:11:39.995  1078  2150 I commit_sys_config_file: [package-session,15]
04-28 16:11:40.162  1078  1124 I commit_sys_config_file: [package-perms-0,16]
04-28 16:11:40.261  1078  1132 I commit_sys_config_file: [overlays,19]
04-28 16:11:40.265  1078  1078 I notification_cancel_all: [1000,1078,ecarx.violationinquiry.louder,0,0,0,5,NULL]
04-28 16:11:40.278  1078  1078 I commit_sys_config_file: [notification-policy,13]
04-28 16:11:40.278  1078  1132 I commit_sys_config_file: [package-session,16]
04-28 16:11:40.495  1078  2528 I am_crash: [1078,0,com.android.bluetooth,818462277,Native crash,Aborted,unknown,0]
04-28 16:11:40.522  1078  1132 I commit_sys_config_file: [package-session,244]
04-28 16:11:40.524  1078  1170 I dvm_lock_sample: [system_server,0,PackageInstaller,240,PackageInstallerService.java,1111,void com.android.server.pm.PackageInstallerService$InternalCallback$1.run(),-,394,void com.android.server.pm.PackageInstallerService$2.run(),48]
04-28 16:11:40.531  1078  1170 I commit_sys_config_file: [package-session,7]
04-28 16:11:40.573  1078  1138 I commit_sys_config_file: [package-user-0,6]
04-28 16:11:40.574  1078  1138 I commit_sys_config_file: [package,263]
04-28 16:11:40.574  1078  2150 I dvm_lock_sample: [system_server,1,Binder:1078_A,290,PackageManagerService.java,4061,android.content.pm.PackageInfo com.android.server.pm.PackageManagerService.getPackageInfoInternal(java.lang.String, long, int, int, int),-,16927,void com.android.server.pm.PackageManagerService.updateSettingsInternalLI(android.content.pm.PackageParser$Package, java.lang.String, int[], int[], com.android.server.pm.PackageManagerService$PackageInstalledInfo, android.os.UserHandle, int),58]
04-28 16:11:40.579  1078  2528 I sysui_action: [316,-1]
04-28 16:11:40.579  1078  2528 I sysui_multi_action: [757,316,758,4,759,-1]
04-28 16:11:40.593  1078  1138 I unknown_sources_enabled: 1
04-28 16:11:40.609  1078  2451 I commit_sys_config_file: [package-session,25]
04-28 16:11:40.610  1078  1124 I commit_sys_config_file: [package-perms-0,35]
04-28 16:11:40.619  1078  2283 I am_proc_died: [0,2454,com.android.bluetooth,-700,0]
04-28 16:11:40.619  1078  2283 I am_schedule_service_restart: [0,com.android.bluetooth/.btservice.AdapterService,1000]
04-28 16:11:40.620  1078  2283 I am_schedule_service_restart: [0,com.android.bluetooth/.gatt.GattService,11000]
04-28 16:11:40.620  1078  2283 I am_uid_stopped: 1002
04-28 16:11:40.719  1078  2451 I dvm_lock_sample: [system_server,1,Binder:1078_C,108,OverlayManagerService.java,513,android.content.om.OverlayInfo com.android.server.om.OverlayManagerService$1.getOverlayInfo(java.lang.String, int),-,370,void com.android.server.om.OverlayManagerService$PackageReceiver.onPackageAdded(java.lang.String, int[]),21]
04-28 16:11:40.740  1078  1138 I dvm_lock_sample: [system_server,0,PackageManager,18,ActivityManagerService.java,21980,int com.android.server.am.ActivityManagerService.broadcastIntent(android.app.IApplicationThread, android.content.Intent, java.lang.String, android.content.IIntentReceiver, int, java.lang.String, android.os.Bundle, java.lang.String[], int, android.os.Bundle, boolean, boolean, int),PendingIntentRecord.java,256,int com.android.server.am.PendingIntentRecord.sendInner(int, android.content.Intent, java.lang.String, android.os.IBinder, android.content.IIntentReceiver, java.lang.String, android.os.IBinder, java.lang.String, int, int, int, android.os.Bundle),3]
04-28 16:11:40.743  1078  1132 I commit_sys_config_file: [overlays,24]
04-28 16:11:40.746  1078  1078 I notification_cancel_all: [1000,1078,ecarx.violationinquiry.louder.highlight1,0,0,0,5,NULL]
04-28 16:11:40.753  1078  1170 I commit_sys_config_file: [package-session,10]
04-28 16:11:40.753  1078  1078 I commit_sys_config_file: [notification-policy,7]
04-28 16:11:40.776  1078  1132 I commit_sys_config_file: [package-session,22]
04-28 16:11:40.786  1078  1132 I commit_sys_config_file: [package-session,8]
04-28 16:11:40.877  1078  1138 I commit_sys_config_file: [package-user-0,4]
04-28 16:11:40.877  1078  1138 I commit_sys_config_file: [package,96]
04-28 16:11:40.878  1078  2451 I dvm_lock_sample: [system_server,1,Binder:1078_C,118,PackageManagerService.java,5328,int com.android.server.pm.PackageManagerService.checkUidPermission(java.lang.String, int),-,16927,void com.android.server.pm.PackageManagerService.updateSettingsInternalLI(android.content.pm.PackageParser$Package, java.lang.String, int[], int[], com.android.server.pm.PackageManagerService$PackageInstalledInfo, android.os.UserHandle, int),23]
04-28 16:11:40.900  1078  2283 I commit_sys_config_file: [package-session,13]
04-28 16:11:40.901  1078  1138 I unknown_sources_enabled: 1
04-28 16:11:40.949  1078  1132 I am_uid_running: 1002
04-28 16:11:40.975  1078  1127 I am_proc_start: [0,2534,1002,com.android.bluetooth,service,com.android.bluetooth/.btservice.AdapterService]
04-28 16:11:41.020  1078  1078 I notification_cancel_all: [1000,1078,ecarx.violationinquiry.louder.highlight2,0,0,0,5,NULL]
04-28 16:11:41.032  1078  1132 I commit_sys_config_file: [overlays,31]
04-28 16:11:41.036  1078  1078 I commit_sys_config_file: [notification-policy,15]
04-28 16:11:41.036  1078  1170 I commit_sys_config_file: [package-session,7]
04-28 16:11:41.036  1078  2451 I am_proc_bound: [0,2534,com.android.bluetooth]
04-28 16:11:41.039  1078  2451 I am_uid_active: 1002
04-28 16:11:41.064  1078  1132 I commit_sys_config_file: [package-session,21]
04-28 16:11:41.081  1078  1132 I commit_sys_config_file: [package-session,16]
04-28 16:11:41.191  1078  1138 I commit_sys_config_file: [package-user-0,5]
04-28 16:11:41.191  1078  1138 I commit_sys_config_file: [package,106]
04-28 16:11:41.192  1078  2283 I dvm_lock_sample: [system_server,1,Binder:1078_B,109,PackageManagerService.java,4061,android.content.pm.PackageInfo com.android.server.pm.PackageManagerService.getPackageInfoInternal(java.lang.String, long, int, int, int),-,16927,void com.android.server.pm.PackageManagerService.updateSettingsInternalLI(android.content.pm.PackageParser$Package, java.lang.String, int[], int[], com.android.server.pm.PackageManagerService$PackageInstalledInfo, android.os.UserHandle, int),21]
04-28 16:11:41.220  1078  1138 I unknown_sources_enabled: 1
04-28 16:11:41.236  1078  2283 I commit_sys_config_file: [package-session,36]
04-28 16:11:41.341  1078  1078 I notification_cancel_all: [1000,1078,ecarx.violationinquiry.louder.highlight3,0,0,0,5,NULL]
04-28 16:11:41.358  1078  1078 I commit_sys_config_file: [notification-policy,18]
04-28 16:11:41.361  1078  1132 I commit_sys_config_file: [overlays,40]
04-28 16:11:41.363  2534  2555 I bt_config_source: 4
04-28 16:11:41.365  1078  1170 I commit_sys_config_file: [package-session,16]
04-28 16:11:41.392  1078  1132 I commit_sys_config_file: [package-session,27]
04-28 16:11:41.398  1078  1132 I commit_sys_config_file: [package-session,5]
04-28 16:11:41.515  1078  1138 I commit_sys_config_file: [package-user-0,5]
04-28 16:11:41.515  1078  1138 I commit_sys_config_file: [package,100]
04-28 16:11:41.515  1078  2451 I dvm_lock_sample: [system_server,1,Binder:1078_C,125,PackageManagerService.java,5328,int com.android.server.pm.PackageManagerService.checkUidPermission(java.lang.String, int),-,16927,void com.android.server.pm.PackageManagerService.updateSettingsInternalLI(android.content.pm.PackageParser$Package, java.lang.String, int[], int[], com.android.server.pm.PackageManagerService$PackageInstalledInfo, android.os.UserHandle, int),25]
04-28 16:11:41.516  1078  2531 I dvm_lock_sample: [system_server,1,Binder:1078_D,126,PackageManagerService.java,8245,android.content.pm.ProviderInfo com.android.server.pm.PackageManagerService.resolveContentProviderInternal(java.lang.String, int, int),-,16927,void com.android.server.pm.PackageManagerService.updateSettingsInternalLI(android.content.pm.PackageParser$Package, java.lang.String, int[], int[], com.android.server.pm.PackageManagerService$PackageInstalledInfo, android.os.UserHandle, int),25]
04-28 16:11:41.538  1078  1138 I unknown_sources_enabled: 1
04-28 16:11:41.542  1078  1693 I commit_sys_config_file: [package-session,19]
04-28 16:11:41.646  1078  1078 I notification_cancel_all: [1000,1078,com.ecarx.thememanager.louder,0,0,0,5,NULL]
04-28 16:11:41.651  1078  1132 I commit_sys_config_file: [overlays,19]
04-28 16:11:41.651  1078  1170 I commit_sys_config_file: [package-session,7]
04-28 16:11:41.652  1078  1078 I commit_sys_config_file: [notification-policy,5]
04-28 16:11:41.668  1078  1132 I commit_sys_config_file: [package-session,7]
04-28 16:11:41.680  1078  1132 I commit_sys_config_file: [package-session,11]
04-28 16:11:41.806  1078  1138 I commit_sys_config_file: [package-user-0,5]
04-28 16:11:41.807  1078  1138 I commit_sys_config_file: [package,92]
04-28 16:11:41.822  1078  2451 I commit_sys_config_file: [package-session,8]
04-28 16:11:41.832  1078  1138 I unknown_sources_enabled: 1
04-28 16:11:41.864  1078  1132 I commit_sys_config_file: [package-session,37]
04-28 16:11:41.880  1078  1132 I commit_sys_config_file: [package-session,13]
04-28 16:11:41.935  1078  2283 I commit_sys_config_file: [package-session,6]
04-28 16:11:41.955  1078  1078 I notification_cancel_all: [1000,1078,com.ecarx.thememanager.louder.highlight1,0,0,0,5,NULL]
04-28 16:11:41.964  1078  1078 I commit_sys_config_file: [notification-policy,9]
04-28 16:11:41.964  1078  1132 I commit_sys_config_file: [overlays,15]
04-28 16:11:41.982  1078  1170 I commit_sys_config_file: [package-session,19]
04-28 16:11:42.012  1078  1132 I commit_sys_config_file: [package-session,30]
04-28 16:11:42.110  1078  1138 I commit_sys_config_file: [package-user-0,5]
04-28 16:11:42.110  1078  1138 I commit_sys_config_file: [package,95]
04-28 16:11:42.111  1078  2451 I dvm_lock_sample: [system_server,1,Binder:1078_C,118,PackageManagerService.java,4061,android.content.pm.PackageInfo com.android.server.pm.PackageManagerService.getPackageInfoInternal(java.lang.String, long, int, int, int),-,16927,void com.android.server.pm.PackageManagerService.updateSettingsInternalLI(android.content.pm.PackageParser$Package, java.lang.String, int[], int[], com.android.server.pm.PackageManagerService$PackageInstalledInfo, android.os.UserHandle, int),23]
04-28 16:11:42.112  1078  2531 I dvm_lock_sample: [system_server,1,Binder:1078_D,102,PackageManagerService.java,4061,android.content.pm.PackageInfo com.android.server.pm.PackageManagerService.getPackageInfoInternal(java.lang.String, long, int, int, int),-,16927,void com.android.server.pm.PackageManagerService.updateSettingsInternalLI(android.content.pm.PackageParser$Package, java.lang.String, int[], int[], com.android.server.pm.PackageManagerService$PackageInstalledInfo, android.os.UserHandle, int),20]
04-28 16:11:42.123  1078  1138 I unknown_sources_enabled: 1
04-28 16:11:42.151  1078  1132 I commit_sys_config_file: [package-session,139]
04-28 16:11:42.181  1078  2451 I commit_sys_config_file: [package-session,29]
04-28 16:11:42.234  1078  1078 I notification_cancel_all: [1000,1078,com.ecarx.thememanager.louder.highlight2,0,0,0,5,NULL]
04-28 16:11:42.277  1078  1132 I commit_sys_config_file: [overlays,52]
04-28 16:11:42.277  1078  1078 I commit_sys_config_file: [notification-policy,42]
04-28 16:11:42.279  1078  1170 I commit_sys_config_file: [package-session,31]
04-28 16:11:42.382  1078  1138 I commit_sys_config_file: [package-user-0,5]
04-28 16:11:42.383  1078  1138 I commit_sys_config_file: [package,90]
04-28 16:11:42.400  1078  1138 I unknown_sources_enabled: 1
04-28 16:11:42.413  1078  1132 I commit_sys_config_file: [package-session,134]
04-28 16:11:42.485  1078  1132 I commit_sys_config_file: [package-session,71]
04-28 16:11:42.515  1078  2451 I commit_sys_config_file: [package-session,31]
04-28 16:11:42.516  1078  1132 I commit_sys_config_file: [overlays,17]
04-28 16:11:42.528  1078  1078 I notification_cancel_all: [1000,1078,com.ecarx.thememanager.louder.highlight3,0,0,0,5,NULL]
04-28 16:11:42.617  1078  1078 I commit_sys_config_file: [notification-policy,88]
04-28 16:11:42.619  1078  1132 I commit_sys_config_file: [package-session,92]
04-28 16:11:42.633  1078  1132 I commit_sys_config_file: [package-session,13]
04-28 16:11:42.678  1078  1138 I commit_sys_config_file: [package-user-0,4]
04-28 16:11:42.678  1078  1138 I commit_sys_config_file: [package,98]
04-28 16:11:42.679  1078  1693 I dvm_lock_sample: [system_server,1,Binder:1078_8,132,PackageManagerService.java,5328,int com.android.server.pm.PackageManagerService.checkUidPermission(java.lang.String, int),-,10123,android.content.pm.PackageParser$Package com.android.server.pm.PackageManagerService.scanPackageNewLI(android.content.pm.PackageParser$Package, int, int, long, android.os.UserHandle),26]
04-28 16:11:42.701  1078  1170 I commit_sys_config_file: [package-session,68]
04-28 16:11:42.712  1078  1138 I unknown_sources_enabled: 1
04-28 16:11:42.715  1078  2283 I commit_sys_config_file: [package-session,13]
04-28 16:11:42.826  1078  1124 I commit_sys_config_file: [package-perms-0,29]
04-28 16:11:42.837  1078  1132 I commit_sys_config_file: [overlays,18]
04-28 16:11:42.837  1078  1170 I commit_sys_config_file: [package-session,8]
04-28 16:11:42.840  1078  1078 I notification_cancel_all: [1000,1078,ecarx.membercenter.louder,0,0,0,5,NULL]
04-28 16:11:42.849  1078  1078 I commit_sys_config_file: [notification-policy,9]
04-28 16:11:42.963  1078  1138 I commit_sys_config_file: [package-user-0,4]
04-28 16:11:42.963  1078  1138 I commit_sys_config_file: [package,97]
04-28 16:11:42.963  1078  1534 I dvm_lock_sample: [system_server,1,Binder:1078_4,120,PackageManagerService.java,4349,int com.android.server.pm.PackageManagerService.getPackageUid(java.lang.String, int, int),-,10123,android.content.pm.PackageParser$Package com.android.server.pm.PackageManagerService.scanPackageNewLI(android.content.pm.PackageParser$Package, int, int, long, android.os.UserHandle),24]
04-28 16:11:42.964  1078  2283 I dvm_lock_sample: [system_server,1,Binder:1078_B,97,PackageManagerService.java,4061,android.content.pm.PackageInfo com.android.server.pm.PackageManagerService.getPackageInfoInternal(java.lang.String, long, int, int, int),-,16927,void com.android.server.pm.PackageManagerService.updateSettingsInternalLI(android.content.pm.PackageParser$Package, java.lang.String, int[], int[], com.android.server.pm.PackageManagerService$PackageInstalledInfo, android.os.UserHandle, int),19]
04-28 16:11:42.964  1078  2451 I dvm_lock_sample: [system_server,1,Binder:1078_C,119,PackageManagerService.java,5328,int com.android.server.pm.PackageManagerService.checkUidPermission(java.lang.String, int),-,16927,void com.android.server.pm.PackageManagerService.updateSettingsInternalLI(android.content.pm.PackageParser$Package, java.lang.String, int[], int[], com.android.server.pm.PackageManagerService$PackageInstalledInfo, android.os.UserHandle, int),23]
04-28 16:11:42.976  1078  1138 I unknown_sources_enabled: 1
04-28 16:11:42.985  1078  1132 I commit_sys_config_file: [package-session,20]
04-28 16:11:43.067  1078  1132 I commit_sys_config_file: [package-session,83]
04-28 16:11:43.096  1078  1078 I notification_cancel_all: [1000,1078,ecarx.membercenter.louder.highlight1,0,0,0,5,NULL]
04-28 16:11:43.102  1078  1693 I commit_sys_config_file: [package-session,19]
04-28 16:11:43.102  1078  1132 I commit_sys_config_file: [overlays,14]
04-28 16:11:43.103  1078  1078 I commit_sys_config_file: [notification-policy,6]
04-28 16:11:43.140  1078  1170 I commit_sys_config_file: [package-session,30]
04-28 16:11:43.147  1078  1132 I commit_sys_config_file: [package-session,7]
04-28 16:11:43.165  1078  1132 I commit_sys_config_file: [package-session,15]
04-28 16:11:43.259  1078  1138 I commit_sys_config_file: [package-user-0,5]
04-28 16:11:43.260  1078  1138 I commit_sys_config_file: [package,84]
04-28 16:11:43.278  1078  1534 I commit_sys_config_file: [package-session,11]
04-28 16:11:43.283  1078  1138 I unknown_sources_enabled: 1
04-28 16:11:43.297  1078  1132 I commit_sys_config_file: [package-session,7]
04-28 16:11:43.303  1078  1132 I commit_sys_config_file: [package-session,6]
04-28 16:11:43.348  1078  2283 I commit_sys_config_file: [package-session,18]
04-28 16:11:43.409  1078  1132 I commit_sys_config_file: [overlays,23]
04-28 16:11:43.409  1078  1170 I commit_sys_config_file: [package-session,14]
04-28 16:11:43.415  1078  1078 I notification_cancel_all: [1000,1078,ecarx.membercenter.louder.highlight2,0,0,0,5,NULL]
04-28 16:11:43.636  1078  1132 I commit_sys_config_file: [package-session,226]
04-28 16:11:43.636  1078  1078 I commit_sys_config_file: [notification-policy,221]
04-28 16:11:43.680  1078  1138 I commit_sys_config_file: [package-user-0,4]
04-28 16:11:43.681  1078  1138 I commit_sys_config_file: [package,209]
04-28 16:11:43.681  1078  2531 I dvm_lock_sample: [system_server,1,Binder:1078_D,220,PackageManagerService.java,5328,int com.android.server.pm.PackageManagerService.checkUidPermission(java.lang.String, int),-,16927,void com.android.server.pm.PackageManagerService.updateSettingsInternalLI(android.content.pm.PackageParser$Package, java.lang.String, int[], int[], com.android.server.pm.PackageManagerService$PackageInstalledInfo, android.os.UserHandle, int),44]
04-28 16:11:43.701  1078  1138 I unknown_sources_enabled: 1
04-28 16:11:43.708  1078  1132 I commit_sys_config_file: [package-session,72]
04-28 16:11:43.714  1078  2283 I commit_sys_config_file: [package-session,6]
04-28 16:11:43.793  1078  1534 I dvm_lock_sample: [system_server,1,Binder:1078_4,77,OverlayManagerService.java,513,android.content.om.OverlayInfo com.android.server.om.OverlayManagerService$1.getOverlayInfo(java.lang.String, int),-,370,void com.android.server.om.OverlayManagerService$PackageReceiver.onPackageAdded(java.lang.String, int[]),15]
04-28 16:11:43.803  1078  1078 I notification_cancel_all: [1000,1078,ecarx.membercenter.louder.highlight3,0,0,0,5,NULL]
04-28 16:11:43.811  1078  1170 I commit_sys_config_file: [package-session,6]
04-28 16:11:43.814  1078  1132 I commit_sys_config_file: [overlays,21]
04-28 16:11:43.818  1078  1078 I commit_sys_config_file: [notification-policy,15]
04-28 16:11:43.835  1078  1132 I commit_sys_config_file: [package-session,14]
04-28 16:11:43.844  1078  1132 I commit_sys_config_file: [package-session,9]
04-28 16:11:43.972  1078  1138 I commit_sys_config_file: [package-user-0,6]
04-28 16:11:43.972  1078  1138 I commit_sys_config_file: [package,99]
04-28 16:11:43.973  1078  2531 I dvm_lock_sample: [system_server,1,Binder:1078_D,128,PackageManagerService.java,4061,android.content.pm.PackageInfo com.android.server.pm.PackageManagerService.getPackageInfoInternal(java.lang.String, long, int, int, int),-,16927,void com.android.server.pm.PackageManagerService.updateSettingsInternalLI(android.content.pm.PackageParser$Package, java.lang.String, int[], int[], com.android.server.pm.PackageManagerService$PackageInstalledInfo, android.os.UserHandle, int),25]
04-28 16:11:44.003  1078  2451 I commit_sys_config_file: [package-session,151]
04-28 16:11:44.034  1078  1132 I commit_sys_config_file: [package-session,12]
04-28 16:11:44.048  1078  1132 I commit_sys_config_file: [package-session,13]
04-28 16:11:44.050  1078  1138 I unknown_sources_enabled: 1
04-28 16:11:44.111  1078  2283 I commit_sys_config_file: [package-session,14]
04-28 16:11:44.177  1078  1132 I commit_sys_config_file: [overlays,9]
04-28 16:11:44.211  1078  1170 I commit_sys_config_file: [package-session,19]
04-28 16:11:44.217  1078  1078 I notification_cancel_all: [1000,1078,com.ecarx.multimedia.louder,0,0,0,5,NULL]
04-28 16:11:44.231   646  2244 I sf_stop_bootanim: 92976
04-28 16:11:44.234  1078  1133 I wm_boot_animation_done: 92978
04-28 16:11:44.235  1078  1078 I commit_sys_config_file: [notification-policy,18]
04-28 16:11:44.248  1078  1124 I commit_sys_config_file: [package-perms-0,29]
04-28 16:11:44.551  1078  1190 I commit_sys_config_file: [settings-0-0,64]
04-28 16:11:44.618  1078  1138 I commit_sys_config_file: [package-user-0,6]
04-28 16:11:44.618  1078  1138 I commit_sys_config_file: [package,327]
04-28 16:11:44.619  1078  1677 I dvm_lock_sample: [system_server,1,Binder:1078_5,372,PackageManagerService.java,5328,int com.android.server.pm.PackageManagerService.checkUidPermission(java.lang.String, int),-,16927,void com.android.server.pm.PackageManagerService.updateSettingsInternalLI(android.content.pm.PackageParser$Package, java.lang.String, int[], int[], com.android.server.pm.PackageManagerService$PackageInstalledInfo, android.os.UserHandle, int),74]
04-28 16:11:44.620  1078  1133 I dvm_lock_sample: [system_server,1,android.display,370,PackageManagerService.java,8245,android.content.pm.ProviderInfo com.android.server.pm.PackageManagerService.resolveContentProviderInternal(java.lang.String, int, int),-,16927,void com.android.server.pm.PackageManagerService.updateSettingsInternalLI(android.content.pm.PackageParser$Package, java.lang.String, int[], int[], com.android.server.pm.PackageManagerService$PackageInstalledInfo, android.os.UserHandle, int),74]
04-28 16:11:44.621  1078  1131 I dvm_lock_sample: [system_server,0,android.fg,371,PackageManagerService.java,6550,java.lang.String com.android.server.pm.PackageManagerService.getInstantAppPackageName(int),-,16927,void com.android.server.pm.PackageManagerService.updateSettingsInternalLI(android.content.pm.PackageParser$Package, java.lang.String, int[], int[], com.android.server.pm.PackageManagerService$PackageInstalledInfo, android.os.UserHandle, int),74]
04-28 16:11:44.621  1078  1078 I dvm_lock_sample: [system_server,0,main,373,PackageManagerService.java,8245,android.content.pm.ProviderInfo com.android.server.pm.PackageManagerService.resolveContentProviderInternal(java.lang.String, int, int),-,16927,void com.android.server.pm.PackageManagerService.updateSettingsInternalLI(android.content.pm.PackageParser$Package, java.lang.String, int[], int[], com.android.server.pm.PackageManagerService$PackageInstalledInfo, android.os.UserHandle, int),74]
04-28 16:11:44.623  1078  2451 I dvm_lock_sample: [system_server,1,Binder:1078_C,371,ActivityManagerService.java,21980,int com.android.server.am.ActivityManagerService.broadcastIntent(android.app.IApplicationThread, android.content.Intent, java.lang.String, android.content.IIntentReceiver, int, java.lang.String, android.os.Bundle, java.lang.String[], int, android.os.Bundle, boolean, boolean, int),-,21980,int com.android.server.am.ActivityManagerService.broadcastIntent(android.app.IApplicationThread, android.content.Intent, java.lang.String, android.content.IIntentReceiver, int, java.lang.String, android.os.Bundle, java.lang.String[], int, android.os.Bundle, boolean, boolean, int),74]
04-28 16:11:44.631  1078  1078 I notification_enqueue: [1000,1078,android,26,NULL,-1,Notification(channel=DEVELOPER pri=0 contentView=null vibrate=null sound=null tick defaults=0x0 flags=0x2 color=0xff607d8b vis=PUBLIC),0]
04-28 16:11:44.641  1078  1133 I service_manager_stats: [100,209,18147]
04-28 16:11:44.666  1078  1133 I am_user_state_changed: [0,1]
04-28 16:11:44.697  1078  1138 I unknown_sources_enabled: 1
04-28 16:11:44.717  1078  1127 I am_proc_start: [0,2638,10031,android.ext.services,on-hold,]
04-28 16:11:44.809  1078  1170 I commit_sys_config_file: [package-session,29]
04-28 16:11:44.832  1078  1677 I am_proc_bound: [0,2638,android.ext.services]
04-28 16:11:44.838  1078  1677 I am_uid_active: 10031
04-28 16:11:44.999  1078  1078 I notification_cancel_all: [1000,1078,com.ecarx.multimedia.louder.highlight1,0,0,0,5,NULL]
04-28 16:11:45.002  1078  1132 I commit_sys_config_file: [overlays,47]
04-28 16:11:45.004  1078  1190 I commit_sys_config_file: [settings-0-0,146]
04-28 16:11:45.006  1078  2451 I am_uid_running: 10053
04-28 16:11:45.054  1078  1124 I am_pss  : [1965,1000,com.android.settings,46265344,38338560,0,76959744,0,2,47]
04-28 16:11:45.074  1078  1078 I commit_sys_config_file: [notification-policy,75]
04-28 16:11:45.079  1078  1190 I commit_sys_config_file: [settings-2-0,74]
04-28 16:11:45.163  1078  1127 I am_proc_start: [0,2678,10053,com.baidu.input,broadcast,com.baidu.input/.directboot.DirectBootReceiver]
04-28 16:11:45.237  1078  1534 I am_proc_bound: [0,2678,com.baidu.input]
04-28 16:11:45.243  1078  1124 I am_pss  : [1870,10033,com.android.defcontainer,5552128,3264512,0,50139136,0,5,49]
04-28 16:11:45.335  1078  1124 I am_pss  : [1535,10087,com.android.inputmethod.latin,6795264,3977216,0,54636544,0,6,40]
04-28 16:11:45.369  1078  1124 I commit_sys_config_file: [package-perms-0,15]
04-28 16:11:45.532  1078  1534 I am_mem_factor: [2,3]
04-28 16:11:45.575  1078  1127 I am_proc_start: [0,2711,1001,com.qualcomm.qcrilmsgtunnel,broadcast,com.qualcomm.qcrilmsgtunnel/.QcrilMsgTunnelAutoboot]
04-28 16:11:45.641  1078  2451 I am_proc_bound: [0,2711,com.qualcomm.qcrilmsgtunnel]
04-28 16:11:45.643  1078  2729 I am_crash: [1078,0,com.android.bluetooth,818462277,Native crash,Aborted,unknown,0]
