04-28 19:09:34.443   626   655 I VNS.VnsMain: onSignal, pluginId = 1, ticketId = 40446, state = 1, store = 0, signalId = 336
04-28 19:09:34.443   626   655 D VNS.SignalAccessorStub: doHandleSignalEvent, send response message to clientId=1, proxyRequestId=29659, signalId=0x150, msgType=9, statusCode=0, stubRequestId=40446
04-28 19:09:34.443   626   655 D VNS.SignalAccessorStub: handleSetRequest, stubRequestId=40447, clientId=1, clientFd=7, proxyRequestId=29660, signalId=0x150, msgType=8
04-28 19:09:34.443   626   655 D VNS.VnsMain: combine stubRequestId=40447 with ticket=40447
04-28 19:09:34.444   626   655 D VNS.MessageHandler: txMsg : aa 01 50 04 ef 2c 00 00 3c 
04-28 19:09:34.444   626   655 I VNS.VnsMain: onSignal, pluginId = 1, ticketId = 40447, state = 0, store = 0, signalId = 336
04-28 19:09:34.444   626   655 I VNS.VnsMain: onSignal, pluginId = 1, ticketId = 40447, state = 1, store = 0, signalId = 336
04-28 19:09:34.444   626   655 D VNS.SignalAccessorStub: doHandleSignalEvent, send response message to clientId=1, proxyRequestId=29660, signalId=0x150, msgType=9, statusCode=0, stubRequestId=40447
04-28 19:09:34.445   619   736 I VNS.SignalAccessor: dispatchToClient - reqId=29654, signalId=0x150, msg_type=9, statusCode=0
04-28 19:09:34.445   619   736 I VNS.SignalAccessor: dispatchToClient - reqId=29655, signalId=0x150, msg_type=9, statusCode=0
04-28 19:09:34.445   619   736 I VNS.SignalAccessor: dispatchToClient - reqId=29656, signalId=0x150, msg_type=9, statusCode=0
04-28 19:09:34.445   619   736 I VNS.SignalAccessor: dispatchToClient - reqId=29657, signalId=0x150, msg_type=9, statusCode=0
04-28 19:09:34.445   619   736 I VNS.SignalAccessor: dispatchToClient - reqId=29658, signalId=0x150, msg_type=9, statusCode=0
04-28 19:09:34.446   619   736 I VNS.SignalAccessor: dispatchToClient - reqId=29659, signalId=0x150, msg_type=9, statusCode=0
04-28 19:09:34.446   619   736 I VNS.SignalAccessor: dispatchToClient - reqId=29660, signalId=0x150, msg_type=9, statusCode=0
04-28 19:09:35.149   626   656 D VNS.MessageHandler: rxMsg : aa ee 01 78 30 00 02 01 00 00 00 00 01 00 00 00 00 00 01 00 00 00 00 00 00 00 00 01 f1 23 00 00 00 00 00 02 3b 0c 01 01 00 00 0a 00 85 00 00 00 00 00 00 00 00 00 00 00 00 00 00 00 00 00 00 00 00 00 00 00 00 00 99 99 00 00 00 00 01 a0 ff ff ff ff 04 00 00 00 99 99 03 00 00 01 01 03 03 01 01 03 03 00 04 01 00 01 00 02 02 99 99 01 00 00 00 00 00 00 00 00 00 00 0e 07 00 03 ce 
04-28 19:09:35.149   626   656 E VNS.MessageDefinitionManager: There is no parse information. msgId = 0xee01
04-28 19:09:35.156   626   656 D VNS.MessageHandler: rxMsg : aa 8a 29 02 00 ff f4 
04-28 19:09:35.156   626   656 I VNS.VnsMain: onSignal, pluginId = 1, ticketId = 0, state = 1, store = 0, signalId = 35369
04-28 19:09:35.224   925   968 I VNS.SignalAccessor: setAsync - reqid=70744, signalId=0x137
04-28 19:09:35.226   626   983 D VNS.RequestAcceptor: parseRxAccessorRequest, clientId=4, clientFd=10, proxyRequestId=70744, msgType=8, signalId=0x137
04-28 19:09:35.231   626   655 D VNS.SignalAccessorStub: handleSetRequest, stubRequestId=40448, clientId=4, clientFd=10, proxyRequestId=70744, signalId=0x137, msgType=8
04-28 19:09:35.231   626   655 D VNS.VnsMain: combine stubRequestId=40448 with ticket=40448
04-28 19:09:35.231   626   655 D VNS.MessageHandler: txMsg : aa 01 37 07 a0 ff ff ff ff 04 00 3f 
04-28 19:09:35.231   626   655 I VNS.VnsMain: onSignal, pluginId = 1, ticketId = 40448, state = 0, store = 0, signalId = 311
04-28 19:09:35.231   626   655 I VNS.VnsMain: onSignal, pluginId = 1, ticketId = 40448, state = 1, store = 0, signalId = 311
04-28 19:09:35.231   626   655 D VNS.SignalAccessorStub: doHandleSignalEvent, send response message to clientId=4, proxyRequestId=70744, signalId=0x137, msgType=9, statusCode=0, stubRequestId=40448
04-28 19:09:35.237   925   982 I VNS.SignalAccessor: dispatchToClient - reqId=70744, signalId=0x137, msg_type=9, statusCode=0
04-28 19:09:36.121 14247 14247 F linker  : CANNOT LINK EXECUTABLE "/vendor/bin/hw/vendor.lge.hardware.automotive.rawnet.geely@1.0-service": library "vendor.lge.hardware.automotive.rawnet.geely@1.0-impl.so" not found
04-28 19:09:36.156   626   656 D VNS.MessageHandler: rxMsg : aa 8a 29 02 00 ff f4 
04-28 19:09:36.156   626   656 I VNS.VnsMain: onSignal, pluginId = 1, ticketId = 0, state = 1, store = 0, signalId = 35369
04-28 19:09:36.225   925   968 I VNS.SignalAccessor: setAsync - reqid=70745, signalId=0x137
04-28 19:09:36.226   626   983 D VNS.RequestAcceptor: parseRxAccessorRequest, clientId=4, clientFd=10, proxyRequestId=70745, msgType=8, signalId=0x137
04-28 19:09:36.227   626   656 D VNS.MessageHandler: rxMsg : aa ee 04 1f a0 01 00 00 01 00 00 00 00 0f 00 01 00 00 00 00 00 00 00 00 00 00 00 04 00 00 00 00 00 80 00 75 
04-28 19:09:36.227   626   656 E VNS.MessageDefinitionManager: There is no parse information. msgId = 0xee04
04-28 19:09:36.231   626   655 D VNS.SignalAccessorStub: handleSetRequest, stubRequestId=40449, clientId=4, clientFd=10, proxyRequestId=70745, signalId=0x137, msgType=8
04-28 19:09:36.231   626   655 D VNS.VnsMain: combine stubRequestId=40449 with ticket=40449
04-28 19:09:36.231   626   655 D VNS.MessageHandler: txMsg : aa 01 37 07 a0 ff ff ff ff 04 00 3f 
04-28 19:09:36.231   626   655 I VNS.VnsMain: onSignal, pluginId = 1, ticketId = 40449, state = 0, store = 0, signalId = 311
04-28 19:09:36.231   626   655 I VNS.VnsMain: onSignal, pluginId = 1, ticketId = 40449, state = 1, store = 0, signalId = 311
04-28 19:09:36.231   626   655 D VNS.SignalAccessorStub: doHandleSignalEvent, send response message to clientId=4, proxyRequestId=70745, signalId=0x137, msgType=9, statusCode=0, stubRequestId=40449
04-28 19:09:36.237   925   982 I VNS.SignalAccessor: dispatchToClient - reqId=70745, signalId=0x137, msg_type=9, statusCode=0
04-28 19:09:36.768   812  1015 E storaged: getDiskStats failed with result NOT_SUPPORTED and size 0
04-28 19:09:36.963   619   728 I VNS.SignalAccessor: setAsync - reqid=29661, signalId=0x151
04-28 19:09:36.963   626   742 D VNS.RequestAcceptor: parseRxAccessorRequest, clientId=1, clientFd=7, proxyRequestId=29661, msgType=8, signalId=0x151
04-28 19:09:36.969   626   655 D VNS.SignalAccessorStub: handleSetRequest, stubRequestId=40450, clientId=1, clientFd=7, proxyRequestId=29661, signalId=0x151, msgType=8
04-28 19:09:36.969   626   655 D VNS.VnsMain: combine stubRequestId=40450 with ticket=40450
04-28 19:09:36.969   626   655 D VNS.MessageHandler: txMsg : aa 01 51 0f d9 56 08 00 00 00 00 00 00 00 00 00 00 00 00 72 
04-28 19:09:36.969   626   655 I VNS.VnsMain: onSignal, pluginId = 1, ticketId = 40450, state = 0, store = 0, signalId = 337
04-28 19:09:36.969   626   655 I VNS.VnsMain: onSignal, pluginId = 1, ticketId = 40450, state = 1, store = 0, signalId = 337
04-28 19:09:36.970   626   655 D VNS.SignalAccessorStub: doHandleSignalEvent, send response message to clientId=1, proxyRequestId=29661, signalId=0x151, msgType=9, statusCode=0, stubRequestId=40450
04-28 19:09:36.975   619   736 I VNS.SignalAccessor: dispatchToClient - reqId=29661, signalId=0x151, msg_type=9, statusCode=0
04-28 19:09:37.156   626   656 D VNS.MessageHandler: rxMsg : aa 8a 29 02 00 ff f4 
04-28 19:09:37.156   626   656 I VNS.VnsMain: onSignal, pluginId = 1, ticketId = 0, state = 1, store = 0, signalId = 35369
04-28 19:09:37.227   925   968 I VNS.SignalAccessor: setAsync - reqid=70746, signalId=0x137
04-28 19:09:37.227   626   983 D VNS.RequestAcceptor: parseRxAccessorRequest, clientId=4, clientFd=10, proxyRequestId=70746, msgType=8, signalId=0x137
04-28 19:09:37.233   626   655 D VNS.SignalAccessorStub: handleSetRequest, stubRequestId=40451, clientId=4, clientFd=10, proxyRequestId=70746, signalId=0x137, msgType=8
04-28 19:09:37.233   626   655 D VNS.VnsMain: combine stubRequestId=40451 with ticket=40451
04-28 19:09:37.233   626   655 D VNS.MessageHandler: txMsg : aa 01 37 07 a0 ff ff ff ff 04 00 3f 
04-28 19:09:37.233   626   655 I VNS.VnsMain: onSignal, pluginId = 1, ticketId = 40451, state = 0, store = 0, signalId = 311
04-28 19:09:37.233   626   655 I VNS.VnsMain: onSignal, pluginId = 1, ticketId = 40451, state = 1, store = 0, signalId = 311
04-28 19:09:37.233   626   655 D VNS.SignalAccessorStub: doHandleSignalEvent, send response message to clientId=4, proxyRequestId=70746, signalId=0x137, msgType=9, statusCode=0, stubRequestId=40451
04-28 19:09:37.239   925   982 I VNS.SignalAccessor: dispatchToClient - reqId=70746, signalId=0x137, msg_type=9, statusCode=0
04-28 19:09:37.435   619   996 I VNS.SignalAccessor: setAsync - reqid=29662, signalId=0x150
04-28 19:09:37.435   619   996 I VNS.SignalAccessor: setAsync - reqid=29663, signalId=0x150
04-28 19:09:37.436   619   996 I VNS.SignalAccessor: setAsync - reqid=29664, signalId=0x150
04-28 19:09:37.436   619   996 I VNS.SignalAccessor: setAsync - reqid=29665, signalId=0x150
04-28 19:09:37.436   619   996 I VNS.SignalAccessor: setAsync - reqid=29666, signalId=0x150
04-28 19:09:37.436   619   996 I VNS.SignalAccessor: setAsync - reqid=29667, signalId=0x150
04-28 19:09:37.437   619   996 I VNS.SignalAccessor: setAsync - reqid=29668, signalId=0x150
04-28 19:09:37.437   626   742 D VNS.RequestAcceptor: parseRxAccessorRequest, clientId=1, clientFd=7, proxyRequestId=29662, msgType=8, signalId=0x150
04-28 19:09:37.437   626   742 D VNS.RequestAcceptor: parseRxAccessorRequest, clientId=1, clientFd=7, proxyRequestId=29663, msgType=8, signalId=0x150
04-28 19:09:37.437   626   742 D VNS.RequestAcceptor: parseRxAccessorRequest, clientId=1, clientFd=7, proxyRequestId=29664, msgType=8, signalId=0x150
04-28 19:09:37.437   626   742 D VNS.RequestAcceptor: parseRxAccessorRequest, clientId=1, clientFd=7, proxyRequestId=29665, msgType=8, signalId=0x150
04-28 19:09:37.437   626   742 D VNS.RequestAcceptor: parseRxAccessorRequest, clientId=1, clientFd=7, proxyRequestId=29666, msgType=8, signalId=0x150
04-28 19:09:37.437   626   742 D VNS.RequestAcceptor: parseRxAccessorRequest, clientId=1, clientFd=7, proxyRequestId=29667, msgType=8, signalId=0x150
04-28 19:09:37.438   626   742 D VNS.RequestAcceptor: parseRxAccessorRequest, clientId=1, clientFd=7, proxyRequestId=29668, msgType=8, signalId=0x150
04-28 19:09:37.443   626   655 D VNS.SignalAccessorStub: handleSetRequest, stubRequestId=40452, clientId=1, clientFd=7, proxyRequestId=29662, signalId=0x150, msgType=8
04-28 19:09:37.443   626   655 D VNS.VnsMain: combine stubRequestId=40452 with ticket=40452
04-28 19:09:37.443   626   655 D VNS.MessageHandler: txMsg : aa 01 50 04 50 44 00 02 e9 
04-28 19:09:37.443   626   655 I VNS.VnsMain: onSignal, pluginId = 1, ticketId = 40452, state = 0, store = 0, signalId = 336
04-28 19:09:37.443   626   655 I VNS.VnsMain: onSignal, pluginId = 1, ticketId = 40452, state = 1, store = 0, signalId = 336
04-28 19:09:37.443   626   655 D VNS.SignalAccessorStub: doHandleSignalEvent, send response message to clientId=1, proxyRequestId=29662, signalId=0x150, msgType=9, statusCode=0, stubRequestId=40452
04-28 19:09:37.444   626   655 D VNS.SignalAccessorStub: handleSetRequest, stubRequestId=40453, clientId=1, clientFd=7, proxyRequestId=29663, signalId=0x150, msgType=8
04-28 19:09:37.444   626   655 D VNS.VnsMain: combine stubRequestId=40453 with ticket=40453
04-28 19:09:37.444   626   655 D VNS.MessageHandler: txMsg : aa 01 50 04 d0 4f 00 03 63 
04-28 19:09:37.444   626   655 I VNS.VnsMain: onSignal, pluginId = 1, ticketId = 40453, state = 0, store = 0, signalId = 336
04-28 19:09:37.444   626   655 I VNS.VnsMain: onSignal, pluginId = 1, ticketId = 40453, state = 1, store = 0, signalId = 336
04-28 19:09:37.444   626   655 D VNS.SignalAccessorStub: doHandleSignalEvent, send response message to clientId=1, proxyRequestId=29663, signalId=0x150, msgType=9, statusCode=0, stubRequestId=40453
04-28 19:09:37.444   626   655 D VNS.SignalAccessorStub: handleSetRequest, stubRequestId=40454, clientId=1, clientFd=7, proxyRequestId=29664, signalId=0x150, msgType=8
04-28 19:09:37.444   626   655 D VNS.VnsMain: combine stubRequestId=40454 with ticket=40454
04-28 19:09:37.444   626   655 D VNS.MessageHandler: txMsg : aa 01 50 04 ef 1d 00 00 0d 
04-28 19:09:37.444   626   655 I VNS.VnsMain: onSignal, pluginId = 1, ticketId = 40454, state = 0, store = 0, signalId = 336
04-28 19:09:37.444   626   655 I VNS.VnsMain: onSignal, pluginId = 1, ticketId = 40454, state = 1, store = 0, signalId = 336
04-28 19:09:37.444   626   655 D VNS.SignalAccessorStub: doHandleSignalEvent, send response message to clientId=1, proxyRequestId=29664, signalId=0x150, msgType=9, statusCode=0, stubRequestId=40454
04-28 19:09:37.444   626   655 D VNS.SignalAccessorStub: handleSetRequest, stubRequestId=40455, clientId=1, clientFd=7, proxyRequestId=29665, signalId=0x150, msgType=8
04-28 19:09:37.444   626   655 D VNS.VnsMain: combine stubRequestId=40455 with ticket=40455
04-28 19:09:37.445   626   655 D VNS.MessageHandler: txMsg : aa 01 50 04 ef 20 00 02 32 
04-28 19:09:37.445   626   655 I VNS.VnsMain: onSignal, pluginId = 1, ticketId = 40455, state = 0, store = 0, signalId = 336
04-28 19:09:37.445   626   655 I VNS.VnsMain: onSignal, pluginId = 1, ticketId = 40455, state = 1, store = 0, signalId = 336
04-28 19:09:37.445   626   655 D VNS.SignalAccessorStub: doHandleSignalEvent, send response message to clientId=1, proxyRequestId=29665, signalId=0x150, msgType=9, statusCode=0, stubRequestId=40455
04-28 19:09:37.445   626   655 D VNS.SignalAccessorStub: handleSetRequest, stubRequestId=40456, clientId=1, clientFd=7, proxyRequestId=29666, signalId=0x150, msgType=8
04-28 19:09:37.445   626   655 D VNS.VnsMain: combine stubRequestId=40456 with ticket=40456
04-28 19:09:37.445   626   655 D VNS.MessageHandler: txMsg : aa 01 50 04 ef 21 00 00 31 
04-28 19:09:37.445   626   655 I VNS.VnsMain: onSignal, pluginId = 1, ticketId = 40456, state = 0, store = 0, signalId = 336
04-28 19:09:37.445   626   655 I VNS.VnsMain: onSignal, pluginId = 1, ticketId = 40456, state = 1, store = 0, signalId = 336
04-28 19:09:37.445   626   655 D VNS.SignalAccessorStub: doHandleSignalEvent, send response message to clientId=1, proxyRequestId=29666, signalId=0x150, msgType=9, statusCode=0, stubRequestId=40456
04-28 19:09:37.445   626   655 D VNS.SignalAccessorStub: handleSetRequest, stubRequestId=40457, clientId=1, clientFd=7, proxyRequestId=29667, signalId=0x150, msgType=8
04-28 19:09:37.445   626   655 D VNS.VnsMain: combine stubRequestId=40457 with ticket=40457
04-28 19:09:37.446   626   655 D VNS.MessageHandler: txMsg : aa 01 50 04 ef 28 00 00 38 
04-28 19:09:37.446   626   655 I VNS.VnsMain: onSignal, pluginId = 1, ticketId = 40457, state = 0, store = 0, signalId = 336
04-28 19:09:37.446   626   655 I VNS.VnsMain: onSignal, pluginId = 1, ticketId = 40457, state = 1, store = 0, signalId = 336
04-28 19:09:37.446   626   655 D VNS.SignalAccessorStub: doHandleSignalEvent, send response message to clientId=1, proxyRequestId=29667, signalId=0x150, msgType=9, statusCode=0, stubRequestId=40457
04-28 19:09:37.446   626   655 D VNS.SignalAccessorStub: handleSetRequest, stubRequestId=40458, clientId=1, clientFd=7, proxyRequestId=29668, signalId=0x150, msgType=8
04-28 19:09:37.446   626   655 D VNS.VnsMain: combine stubRequestId=40458 with ticket=40458
04-28 19:09:37.446   626   655 D VNS.MessageHandler: txMsg : aa 01 50 04 ef 2c 00 00 3c 
04-28 19:09:37.446   626   655 I VNS.VnsMain: onSignal, pluginId = 1, ticketId = 40458, state = 0, store = 0, signalId = 336
04-28 19:09:37.446   626   655 I VNS.VnsMain: onSignal, pluginId = 1, ticketId = 40458, state = 1, store = 0, signalId = 336
04-28 19:09:37.446   626   655 D VNS.SignalAccessorStub: doHandleSignalEvent, send response message to clientId=1, proxyRequestId=29668, signalId=0x150, msgType=9, statusCode=0, stubRequestId=40458
04-28 19:09:37.449   619   736 I VNS.SignalAccessor: dispatchToClient - reqId=29662, signalId=0x150, msg_type=9, statusCode=0
04-28 19:09:37.449   619   736 I VNS.SignalAccessor: dispatchToClient - reqId=29663, signalId=0x150, msg_type=9, statusCode=0
04-28 19:09:37.449   619   736 I VNS.SignalAccessor: dispatchToClient - reqId=29664, signalId=0x150, msg_type=9, statusCode=0
04-28 19:09:37.449   619   736 I VNS.SignalAccessor: dispatchToClient - reqId=29665, signalId=0x150, msg_type=9, statusCode=0
04-28 19:09:37.449   619   736 I VNS.SignalAccessor: dispatchToClient - reqId=29666, signalId=0x150, msg_type=9, statusCode=0
04-28 19:09:37.449   619   736 I VNS.SignalAccessor: dispatchToClient - reqId=29667, signalId=0x150, msg_type=9, statusCode=0
04-28 19:09:37.449   619   736 I VNS.SignalAccessor: dispatchToClient - reqId=29668, signalId=0x150, msg_type=9, statusCode=0
04-28 19:09:38.149   626   656 D VNS.MessageHandler: rxMsg : aa ee 01 78 30 00 02 01 00 00 00 00 01 00 00 00 00 00 01 00 00 00 00 00 00 00 00 01 f1 23 00 00 00 00 00 02 3b 0f 01 01 00 00 0a 00 84 00 00 00 00 00 00 00 00 00 00 00 00 00 00 00 00 00 00 00 00 00 00 00 00 00 99 99 00 00 00 00 01 a0 ff ff ff ff 04 00 00 00 99 99 03 00 00 01 01 03 03 01 01 03 03 00 04 01 00 01 00 02 03 99 99 01 00 00 00 00 00 00 00 00 00 00 0e 08 00 03 c2 
04-28 19:09:38.149   626   656 E VNS.MessageDefinitionManager: There is no parse information. msgId = 0xee01
04-28 19:09:38.152   626   656 D VNS.MessageHandler: rxMsg : aa ee 03 27 ff 01 00 00 00 00 01 00 00 00 00 12 01 00 01 03 ff 00 00 01 01 00 00 00 00 00 00 00 00 00 00 00 00 00 00 00 00 00 00 71 
04-28 19:09:38.152   626   656 E VNS.MessageDefinitionManager: There is no parse information. msgId = 0xee03
04-28 19:09:38.156   626   656 D VNS.MessageHandler: rxMsg : aa 8a 29 02 00 ff f4 
04-28 19:09:38.156   626   656 I VNS.VnsMain: onSignal, pluginId = 1, ticketId = 0, state = 1, store = 0, signalId = 35369
04-28 19:09:38.229   925   968 I VNS.SignalAccessor: setAsync - reqid=70747, signalId=0x137
04-28 19:09:38.229   626   983 D VNS.RequestAcceptor: parseRxAccessorRequest, clientId=4, clientFd=10, proxyRequestId=70747, msgType=8, signalId=0x137
04-28 19:09:38.235   626   655 D VNS.SignalAccessorStub: handleSetRequest, stubRequestId=40459, clientId=4, clientFd=10, proxyRequestId=70747, signalId=0x137, msgType=8
04-28 19:09:38.235   626   655 D VNS.VnsMain: combine stubRequestId=40459 with ticket=40459
04-28 19:09:38.235   626   655 D VNS.MessageHandler: txMsg : aa 01 37 07 a0 ff ff ff ff 04 00 3f 
04-28 19:09:38.235   626   655 I VNS.VnsMain: onSignal, pluginId = 1, ticketId = 40459, state = 0, store = 0, signalId = 311
04-28 19:09:38.235   626   655 I VNS.VnsMain: onSignal, pluginId = 1, ticketId = 40459, state = 1, store = 0, signalId = 311
04-28 19:09:38.235   626   655 D VNS.SignalAccessorStub: doHandleSignalEvent, send response message to clientId=4, proxyRequestId=70747, signalId=0x137, msgType=9, statusCode=0, stubRequestId=40459
04-28 19:09:38.241   925   982 I VNS.SignalAccessor: dispatchToClient - reqId=70747, signalId=0x137, msg_type=9, statusCode=0
04-28 19:09:39.156   626   656 D VNS.MessageHandler: rxMsg : aa 8a 29 02 00 ff f4 
04-28 19:09:39.156   626   656 I VNS.VnsMain: onSignal, pluginId = 1, ticketId = 0, state = 1, store = 0, signalId = 35369
04-28 19:09:39.227   626   656 D VNS.MessageHandler: rxMsg : aa ee 04 1f a0 01 00 00 01 00 00 00 00 0f 00 01 00 00 00 00 00 00 00 00 00 00 00 00 00 00 00 00 00 80 00 71 
04-28 19:09:39.227   626   656 E VNS.MessageDefinitionManager: There is no parse information. msgId = 0xee04
04-28 19:09:39.230   925   968 I VNS.SignalAccessor: setAsync - reqid=70748, signalId=0x137
04-28 19:09:39.231   626   983 D VNS.RequestAcceptor: parseRxAccessorRequest, clientId=4, clientFd=10, proxyRequestId=70748, msgType=8, signalId=0x137
04-28 19:09:39.236   626   655 D VNS.SignalAccessorStub: handleSetRequest, stubRequestId=40460, clientId=4, clientFd=10, proxyRequestId=70748, signalId=0x137, msgType=8
04-28 19:09:39.236   626   655 D VNS.VnsMain: combine stubRequestId=40460 with ticket=40460
04-28 19:09:39.236   626   655 D VNS.MessageHandler: txMsg : aa 01 37 07 a0 ff ff ff ff 04 00 3f 
04-28 19:09:39.236   626   655 I VNS.VnsMain: onSignal, pluginId = 1, ticketId = 40460, state = 0, store = 0, signalId = 311
04-28 19:09:39.236   626   655 I VNS.VnsMain: onSignal, pluginId = 1, ticketId = 40460, state = 1, store = 0, signalId = 311
04-28 19:09:39.237   626   655 D VNS.SignalAccessorStub: doHandleSignalEvent, send response message to clientId=4, proxyRequestId=70748, signalId=0x137, msgType=9, statusCode=0, stubRequestId=40460
04-28 19:09:39.242   925   982 I VNS.SignalAccessor: dispatchToClient - reqId=70748, signalId=0x137, msg_type=9, statusCode=0
04-28 19:09:39.963   619   728 I VNS.SignalAccessor: setAsync - reqid=29669, signalId=0x151
04-28 19:09:39.963   626   742 D VNS.RequestAcceptor: parseRxAccessorRequest, clientId=1, clientFd=7, proxyRequestId=29669, msgType=8, signalId=0x151
04-28 19:09:39.969   626   655 D VNS.SignalAccessorStub: handleSetRequest, stubRequestId=40461, clientId=1, clientFd=7, proxyRequestId=29669, signalId=0x151, msgType=8
04-28 19:09:39.969   626   655 D VNS.VnsMain: combine stubRequestId=40461 with ticket=40461
04-28 19:09:39.969   626   655 D VNS.MessageHandler: txMsg : aa 01 51 0f d9 56 08 00 00 00 00 00 00 00 00 00 00 00 00 72 
04-28 19:09:39.969   626   655 I VNS.VnsMain: onSignal, pluginId = 1, ticketId = 40461, state = 0, store = 0, signalId = 337
04-28 19:09:39.969   626   655 I VNS.VnsMain: onSignal, pluginId = 1, ticketId = 40461, state = 1, store = 0, signalId = 337
04-28 19:09:39.969   626   655 D VNS.SignalAccessorStub: doHandleSignalEvent, send response message to clientId=1, proxyRequestId=29669, signalId=0x151, msgType=9, statusCode=0, stubRequestId=40461
04-28 19:09:39.976   619   736 I VNS.SignalAccessor: dispatchToClient - reqId=29669, signalId=0x151, msg_type=9, statusCode=0
04-28 19:09:40.156   626   656 D VNS.MessageHandler: rxMsg : aa 8a 29 02 00 ff f4 
04-28 19:09:40.156   626   656 I VNS.VnsMain: onSignal, pluginId = 1, ticketId = 0, state = 1, store = 0, signalId = 35369
04-28 19:09:40.232   925   968 I VNS.SignalAccessor: setAsync - reqid=70749, signalId=0x137
04-28 19:09:40.232   626   983 D VNS.RequestAcceptor: parseRxAccessorRequest, clientId=4, clientFd=10, proxyRequestId=70749, msgType=8, signalId=0x137
04-28 19:09:40.238   626   655 D VNS.SignalAccessorStub: handleSetRequest, stubRequestId=40462, clientId=4, clientFd=10, proxyRequestId=70749, signalId=0x137, msgType=8
04-28 19:09:40.238   626   655 D VNS.VnsMain: combine stubRequestId=40462 with ticket=40462
04-28 19:09:40.238   626   655 D VNS.MessageHandler: txMsg : aa 01 37 07 a0 ff ff ff ff 04 00 3f 
04-28 19:09:40.238   626   655 I VNS.VnsMain: onSignal, pluginId = 1, ticketId = 40462, state = 0, store = 0, signalId = 311
04-28 19:09:40.239   626   655 I VNS.VnsMain: onSignal, pluginId = 1, ticketId = 40462, state = 1, store = 0, signalId = 311
04-28 19:09:40.239   626   655 D VNS.SignalAccessorStub: doHandleSignalEvent, send response message to clientId=4, proxyRequestId=70749, signalId=0x137, msgType=9, statusCode=0, stubRequestId=40462
04-28 19:09:40.244   925   982 I VNS.SignalAccessor: dispatchToClient - reqId=70749, signalId=0x137, msg_type=9, statusCode=0
04-28 19:09:40.438   619   996 I VNS.SignalAccessor: setAsync - reqid=29670, signalId=0x150
04-28 19:09:40.438   619   996 I VNS.SignalAccessor: setAsync - reqid=29671, signalId=0x150
04-28 19:09:40.438   626   742 D VNS.RequestAcceptor: parseRxAccessorRequest, clientId=1, clientFd=7, proxyRequestId=29670, msgType=8, signalId=0x150
04-28 19:09:40.438   626   742 D VNS.RequestAcceptor: parseRxAccessorRequest, clientId=1, clientFd=7, proxyRequestId=29671, msgType=8, signalId=0x150
04-28 19:09:40.438   619   996 I VNS.SignalAccessor: setAsync - reqid=29672, signalId=0x150
04-28 19:09:40.438   619   996 I VNS.SignalAccessor: setAsync - reqid=29673, signalId=0x150
04-28 19:09:40.439   626   742 D VNS.RequestAcceptor: parseRxAccessorRequest, clientId=1, clientFd=7, proxyRequestId=29672, msgType=8, signalId=0x150
04-28 19:09:40.439   619   996 I VNS.SignalAccessor: setAsync - reqid=29674, signalId=0x150
04-28 19:09:40.439   626   742 D VNS.RequestAcceptor: parseRxAccessorRequest, clientId=1, clientFd=7, proxyRequestId=29673, msgType=8, signalId=0x150
04-28 19:09:40.439   626   742 D VNS.RequestAcceptor: parseRxAccessorRequest, clientId=1, clientFd=7, proxyRequestId=29674, msgType=8, signalId=0x150
04-28 19:09:40.439   619   996 I VNS.SignalAccessor: setAsync - reqid=29675, signalId=0x150
04-28 19:09:40.439   619   996 I VNS.SignalAccessor: setAsync - reqid=29676, signalId=0x150
04-28 19:09:40.439   626   742 D VNS.RequestAcceptor: parseRxAccessorRequest, clientId=1, clientFd=7, proxyRequestId=29675, msgType=8, signalId=0x150
04-28 19:09:40.439   626   742 D VNS.RequestAcceptor: parseRxAccessorRequest, clientId=1, clientFd=7, proxyRequestId=29676, msgType=8, signalId=0x150
04-28 19:09:40.443   626   655 D VNS.SignalAccessorStub: handleSetRequest, stubRequestId=40463, clientId=1, clientFd=7, proxyRequestId=29670, signalId=0x150, msgType=8
04-28 19:09:40.444   626   655 D VNS.VnsMain: combine stubRequestId=40463 with ticket=40463
04-28 19:09:40.444   626   655 D VNS.MessageHandler: txMsg : aa 01 50 04 50 44 00 02 e9 
04-28 19:09:40.444   626   655 I VNS.VnsMain: onSignal, pluginId = 1, ticketId = 40463, state = 0, store = 0, signalId = 336
04-28 19:09:40.444   626   655 I VNS.VnsMain: onSignal, pluginId = 1, ticketId = 40463, state = 1, store = 0, signalId = 336
04-28 19:09:40.444   626   655 D VNS.SignalAccessorStub: doHandleSignalEvent, send response message to clientId=1, proxyRequestId=29670, signalId=0x150, msgType=9, statusCode=0, stubRequestId=40463
04-28 19:09:40.444   626   655 D VNS.SignalAccessorStub: handleSetRequest, stubRequestId=40464, clientId=1, clientFd=7, proxyRequestId=29671, signalId=0x150, msgType=8
04-28 19:09:40.444   626   655 D VNS.VnsMain: combine stubRequestId=40464 with ticket=40464
04-28 19:09:40.444   626   655 D VNS.MessageHandler: txMsg : aa 01 50 04 d0 4f 00 03 63 
04-28 19:09:40.444   626   655 I VNS.VnsMain: onSignal, pluginId = 1, ticketId = 40464, state = 0, store = 0, signalId = 336
04-28 19:09:40.444   626   655 I VNS.VnsMain: onSignal, pluginId = 1, ticketId = 40464, state = 1, store = 0, signalId = 336
04-28 19:09:40.444   626   655 D VNS.SignalAccessorStub: doHandleSignalEvent, send response message to clientId=1, proxyRequestId=29671, signalId=0x150, msgType=9, statusCode=0, stubRequestId=40464
04-28 19:09:40.444   626   655 D VNS.SignalAccessorStub: handleSetRequest, stubRequestId=40465, clientId=1, clientFd=7, proxyRequestId=29672, signalId=0x150, msgType=8
04-28 19:09:40.444   626   655 D VNS.VnsMain: combine stubRequestId=40465 with ticket=40465
04-28 19:09:40.445   626   655 D VNS.MessageHandler: txMsg : aa 01 50 04 ef 1d 00 00 0d 
04-28 19:09:40.445   626   655 I VNS.VnsMain: onSignal, pluginId = 1, ticketId = 40465, state = 0, store = 0, signalId = 336
04-28 19:09:40.445   626   655 I VNS.VnsMain: onSignal, pluginId = 1, ticketId = 40465, state = 1, store = 0, signalId = 336
04-28 19:09:40.445   626   655 D VNS.SignalAccessorStub: doHandleSignalEvent, send response message to clientId=1, proxyRequestId=29672, signalId=0x150, msgType=9, statusCode=0, stubRequestId=40465
04-28 19:09:40.445   626   655 D VNS.SignalAccessorStub: handleSetRequest, stubRequestId=40466, clientId=1, clientFd=7, proxyRequestId=29673, signalId=0x150, msgType=8
04-28 19:09:40.445   626   655 D VNS.VnsMain: combine stubRequestId=40466 with ticket=40466
04-28 19:09:40.445   626   655 D VNS.MessageHandler: txMsg : aa 01 50 04 ef 20 00 02 32 
04-28 19:09:40.445   626   655 I VNS.VnsMain: onSignal, pluginId = 1, ticketId = 40466, state = 0, store = 0, signalId = 336
04-28 19:09:40.445   626   655 I VNS.VnsMain: onSignal, pluginId = 1, ticketId = 40466, state = 1, store = 0, signalId = 336
04-28 19:09:40.445   626   655 D VNS.SignalAccessorStub: doHandleSignalEvent, send response message to clientId=1, proxyRequestId=29673, signalId=0x150, msgType=9, statusCode=0, stubRequestId=40466
04-28 19:09:40.445   626   655 D VNS.SignalAccessorStub: handleSetRequest, stubRequestId=40467, clientId=1, clientFd=7, proxyRequestId=29674, signalId=0x150, msgType=8
04-28 19:09:40.445   626   655 D VNS.VnsMain: combine stubRequestId=40467 with ticket=40467
04-28 19:09:40.445   626   655 D VNS.MessageHandler: txMsg : aa 01 50 04 ef 21 00 00 31 
04-28 19:09:40.445   626   655 I VNS.VnsMain: onSignal, pluginId = 1, ticketId = 40467, state = 0, store = 0, signalId = 336
04-28 19:09:40.445   626   655 I VNS.VnsMain: onSignal, pluginId = 1, ticketId = 40467, state = 1, store = 0, signalId = 336
04-28 19:09:40.445   626   655 D VNS.SignalAccessorStub: doHandleSignalEvent, send response message to clientId=1, proxyRequestId=29674, signalId=0x150, msgType=9, statusCode=0, stubRequestId=40467
04-28 19:09:40.446   626   655 D VNS.SignalAccessorStub: handleSetRequest, stubRequestId=40468, clientId=1, clientFd=7, proxyRequestId=29675, signalId=0x150, msgType=8
04-28 19:09:40.446   626   655 D VNS.VnsMain: combine stubRequestId=40468 with ticket=40468
04-28 19:09:40.446   626   655 D VNS.MessageHandler: txMsg : aa 01 50 04 ef 28 00 00 38 
04-28 19:09:40.446   626   655 I VNS.VnsMain: onSignal, pluginId = 1, ticketId = 40468, state = 0, store = 0, signalId = 336
04-28 19:09:40.446   626   655 I VNS.VnsMain: onSignal, pluginId = 1, ticketId = 40468, state = 1, store = 0, signalId = 336
04-28 19:09:40.446   626   655 D VNS.SignalAccessorStub: doHandleSignalEvent, send response message to clientId=1, proxyRequestId=29675, signalId=0x150, msgType=9, statusCode=0, stubRequestId=40468
04-28 19:09:40.446   626   655 D VNS.SignalAccessorStub: handleSetRequest, stubRequestId=40469, clientId=1, clientFd=7, proxyRequestId=29676, signalId=0x150, msgType=8
04-28 19:09:40.446   626   655 D VNS.VnsMain: combine stubRequestId=40469 with ticket=40469
04-28 19:09:40.446   626   655 D VNS.MessageHandler: txMsg : aa 01 50 04 ef 2c 00 00 3c 
04-28 19:09:40.446   626   655 I VNS.VnsMain: onSignal, pluginId = 1, ticketId = 40469, state = 0, store = 0, signalId = 336
04-28 19:09:40.446   626   655 I VNS.VnsMain: onSignal, pluginId = 1, ticketId = 40469, state = 1, store = 0, signalId = 336
04-28 19:09:40.446   626   655 D VNS.SignalAccessorStub: doHandleSignalEvent, send response message to clientId=1, proxyRequestId=29676, signalId=0x150, msgType=9, statusCode=0, stubRequestId=40469
04-28 19:09:40.450   619   736 I VNS.SignalAccessor: dispatchToClient - reqId=29670, signalId=0x150, msg_type=9, statusCode=0
04-28 19:09:40.450   619   736 I VNS.SignalAccessor: dispatchToClient - reqId=29671, signalId=0x150, msg_type=9, statusCode=0
04-28 19:09:40.450   619   736 I VNS.SignalAccessor: dispatchToClient - reqId=29672, signalId=0x150, msg_type=9, statusCode=0
04-28 19:09:40.450   619   736 I VNS.SignalAccessor: dispatchToClient - reqId=29673, signalId=0x150, msg_type=9, statusCode=0
04-28 19:09:40.450   619   736 I VNS.SignalAccessor: dispatchToClient - reqId=29674, signalId=0x150, msg_type=9, statusCode=0
04-28 19:09:40.450   619   736 I VNS.SignalAccessor: dispatchToClient - reqId=29675, signalId=0x150, msg_type=9, statusCode=0
04-28 19:09:40.450   619   736 I VNS.SignalAccessor: dispatchToClient - reqId=29676, signalId=0x150, msg_type=9, statusCode=0
04-28 19:09:41.129 14265 14265 F linker  : CANNOT LINK EXECUTABLE "/vendor/bin/hw/vendor.lge.hardware.automotive.rawnet.geely@1.0-service": library "vendor.lge.hardware.automotive.rawnet.geely@1.0-impl.so" not found
04-28 19:09:41.149   626   656 D VNS.MessageHandler: rxMsg : aa ee 01 78 30 00 02 01 00 00 00 00 01 00 00 00 00 00 01 00 00 00 00 00 00 00 00 01 f1 23 00 00 00 00 00 02 3b 12 01 01 00 00 0a 00 85 00 00 00 00 00 00 00 00 00 00 00 00 00 00 00 00 00 00 00 00 00 00 00 00 00 99 99 00 00 00 00 01 a0 ff ff ff ff 04 00 00 00 99 99 03 00 00 01 01 03 03 01 01 03 03 00 04 01 00 01 00 02 03 99 99 01 00 00 00 00 00 00 00 00 00 00 0e 09 00 03 df 
04-28 19:09:41.149   626   656 E VNS.MessageDefinitionManager: There is no parse information. msgId = 0xee01
04-28 19:09:41.156   626   656 D VNS.MessageHandler: rxMsg : aa 8a 29 02 00 ff f4 
04-28 19:09:41.156   626   656 I VNS.VnsMain: onSignal, pluginId = 1, ticketId = 0, state = 1, store = 0, signalId = 35369
04-28 19:09:41.233   925   968 I VNS.SignalAccessor: setAsync - reqid=70750, signalId=0x137
04-28 19:09:41.234   626   983 D VNS.RequestAcceptor: parseRxAccessorRequest, clientId=4, clientFd=10, proxyRequestId=70750, msgType=8, signalId=0x137
04-28 19:09:41.239   626   655 D VNS.SignalAccessorStub: handleSetRequest, stubRequestId=40470, clientId=4, clientFd=10, proxyRequestId=70750, signalId=0x137, msgType=8
04-28 19:09:41.239   626   655 D VNS.VnsMain: combine stubRequestId=40470 with ticket=40470
04-28 19:09:41.239   626   655 D VNS.MessageHandler: txMsg : aa 01 37 07 a0 ff ff ff ff 04 00 3f 
04-28 19:09:41.240   626   655 I VNS.VnsMain: onSignal, pluginId = 1, ticketId = 40470, state = 0, store = 0, signalId = 311
04-28 19:09:41.240   626   655 I VNS.VnsMain: onSignal, pluginId = 1, ticketId = 40470, state = 1, store = 0, signalId = 311
04-28 19:09:41.240   626   655 D VNS.SignalAccessorStub: doHandleSignalEvent, send response message to clientId=4, proxyRequestId=70750, signalId=0x137, msgType=9, statusCode=0, stubRequestId=40470
04-28 19:09:41.245   925   982 I VNS.SignalAccessor: dispatchToClient - reqId=70750, signalId=0x137, msg_type=9, statusCode=0
04-28 19:09:42.156   626   656 D VNS.MessageHandler: rxMsg : aa 8a 29 02 00 ff f4 
04-28 19:09:42.156   626   656 I VNS.VnsMain: onSignal, pluginId = 1, ticketId = 0, state = 1, store = 0, signalId = 35369
04-28 19:09:42.227   626   656 D VNS.MessageHandler: rxMsg : aa ee 04 1f a0 01 00 00 01 00 00 00 00 0f 00 01 00 00 00 00 00 00 00 00 00 00 00 00 00 00 00 00 00 80 00 71 
04-28 19:09:42.227   626   656 E VNS.MessageDefinitionManager: There is no parse information. msgId = 0xee04
04-28 19:09:42.234   925   968 I VNS.SignalAccessor: setAsync - reqid=70751, signalId=0x137
04-28 19:09:42.235   626   983 D VNS.RequestAcceptor: parseRxAccessorRequest, clientId=4, clientFd=10, proxyRequestId=70751, msgType=8, signalId=0x137
04-28 19:09:42.241   626   655 D VNS.SignalAccessorStub: handleSetRequest, stubRequestId=40471, clientId=4, clientFd=10, proxyRequestId=70751, signalId=0x137, msgType=8
04-28 19:09:42.241   626   655 D VNS.VnsMain: combine stubRequestId=40471 with ticket=40471
04-28 19:09:42.241   626   655 D VNS.MessageHandler: txMsg : aa 01 37 07 a0 ff ff ff ff 04 00 3f 
04-28 19:09:42.242   626   655 I VNS.VnsMain: onSignal, pluginId = 1, ticketId = 40471, state = 0, store = 0, signalId = 311
04-28 19:09:42.242   626   655 I VNS.VnsMain: onSignal, pluginId = 1, ticketId = 40471, state = 1, store = 0, signalId = 311
04-28 19:09:42.242   626   655 D VNS.SignalAccessorStub: doHandleSignalEvent, send response message to clientId=4, proxyRequestId=70751, signalId=0x137, msgType=9, statusCode=0, stubRequestId=40471
04-28 19:09:42.248   925   982 I VNS.SignalAccessor: dispatchToClient - reqId=70751, signalId=0x137, msg_type=9, statusCode=0
04-28 19:09:42.964   619   728 I VNS.SignalAccessor: setAsync - reqid=29677, signalId=0x151
04-28 19:09:42.964   626   742 D VNS.RequestAcceptor: parseRxAccessorRequest, clientId=1, clientFd=7, proxyRequestId=29677, msgType=8, signalId=0x151
04-28 19:09:42.970   626   655 D VNS.SignalAccessorStub: handleSetRequest, stubRequestId=40472, clientId=1, clientFd=7, proxyRequestId=29677, signalId=0x151, msgType=8
04-28 19:09:42.971   626   655 D VNS.VnsMain: combine stubRequestId=40472 with ticket=40472
04-28 19:09:42.971   626   655 D VNS.MessageHandler: txMsg : aa 01 51 0f d9 56 08 00 00 00 00 00 00 00 00 00 00 00 00 72 
04-28 19:09:42.971   626   655 I VNS.VnsMain: onSignal, pluginId = 1, ticketId = 40472, state = 0, store = 0, signalId = 337
04-28 19:09:42.971   626   655 I VNS.VnsMain: onSignal, pluginId = 1, ticketId = 40472, state = 1, store = 0, signalId = 337
04-28 19:09:42.971   626   655 D VNS.SignalAccessorStub: doHandleSignalEvent, send response message to clientId=1, proxyRequestId=29677, signalId=0x151, msgType=9, statusCode=0, stubRequestId=40472
04-28 19:09:42.977   619   736 I VNS.SignalAccessor: dispatchToClient - reqId=29677, signalId=0x151, msg_type=9, statusCode=0
04-28 19:09:43.153   626   656 D VNS.MessageHandler: rxMsg : aa 83 03 14 11 01 11 00 01 11 14 13 04 12 02 19 04 18 16 27 09 00 0a 01 0a aa ee 03 27 ff 01 00 00 00 00 01 00 00 00 00 12 01 00 01 03 ff 00 00 01 01 00 00 00 00 00 00 00 00 00 00 00 00 00 00 00 00 00 00 71 
04-28 19:09:43.153   626   656 I VNS.VnsMain: onSignal, pluginId = 1, ticketId = 0, state = 1, store = 0, signalId = 33539
04-28 19:09:43.153   626   656 D VNS.SignalAccessorStub: doHandleSignalEvent, send event message to clientId=1, msgType=15, statusCode=0, stubRequestId=0
04-28 19:09:43.153   626   656 E VNS.MessageDefinitionManager: There is no parse information. msgId = 0xee03
04-28 19:09:43.156   626   656 D VNS.MessageHandler: rxMsg : aa 8a 29 02 00 ff f4 
04-28 19:09:43.156   626   656 I VNS.VnsMain: onSignal, pluginId = 1, ticketId = 0, state = 1, store = 0, signalId = 35369
04-28 19:09:43.158   619   736 I VNS.SignalAccessor: handleSignalEvent, signalId=0x8303, msg_type=15
04-28 19:09:43.159   619   736 D VHAL.DiagHandler: VP Version : VP_DCY11_IHU_CN_DCY11_IP720_190418_02
04-28 19:09:43.159   619   736 I VHAL.DiagHandler: setPropValue: propId[0x21105309], value[VP_DCY11_IHU_CN_DCY11_IP720_190418_02]
04-28 19:09:43.159   619   736 E VHAL.DiagHandler: [sendPartNumberToVP] 
04-28 19:09:43.159   619   736 E VHAL.DiagHandler: [sendPartNumberToVP] AP partnumber is not available
04-28 19:09:43.196   619   619 I VNS.SignalAccessor: setAsync - reqid=29678, signalId=0x150
04-28 19:09:43.196   626   742 D VNS.RequestAcceptor: parseRxAccessorRequest, clientId=1, clientFd=7, proxyRequestId=29678, msgType=8, signalId=0x150
04-28 19:09:43.202   626   655 D VNS.SignalAccessorStub: handleSetRequest, stubRequestId=40473, clientId=1, clientFd=7, proxyRequestId=29678, signalId=0x150, msgType=8
04-28 19:09:43.202   626   655 D VNS.VnsMain: combine stubRequestId=40473 with ticket=40473
04-28 19:09:43.202   626   655 D VNS.MessageHandler: txMsg : aa 01 50 04 ef 2a 00 00 3a 
04-28 19:09:43.202   626   655 I VNS.VnsMain: onSignal, pluginId = 1, ticketId = 40473, state = 0, store = 0, signalId = 336
04-28 19:09:43.202   626   655 I VNS.VnsMain: onSignal, pluginId = 1, ticketId = 40473, state = 1, store = 0, signalId = 336
04-28 19:09:43.202   626   655 D VNS.SignalAccessorStub: doHandleSignalEvent, send response message to clientId=1, proxyRequestId=29678, signalId=0x150, msgType=9, statusCode=0, stubRequestId=40473
04-28 19:09:43.210   619   736 I VNS.SignalAccessor: dispatchToClient - reqId=29678, signalId=0x150, msg_type=9, statusCode=0
04-28 19:09:43.236   925   968 I VNS.SignalAccessor: setAsync - reqid=70752, signalId=0x137
04-28 19:09:43.236   626   983 D VNS.RequestAcceptor: parseRxAccessorRequest, clientId=4, clientFd=10, proxyRequestId=70752, msgType=8, signalId=0x137
04-28 19:09:43.242   626   655 D VNS.SignalAccessorStub: handleSetRequest, stubRequestId=40474, clientId=4, clientFd=10, proxyRequestId=70752, signalId=0x137, msgType=8
04-28 19:09:43.242   626   655 D VNS.VnsMain: combine stubRequestId=40474 with ticket=40474
04-28 19:09:43.242   626   655 D VNS.MessageHandler: txMsg : aa 01 37 07 a0 ff ff ff ff 04 00 3f 
04-28 19:09:43.242   626   655 I VNS.VnsMain: onSignal, pluginId = 1, ticketId = 40474, state = 0, store = 0, signalId = 311
04-28 19:09:43.242   626   655 I VNS.VnsMain: onSignal, pluginId = 1, ticketId = 40474, state = 1, store = 0, signalId = 311
04-28 19:09:43.242   626   655 D VNS.SignalAccessorStub: doHandleSignalEvent, send response message to clientId=4, proxyRequestId=70752, signalId=0x137, msgType=9, statusCode=0, stubRequestId=40474
04-28 19:09:43.248   925   982 I VNS.SignalAccessor: dispatchToClient - reqId=70752, signalId=0x137, msg_type=9, statusCode=0
04-28 19:09:43.440   619   996 I VNS.SignalAccessor: setAsync - reqid=29679, signalId=0x150
04-28 19:09:43.441   619   996 I VNS.SignalAccessor: setAsync - reqid=29680, signalId=0x150
04-28 19:09:43.441   626   742 D VNS.RequestAcceptor: parseRxAccessorRequest, clientId=1, clientFd=7, proxyRequestId=29679, msgType=8, signalId=0x150
04-28 19:09:43.441   619   996 I VNS.SignalAccessor: setAsync - reqid=29681, signalId=0x150
04-28 19:09:43.441   626   742 D VNS.RequestAcceptor: parseRxAccessorRequest, clientId=1, clientFd=7, proxyRequestId=29680, msgType=8, signalId=0x150
04-28 19:09:43.441   626   742 D VNS.RequestAcceptor: parseRxAccessorRequest, clientId=1, clientFd=7, proxyRequestId=29681, msgType=8, signalId=0x150
04-28 19:09:43.441   619   996 I VNS.SignalAccessor: setAsync - reqid=29682, signalId=0x150
04-28 19:09:43.441   619   996 I VNS.SignalAccessor: setAsync - reqid=29683, signalId=0x150
04-28 19:09:43.442   619   996 I VNS.SignalAccessor: setAsync - reqid=29684, signalId=0x150
04-28 19:09:43.442   626   742 D VNS.RequestAcceptor: parseRxAccessorRequest, clientId=1, clientFd=7, proxyRequestId=29682, msgType=8, signalId=0x150
04-28 19:09:43.442   626   742 D VNS.RequestAcceptor: parseRxAccessorRequest, clientId=1, clientFd=7, proxyRequestId=29683, msgType=8, signalId=0x150
04-28 19:09:43.442   619   996 I VNS.SignalAccessor: setAsync - reqid=29685, signalId=0x150
04-28 19:09:43.442   626   742 D VNS.RequestAcceptor: parseRxAccessorRequest, clientId=1, clientFd=7, proxyRequestId=29684, msgType=8, signalId=0x150
04-28 19:09:43.442   626   742 D VNS.RequestAcceptor: parseRxAccessorRequest, clientId=1, clientFd=7, proxyRequestId=29685, msgType=8, signalId=0x150
04-28 19:09:43.446   626   655 D VNS.SignalAccessorStub: handleSetRequest, stubRequestId=40475, clientId=1, clientFd=7, proxyRequestId=29679, signalId=0x150, msgType=8
04-28 19:09:43.446   626   655 D VNS.VnsMain: combine stubRequestId=40475 with ticket=40475
04-28 19:09:43.446   626   655 D VNS.MessageHandler: txMsg : aa 01 50 04 50 44 00 02 e9 
04-28 19:09:43.447   626   655 I VNS.VnsMain: onSignal, pluginId = 1, ticketId = 40475, state = 0, store = 0, signalId = 336
04-28 19:09:43.447   626   655 I VNS.VnsMain: onSignal, pluginId = 1, ticketId = 40475, state = 1, store = 0, signalId = 336
04-28 19:09:43.447   626   655 D VNS.SignalAccessorStub: doHandleSignalEvent, send response message to clientId=1, proxyRequestId=29679, signalId=0x150, msgType=9, statusCode=0, stubRequestId=40475
04-28 19:09:43.447   626   655 D VNS.SignalAccessorStub: handleSetRequest, stubRequestId=40476, clientId=1, clientFd=7, proxyRequestId=29680, signalId=0x150, msgType=8
04-28 19:09:43.447   626   655 D VNS.VnsMain: combine stubRequestId=40476 with ticket=40476
04-28 19:09:43.447   626   655 D VNS.MessageHandler: txMsg : aa 01 50 04 d0 4f 00 03 63 
04-28 19:09:43.447   626   655 I VNS.VnsMain: onSignal, pluginId = 1, ticketId = 40476, state = 0, store = 0, signalId = 336
04-28 19:09:43.447   626   655 I VNS.VnsMain: onSignal, pluginId = 1, ticketId = 40476, state = 1, store = 0, signalId = 336
04-28 19:09:43.447   626   655 D VNS.SignalAccessorStub: doHandleSignalEvent, send response message to clientId=1, proxyRequestId=29680, signalId=0x150, msgType=9, statusCode=0, stubRequestId=40476
04-28 19:09:43.447   626   655 D VNS.SignalAccessorStub: handleSetRequest, stubRequestId=40477, clientId=1, clientFd=7, proxyRequestId=29681, signalId=0x150, msgType=8
04-28 19:09:43.447   626   655 D VNS.VnsMain: combine stubRequestId=40477 with ticket=40477
04-28 19:09:43.447   626   655 D VNS.MessageHandler: txMsg : aa 01 50 04 ef 1d 00 00 0d 
04-28 19:09:43.447   626   655 I VNS.VnsMain: onSignal, pluginId = 1, ticketId = 40477, state = 0, store = 0, signalId = 336
04-28 19:09:43.447   626   655 I VNS.VnsMain: onSignal, pluginId = 1, ticketId = 40477, state = 1, store = 0, signalId = 336
04-28 19:09:43.447   626   655 D VNS.SignalAccessorStub: doHandleSignalEvent, send response message to clientId=1, proxyRequestId=29681, signalId=0x150, msgType=9, statusCode=0, stubRequestId=40477
04-28 19:09:43.448   626   655 D VNS.SignalAccessorStub: handleSetRequest, stubRequestId=40478, clientId=1, clientFd=7, proxyRequestId=29682, signalId=0x150, msgType=8
04-28 19:09:43.448   626   655 D VNS.VnsMain: combine stubRequestId=40478 with ticket=40478
04-28 19:09:43.448   626   655 D VNS.MessageHandler: txMsg : aa 01 50 04 ef 20 00 02 32 
04-28 19:09:43.448   626   655 I VNS.VnsMain: onSignal, pluginId = 1, ticketId = 40478, state = 0, store = 0, signalId = 336
04-28 19:09:43.448   626   655 I VNS.VnsMain: onSignal, pluginId = 1, ticketId = 40478, state = 1, store = 0, signalId = 336
04-28 19:09:43.448   626   655 D VNS.SignalAccessorStub: doHandleSignalEvent, send response message to clientId=1, proxyRequestId=29682, signalId=0x150, msgType=9, statusCode=0, stubRequestId=40478
04-28 19:09:43.448   626   655 D VNS.SignalAccessorStub: handleSetRequest, stubRequestId=40479, clientId=1, clientFd=7, proxyRequestId=29683, signalId=0x150, msgType=8
04-28 19:09:43.448   626   655 D VNS.VnsMain: combine stubRequestId=40479 with ticket=40479
04-28 19:09:43.448   626   655 D VNS.MessageHandler: txMsg : aa 01 50 04 ef 21 00 00 31 
04-28 19:09:43.448   626   655 I VNS.VnsMain: onSignal, pluginId = 1, ticketId = 40479, state = 0, store = 0, signalId = 336
04-28 19:09:43.448   626   655 I VNS.VnsMain: onSignal, pluginId = 1, ticketId = 40479, state = 1, store = 0, signalId = 336
04-28 19:09:43.448   626   655 D VNS.SignalAccessorStub: doHandleSignalEvent, send response message to clientId=1, proxyRequestId=29683, signalId=0x150, msgType=9, statusCode=0, stubRequestId=40479
04-28 19:09:43.448   626   655 D VNS.SignalAccessorStub: handleSetRequest, stubRequestId=40480, clientId=1, clientFd=7, proxyRequestId=29684, signalId=0x150, msgType=8
04-28 19:09:43.448   626   655 D VNS.VnsMain: combine stubRequestId=40480 with ticket=40480
04-28 19:09:43.448   626   655 D VNS.MessageHandler: txMsg : aa 01 50 04 ef 28 00 00 38 
04-28 19:09:43.448   626   655 I VNS.VnsMain: onSignal, pluginId = 1, ticketId = 40480, state = 0, store = 0, signalId = 336
04-28 19:09:43.448   626   655 I VNS.VnsMain: onSignal, pluginId = 1, ticketId = 40480, state = 1, store = 0, signalId = 336
04-28 19:09:43.448   626   655 D VNS.SignalAccessorStub: doHandleSignalEvent, send response message to clientId=1, proxyRequestId=29684, signalId=0x150, msgType=9, statusCode=0, stubRequestId=40480
04-28 19:09:43.449   626   655 D VNS.SignalAccessorStub: handleSetRequest, stubRequestId=40481, clientId=1, clientFd=7, proxyRequestId=29685, signalId=0x150, msgType=8
04-28 19:09:43.449   626   655 D VNS.VnsMain: combine stubRequestId=40481 with ticket=40481
04-28 19:09:43.449   626   655 D VNS.MessageHandler: txMsg : aa 01 50 04 ef 2c 00 00 3c 
04-28 19:09:43.449   626   655 I VNS.VnsMain: onSignal, pluginId = 1, ticketId = 40481, state = 0, store = 0, signalId = 336
04-28 19:09:43.449   626   655 I VNS.VnsMain: onSignal, pluginId = 1, ticketId = 40481, state = 1, store = 0, signalId = 336
04-28 19:09:43.449   626   655 D VNS.SignalAccessorStub: doHandleSignalEvent, send response message to clientId=1, proxyRequestId=29685, signalId=0x150, msgType=9, statusCode=0, stubRequestId=40481
04-28 19:09:43.452   619   736 I VNS.SignalAccessor: dispatchToClient - reqId=29679, signalId=0x150, msg_type=9, statusCode=0
04-28 19:09:43.453   619   736 I VNS.SignalAccessor: dispatchToClient - reqId=29680, signalId=0x150, msg_type=9, statusCode=0
04-28 19:09:43.453   619   736 I VNS.SignalAccessor: dispatchToClient - reqId=29681, signalId=0x150, msg_type=9, statusCode=0
04-28 19:09:43.453   619   736 I VNS.SignalAccessor: dispatchToClient - reqId=29682, signalId=0x150, msg_type=9, statusCode=0
04-28 19:09:43.453   619   736 I VNS.SignalAccessor: dispatchToClient - reqId=29683, signalId=0x150, msg_type=9, statusCode=0
04-28 19:09:43.453   619   736 I VNS.SignalAccessor: dispatchToClient - reqId=29684, signalId=0x150, msg_type=9, statusCode=0
04-28 19:09:43.453   619   736 I VNS.SignalAccessor: dispatchToClient - reqId=29685, signalId=0x150, msg_type=9, statusCode=0
04-28 19:09:44.149   626   656 D VNS.MessageHandler: rxMsg : aa ee 01 78 30 00 02 01 00 00 00 00 01 00 00 00 00 00 01 00 00 00 00 00 00 00 00 01 f1 23 00 00 00 00 00 02 3b 15 01 01 00 00 0a 00 84 00 00 00 00 00 00 00 00 00 00 00 00 00 00 00 00 00 00 00 00 00 00 00 00 00 99 99 00 00 00 00 01 a0 ff ff ff ff 04 00 00 00 99 99 03 00 00 01 01 03 03 01 01 03 03 00 04 01 00 01 00 02 02 99 99 01 00 00 00 00 00 00 00 00 00 00 0e 0a 00 03 db 
04-28 19:09:44.149   626   656 E VNS.MessageDefinitionManager: There is no parse information. msgId = 0xee01
04-28 19:09:44.156   626   656 D VNS.MessageHandler: rxMsg : aa 8a 29 02 00 ff f4 
04-28 19:09:44.156   626   656 I VNS.VnsMain: onSignal, pluginId = 1, ticketId = 0, state = 1, store = 0, signalId = 35369
04-28 19:09:44.238   925   968 I VNS.SignalAccessor: setAsync - reqid=70753, signalId=0x137
04-28 19:09:44.238   626   983 D VNS.RequestAcceptor: parseRxAccessorRequest, clientId=4, clientFd=10, proxyRequestId=70753, msgType=8, signalId=0x137
04-28 19:09:44.244   626   655 D VNS.SignalAccessorStub: handleSetRequest, stubRequestId=40482, clientId=4, clientFd=10, proxyRequestId=70753, signalId=0x137, msgType=8
04-28 19:09:44.244   626   655 D VNS.VnsMain: combine stubRequestId=40482 with ticket=40482
04-28 19:09:44.244   626   655 D VNS.MessageHandler: txMsg : aa 01 37 07 a0 ff ff ff ff 04 00 3f 
04-28 19:09:44.244   626   655 I VNS.VnsMain: onSignal, pluginId = 1, ticketId = 40482, state = 0, store = 0, signalId = 311
04-28 19:09:44.244   626   655 I VNS.VnsMain: onSignal, pluginId = 1, ticketId = 40482, state = 1, store = 0, signalId = 311
04-28 19:09:44.244   626   655 D VNS.SignalAccessorStub: doHandleSignalEvent, send response message to clientId=4, proxyRequestId=70753, signalId=0x137, msgType=9, statusCode=0, stubRequestId=40482
