04-28 19:09:44.250   925   982 I VNS.SignalAccessor: dispatchToClient - reqId=70753, signalId=0x137, msg_type=9, statusCode=0
04-28 19:09:45.156   626   656 D VNS.MessageHandler: rxMsg : aa 8a 29 02 00 ff f4 
04-28 19:09:45.156   626   656 I VNS.VnsMain: onSignal, pluginId = 1, ticketId = 0, state = 1, store = 0, signalId = 35369
04-28 19:09:45.227   626   656 D VNS.MessageHandler: rxMsg : aa ee 04 1f a0 01 00 00 01 00 00 00 00 0f 00 01 00 00 00 00 00 00 00 00 00 00 00 04 00 00 00 00 00 80 00 75 
04-28 19:09:45.227   626   656 E VNS.MessageDefinitionManager: There is no parse information. msgId = 0xee04
04-28 19:09:45.239   925   968 I VNS.SignalAccessor: setAsync - reqid=70754, signalId=0x137
04-28 19:09:45.240   626   983 D VNS.RequestAcceptor: parseRxAccessorRequest, clientId=4, clientFd=10, proxyRequestId=70754, msgType=8, signalId=0x137
04-28 19:09:45.245   626   655 D VNS.SignalAccessorStub: handleSetRequest, stubRequestId=40483, clientId=4, clientFd=10, proxyRequestId=70754, signalId=0x137, msgType=8
04-28 19:09:45.245   626   655 D VNS.VnsMain: combine stubRequestId=40483 with ticket=40483
04-28 19:09:45.245   626   655 D VNS.MessageHandler: txMsg : aa 01 37 07 a0 ff ff ff ff 04 00 3f 
04-28 19:09:45.245   626   655 I VNS.VnsMain: onSignal, pluginId = 1, ticketId = 40483, state = 0, store = 0, signalId = 311
04-28 19:09:45.245   626   655 I VNS.VnsMain: onSignal, pluginId = 1, ticketId = 40483, state = 1, store = 0, signalId = 311
04-28 19:09:45.245   626   655 D VNS.SignalAccessorStub: doHandleSignalEvent, send response message to clientId=4, proxyRequestId=70754, signalId=0x137, msgType=9, statusCode=0, stubRequestId=40483
04-28 19:09:45.251   925   982 I VNS.SignalAccessor: dispatchToClient - reqId=70754, signalId=0x137, msg_type=9, statusCode=0
04-28 19:09:45.963   619   728 I VNS.SignalAccessor: setAsync - reqid=29686, signalId=0x151
04-28 19:09:45.964   626   742 D VNS.RequestAcceptor: parseRxAccessorRequest, clientId=1, clientFd=7, proxyRequestId=29686, msgType=8, signalId=0x151
04-28 19:09:45.969   626   655 D VNS.SignalAccessorStub: handleSetRequest, stubRequestId=40484, clientId=1, clientFd=7, proxyRequestId=29686, signalId=0x151, msgType=8
04-28 19:09:45.970   626   655 D VNS.VnsMain: combine stubRequestId=40484 with ticket=40484
04-28 19:09:45.970   626   655 D VNS.MessageHandler: txMsg : aa 01 51 0f d9 56 08 00 00 00 00 00 00 00 00 00 00 00 00 72 
04-28 19:09:45.970   626   655 I VNS.VnsMain: onSignal, pluginId = 1, ticketId = 40484, state = 0, store = 0, signalId = 337
04-28 19:09:45.970   626   655 I VNS.VnsMain: onSignal, pluginId = 1, ticketId = 40484, state = 1, store = 0, signalId = 337
04-28 19:09:45.970   626   655 D VNS.SignalAccessorStub: doHandleSignalEvent, send response message to clientId=1, proxyRequestId=29686, signalId=0x151, msgType=9, statusCode=0, stubRequestId=40484
04-28 19:09:45.976   619   736 I VNS.SignalAccessor: dispatchToClient - reqId=29686, signalId=0x151, msg_type=9, statusCode=0
04-28 19:09:46.137 14281 14281 F linker  : CANNOT LINK EXECUTABLE "/vendor/bin/hw/vendor.lge.hardware.automotive.rawnet.geely@1.0-service": library "vendor.lge.hardware.automotive.rawnet.geely@1.0-impl.so" not found
04-28 19:09:46.156   626   656 D VNS.MessageHandler: rxMsg : aa 8a 29 02 00 ff f4 
04-28 19:09:46.157   626   656 I VNS.VnsMain: onSignal, pluginId = 1, ticketId = 0, state = 1, store = 0, signalId = 35369
04-28 19:09:46.240   925   968 I VNS.SignalAccessor: setAsync - reqid=70755, signalId=0x137
04-28 19:09:46.241   626   983 D VNS.RequestAcceptor: parseRxAccessorRequest, clientId=4, clientFd=10, proxyRequestId=70755, msgType=8, signalId=0x137
04-28 19:09:46.247   626   655 D VNS.SignalAccessorStub: handleSetRequest, stubRequestId=40485, clientId=4, clientFd=10, proxyRequestId=70755, signalId=0x137, msgType=8
04-28 19:09:46.247   626   655 D VNS.VnsMain: combine stubRequestId=40485 with ticket=40485
04-28 19:09:46.247   626   655 D VNS.MessageHandler: txMsg : aa 01 37 07 a0 ff ff ff ff 04 00 3f 
04-28 19:09:46.248   626   655 I VNS.VnsMain: onSignal, pluginId = 1, ticketId = 40485, state = 0, store = 0, signalId = 311
04-28 19:09:46.248   626   655 I VNS.VnsMain: onSignal, pluginId = 1, ticketId = 40485, state = 1, store = 0, signalId = 311
04-28 19:09:46.248   626   655 D VNS.SignalAccessorStub: doHandleSignalEvent, send response message to clientId=4, proxyRequestId=70755, signalId=0x137, msgType=9, statusCode=0, stubRequestId=40485
04-28 19:09:46.254   925   982 I VNS.SignalAccessor: dispatchToClient - reqId=70755, signalId=0x137, msg_type=9, statusCode=0
04-28 19:09:46.444   619   996 I VNS.SignalAccessor: setAsync - reqid=29687, signalId=0x150
04-28 19:09:46.444   626   742 D VNS.RequestAcceptor: parseRxAccessorRequest, clientId=1, clientFd=7, proxyRequestId=29687, msgType=8, signalId=0x150
04-28 19:09:46.444   619   996 I VNS.SignalAccessor: setAsync - reqid=29688, signalId=0x150
04-28 19:09:46.444   626   742 D VNS.RequestAcceptor: parseRxAccessorRequest, clientId=1, clientFd=7, proxyRequestId=29688, msgType=8, signalId=0x150
04-28 19:09:46.444   619   996 I VNS.SignalAccessor: setAsync - reqid=29689, signalId=0x150
04-28 19:09:46.444   626   742 D VNS.RequestAcceptor: parseRxAccessorRequest, clientId=1, clientFd=7, proxyRequestId=29689, msgType=8, signalId=0x150
04-28 19:09:46.444   619   996 I VNS.SignalAccessor: setAsync - reqid=29690, signalId=0x150
04-28 19:09:46.445   626   742 D VNS.RequestAcceptor: parseRxAccessorRequest, clientId=1, clientFd=7, proxyRequestId=29690, msgType=8, signalId=0x150
04-28 19:09:46.445   619   996 I VNS.SignalAccessor: setAsync - reqid=29691, signalId=0x150
04-28 19:09:46.445   619   996 I VNS.SignalAccessor: setAsync - reqid=29692, signalId=0x150
04-28 19:09:46.445   626   742 D VNS.RequestAcceptor: parseRxAccessorRequest, clientId=1, clientFd=7, proxyRequestId=29691, msgType=8, signalId=0x150
04-28 19:09:46.445   626   742 D VNS.RequestAcceptor: parseRxAccessorRequest, clientId=1, clientFd=7, proxyRequestId=29692, msgType=8, signalId=0x150
04-28 19:09:46.447   619   996 I VNS.SignalAccessor: setAsync - reqid=29693, signalId=0x150
04-28 19:09:46.447   626   742 D VNS.RequestAcceptor: parseRxAccessorRequest, clientId=1, clientFd=7, proxyRequestId=29693, msgType=8, signalId=0x150
04-28 19:09:46.449   626   655 D VNS.SignalAccessorStub: handleSetRequest, stubRequestId=40486, clientId=1, clientFd=7, proxyRequestId=29687, signalId=0x150, msgType=8
04-28 19:09:46.449   626   655 D VNS.VnsMain: combine stubRequestId=40486 with ticket=40486
04-28 19:09:46.450   626   655 D VNS.MessageHandler: txMsg : aa 01 50 04 50 44 00 02 e9 
04-28 19:09:46.450   626   655 I VNS.VnsMain: onSignal, pluginId = 1, ticketId = 40486, state = 0, store = 0, signalId = 336
04-28 19:09:46.450   626   655 I VNS.VnsMain: onSignal, pluginId = 1, ticketId = 40486, state = 1, store = 0, signalId = 336
04-28 19:09:46.450   626   655 D VNS.SignalAccessorStub: doHandleSignalEvent, send response message to clientId=1, proxyRequestId=29687, signalId=0x150, msgType=9, statusCode=0, stubRequestId=40486
04-28 19:09:46.450   626   655 D VNS.SignalAccessorStub: handleSetRequest, stubRequestId=40487, clientId=1, clientFd=7, proxyRequestId=29688, signalId=0x150, msgType=8
04-28 19:09:46.450   626   655 D VNS.VnsMain: combine stubRequestId=40487 with ticket=40487
04-28 19:09:46.450   626   655 D VNS.MessageHandler: txMsg : aa 01 50 04 d0 4f 00 03 63 
04-28 19:09:46.450   626   655 I VNS.VnsMain: onSignal, pluginId = 1, ticketId = 40487, state = 0, store = 0, signalId = 336
04-28 19:09:46.450   626   655 I VNS.VnsMain: onSignal, pluginId = 1, ticketId = 40487, state = 1, store = 0, signalId = 336
04-28 19:09:46.450   626   655 D VNS.SignalAccessorStub: doHandleSignalEvent, send response message to clientId=1, proxyRequestId=29688, signalId=0x150, msgType=9, statusCode=0, stubRequestId=40487
04-28 19:09:46.450   626   655 D VNS.SignalAccessorStub: handleSetRequest, stubRequestId=40488, clientId=1, clientFd=7, proxyRequestId=29689, signalId=0x150, msgType=8
04-28 19:09:46.450   626   655 D VNS.VnsMain: combine stubRequestId=40488 with ticket=40488
04-28 19:09:46.451   626   655 D VNS.MessageHandler: txMsg : aa 01 50 04 ef 1d 00 00 0d 
04-28 19:09:46.451   626   655 I VNS.VnsMain: onSignal, pluginId = 1, ticketId = 40488, state = 0, store = 0, signalId = 336
04-28 19:09:46.451   626   655 I VNS.VnsMain: onSignal, pluginId = 1, ticketId = 40488, state = 1, store = 0, signalId = 336
04-28 19:09:46.451   626   655 D VNS.SignalAccessorStub: doHandleSignalEvent, send response message to clientId=1, proxyRequestId=29689, signalId=0x150, msgType=9, statusCode=0, stubRequestId=40488
04-28 19:09:46.451   626   655 D VNS.SignalAccessorStub: handleSetRequest, stubRequestId=40489, clientId=1, clientFd=7, proxyRequestId=29690, signalId=0x150, msgType=8
04-28 19:09:46.451   626   655 D VNS.VnsMain: combine stubRequestId=40489 with ticket=40489
04-28 19:09:46.451   626   655 D VNS.MessageHandler: txMsg : aa 01 50 04 ef 20 00 02 32 
04-28 19:09:46.451   626   655 I VNS.VnsMain: onSignal, pluginId = 1, ticketId = 40489, state = 0, store = 0, signalId = 336
04-28 19:09:46.451   626   655 I VNS.VnsMain: onSignal, pluginId = 1, ticketId = 40489, state = 1, store = 0, signalId = 336
04-28 19:09:46.451   626   655 D VNS.SignalAccessorStub: doHandleSignalEvent, send response message to clientId=1, proxyRequestId=29690, signalId=0x150, msgType=9, statusCode=0, stubRequestId=40489
04-28 19:09:46.451   626   655 D VNS.SignalAccessorStub: handleSetRequest, stubRequestId=40490, clientId=1, clientFd=7, proxyRequestId=29691, signalId=0x150, msgType=8
04-28 19:09:46.451   626   655 D VNS.VnsMain: combine stubRequestId=40490 with ticket=40490
04-28 19:09:46.451   626   655 D VNS.MessageHandler: txMsg : aa 01 50 04 ef 21 00 00 31 
04-28 19:09:46.452   626   655 I VNS.VnsMain: onSignal, pluginId = 1, ticketId = 40490, state = 0, store = 0, signalId = 336
04-28 19:09:46.452   626   655 I VNS.VnsMain: onSignal, pluginId = 1, ticketId = 40490, state = 1, store = 0, signalId = 336
04-28 19:09:46.452   626   655 D VNS.SignalAccessorStub: doHandleSignalEvent, send response message to clientId=1, proxyRequestId=29691, signalId=0x150, msgType=9, statusCode=0, stubRequestId=40490
04-28 19:09:46.452   626   655 D VNS.SignalAccessorStub: handleSetRequest, stubRequestId=40491, clientId=1, clientFd=7, proxyRequestId=29692, signalId=0x150, msgType=8
04-28 19:09:46.452   626   655 D VNS.VnsMain: combine stubRequestId=40491 with ticket=40491
04-28 19:09:46.452   626   655 D VNS.MessageHandler: txMsg : aa 01 50 04 ef 28 00 00 38 
04-28 19:09:46.452   626   655 I VNS.VnsMain: onSignal, pluginId = 1, ticketId = 40491, state = 0, store = 0, signalId = 336
04-28 19:09:46.452   626   655 I VNS.VnsMain: onSignal, pluginId = 1, ticketId = 40491, state = 1, store = 0, signalId = 336
04-28 19:09:46.452   626   655 D VNS.SignalAccessorStub: doHandleSignalEvent, send response message to clientId=1, proxyRequestId=29692, signalId=0x150, msgType=9, statusCode=0, stubRequestId=40491
04-28 19:09:46.452   626   655 D VNS.SignalAccessorStub: handleSetRequest, stubRequestId=40492, clientId=1, clientFd=7, proxyRequestId=29693, signalId=0x150, msgType=8
04-28 19:09:46.452   626   655 D VNS.VnsMain: combine stubRequestId=40492 with ticket=40492
04-28 19:09:46.452   626   655 D VNS.MessageHandler: txMsg : aa 01 50 04 ef 2c 00 00 3c 
04-28 19:09:46.452   626   655 I VNS.VnsMain: onSignal, pluginId = 1, ticketId = 40492, state = 0, store = 0, signalId = 336
04-28 19:09:46.452   626   655 I VNS.VnsMain: onSignal, pluginId = 1, ticketId = 40492, state = 1, store = 0, signalId = 336
04-28 19:09:46.452   626   655 D VNS.SignalAccessorStub: doHandleSignalEvent, send response message to clientId=1, proxyRequestId=29693, signalId=0x150, msgType=9, statusCode=0, stubRequestId=40492
04-28 19:09:46.458   619   736 I VNS.SignalAccessor: dispatchToClient - reqId=29687, signalId=0x150, msg_type=9, statusCode=0
04-28 19:09:46.459   619   736 I VNS.SignalAccessor: dispatchToClient - reqId=29688, signalId=0x150, msg_type=9, statusCode=0
04-28 19:09:46.459   619   736 I VNS.SignalAccessor: dispatchToClient - reqId=29689, signalId=0x150, msg_type=9, statusCode=0
04-28 19:09:46.459   619   736 I VNS.SignalAccessor: dispatchToClient - reqId=29690, signalId=0x150, msg_type=9, statusCode=0
04-28 19:09:46.459   619   736 I VNS.SignalAccessor: dispatchToClient - reqId=29691, signalId=0x150, msg_type=9, statusCode=0
04-28 19:09:46.459   619   736 I VNS.SignalAccessor: dispatchToClient - reqId=29692, signalId=0x150, msg_type=9, statusCode=0
04-28 19:09:46.459   619   736 I VNS.SignalAccessor: dispatchToClient - reqId=29693, signalId=0x150, msg_type=9, statusCode=0
04-28 19:09:47.149   626   656 D VNS.MessageHandler: rxMsg : aa ee 01 78 30 00 02 01 00 00 00 00 01 00 00 00 00 00 01 00 00 00 00 00 00 00 00 01 f1 23 00 00 00 00 00 02 3b 18 01 01 00 00 0a 00 84 00 00 00 00 00 00 00 00 00 00 00 00 00 00 00 00 00 00 00 00 00 00 00 00 00 99 99 00 00 00 00 01 a0 ff ff ff ff 04 00 00 00 99 99 03 00 00 01 01 03 03 01 01 03 03 00 04 01 00 01 00 02 03 99 99 01 00 00 00 00 00 00 00 00 00 00 0e 0b 00 03 d6 
04-28 19:09:47.149   626   656 E VNS.MessageDefinitionManager: There is no parse information. msgId = 0xee01
04-28 19:09:47.156   626   656 D VNS.MessageHandler: rxMsg : aa 8a 29 02 00 ff f4 
04-28 19:09:47.156   626   656 I VNS.VnsMain: onSignal, pluginId = 1, ticketId = 0, state = 1, store = 0, signalId = 35369
04-28 19:09:47.164  1608  1813 W ContextImpl: Calling a method in the system process without a qualified user: android.app.ContextImpl.sendStickyBroadcast:1287 android.content.ContextWrapper.sendStickyBroadcast:571 com.geely.car.rawnet.RawnetService.notifyToConnService:309 com.geely.car.rawnet.RawnetService.access$500:41 com.geely.car.rawnet.RawnetService$3.onCarRequestSIMConnectionStatus:337 
04-28 19:09:47.242   925   968 I VNS.SignalAccessor: setAsync - reqid=70756, signalId=0x137
04-28 19:09:47.244   626   983 D VNS.RequestAcceptor: parseRxAccessorRequest, clientId=4, clientFd=10, proxyRequestId=70756, msgType=8, signalId=0x137
04-28 19:09:47.249   626   655 D VNS.SignalAccessorStub: handleSetRequest, stubRequestId=40493, clientId=4, clientFd=10, proxyRequestId=70756, signalId=0x137, msgType=8
04-28 19:09:47.250   626   655 D VNS.VnsMain: combine stubRequestId=40493 with ticket=40493
04-28 19:09:47.250   626   655 D VNS.MessageHandler: txMsg : aa 01 37 07 a0 ff ff ff ff 04 00 3f 
04-28 19:09:47.250   626   655 I VNS.VnsMain: onSignal, pluginId = 1, ticketId = 40493, state = 0, store = 0, signalId = 311
04-28 19:09:47.250   626   655 I VNS.VnsMain: onSignal, pluginId = 1, ticketId = 40493, state = 1, store = 0, signalId = 311
04-28 19:09:47.250   626   655 D VNS.SignalAccessorStub: doHandleSignalEvent, send response message to clientId=4, proxyRequestId=70756, signalId=0x137, msgType=9, statusCode=0, stubRequestId=40493
04-28 19:09:47.256   925   982 I VNS.SignalAccessor: dispatchToClient - reqId=70756, signalId=0x137, msg_type=9, statusCode=0
04-28 19:09:48.152   626   656 D VNS.MessageHandler: rxMsg : aa ee 03 14 12 00 00 00 00 00 00 00 00 00 00 00 00 00 00 00 00 00 00 00 41 
04-28 19:09:48.152   626   656 E VNS.MessageDefinitionManager: There is no parse information. msgId = 0xee03
04-28 19:09:48.156   626   656 D VNS.MessageHandler: rxMsg : aa 8a 29 02 00 ff f4 
04-28 19:09:48.156   626   656 I VNS.VnsMain: onSignal, pluginId = 1, ticketId = 0, state = 1, store = 0, signalId = 35369
04-28 19:09:48.227   626   656 D VNS.MessageHandler: rxMsg : aa ee 04 1f a0 01 00 00 01 00 00 00 00 0f 00 01 00 00 00 00 00 00 00 00 00 00 00 00 00 00 00 00 00 80 00 71 
04-28 19:09:48.227   626   656 E VNS.MessageDefinitionManager: There is no parse information. msgId = 0xee04
04-28 19:09:48.243   925   968 I VNS.SignalAccessor: setAsync - reqid=70757, signalId=0x137
04-28 19:09:48.245   626   983 D VNS.RequestAcceptor: parseRxAccessorRequest, clientId=4, clientFd=10, proxyRequestId=70757, msgType=8, signalId=0x137
04-28 19:09:48.251   626   655 D VNS.SignalAccessorStub: handleSetRequest, stubRequestId=40494, clientId=4, clientFd=10, proxyRequestId=70757, signalId=0x137, msgType=8
04-28 19:09:48.251   626   655 D VNS.VnsMain: combine stubRequestId=40494 with ticket=40494
04-28 19:09:48.252   626   655 D VNS.MessageHandler: txMsg : aa 01 37 07 a0 ff ff ff ff 04 00 3f 
04-28 19:09:48.252   626   655 I VNS.VnsMain: onSignal, pluginId = 1, ticketId = 40494, state = 0, store = 0, signalId = 311
04-28 19:09:48.252   626   655 I VNS.VnsMain: onSignal, pluginId = 1, ticketId = 40494, state = 1, store = 0, signalId = 311
04-28 19:09:48.252   626   655 D VNS.SignalAccessorStub: doHandleSignalEvent, send response message to clientId=4, proxyRequestId=70757, signalId=0x137, msgType=9, statusCode=0, stubRequestId=40494
04-28 19:09:48.257   925   982 I VNS.SignalAccessor: dispatchToClient - reqId=70757, signalId=0x137, msg_type=9, statusCode=0
04-28 19:09:48.963   619   728 I VNS.SignalAccessor: setAsync - reqid=29694, signalId=0x151
04-28 19:09:48.964   626   742 D VNS.RequestAcceptor: parseRxAccessorRequest, clientId=1, clientFd=7, proxyRequestId=29694, msgType=8, signalId=0x151
04-28 19:09:48.970   626   655 D VNS.SignalAccessorStub: handleSetRequest, stubRequestId=40495, clientId=1, clientFd=7, proxyRequestId=29694, signalId=0x151, msgType=8
04-28 19:09:48.970   626   655 D VNS.VnsMain: combine stubRequestId=40495 with ticket=40495
04-28 19:09:48.970   626   655 D VNS.MessageHandler: txMsg : aa 01 51 0f d9 56 08 00 00 00 00 00 00 00 00 00 00 00 00 72 
04-28 19:09:48.970   626   655 I VNS.VnsMain: onSignal, pluginId = 1, ticketId = 40495, state = 0, store = 0, signalId = 337
04-28 19:09:48.970   626   655 I VNS.VnsMain: onSignal, pluginId = 1, ticketId = 40495, state = 1, store = 0, signalId = 337
04-28 19:09:48.970   626   655 D VNS.SignalAccessorStub: doHandleSignalEvent, send response message to clientId=1, proxyRequestId=29694, signalId=0x151, msgType=9, statusCode=0, stubRequestId=40495
04-28 19:09:48.976   619   736 I VNS.SignalAccessor: dispatchToClient - reqId=29694, signalId=0x151, msg_type=9, statusCode=0
04-28 19:09:49.156   626   656 D VNS.MessageHandler: rxMsg : aa 8a 29 02 00 ff f4 
04-28 19:09:49.156   626   656 I VNS.VnsMain: onSignal, pluginId = 1, ticketId = 0, state = 1, store = 0, signalId = 35369
04-28 19:09:49.246   925   968 I VNS.SignalAccessor: setAsync - reqid=70758, signalId=0x137
04-28 19:09:49.247   626   983 D VNS.RequestAcceptor: parseRxAccessorRequest, clientId=4, clientFd=10, proxyRequestId=70758, msgType=8, signalId=0x137
04-28 19:09:49.253   626   655 D VNS.SignalAccessorStub: handleSetRequest, stubRequestId=40496, clientId=4, clientFd=10, proxyRequestId=70758, signalId=0x137, msgType=8
04-28 19:09:49.253   626   655 D VNS.VnsMain: combine stubRequestId=40496 with ticket=40496
04-28 19:09:49.253   626   655 D VNS.MessageHandler: txMsg : aa 01 37 07 a0 ff ff ff ff 04 00 3f 
04-28 19:09:49.253   626   655 I VNS.VnsMain: onSignal, pluginId = 1, ticketId = 40496, state = 0, store = 0, signalId = 311
04-28 19:09:49.253   626   655 I VNS.VnsMain: onSignal, pluginId = 1, ticketId = 40496, state = 1, store = 0, signalId = 311
04-28 19:09:49.253   626   655 D VNS.SignalAccessorStub: doHandleSignalEvent, send response message to clientId=4, proxyRequestId=70758, signalId=0x137, msgType=9, statusCode=0, stubRequestId=40496
04-28 19:09:49.259   925   982 I VNS.SignalAccessor: dispatchToClient - reqId=70758, signalId=0x137, msg_type=9, statusCode=0
04-28 19:09:49.448   619   996 I VNS.SignalAccessor: setAsync - reqid=29695, signalId=0x150
04-28 19:09:49.448   619   996 I VNS.SignalAccessor: setAsync - reqid=29696, signalId=0x150
04-28 19:09:49.448   626   742 D VNS.RequestAcceptor: parseRxAccessorRequest, clientId=1, clientFd=7, proxyRequestId=29695, msgType=8, signalId=0x150
04-28 19:09:49.448   619   996 I VNS.SignalAccessor: setAsync - reqid=29697, signalId=0x150
04-28 19:09:49.449   626   742 D VNS.RequestAcceptor: parseRxAccessorRequest, clientId=1, clientFd=7, proxyRequestId=29696, msgType=8, signalId=0x150
04-28 19:09:49.449   626   742 D VNS.RequestAcceptor: parseRxAccessorRequest, clientId=1, clientFd=7, proxyRequestId=29697, msgType=8, signalId=0x150
04-28 19:09:49.449   619   996 I VNS.SignalAccessor: setAsync - reqid=29698, signalId=0x150
04-28 19:09:49.449   619   996 I VNS.SignalAccessor: setAsync - reqid=29699, signalId=0x150
04-28 19:09:49.449   626   742 D VNS.RequestAcceptor: parseRxAccessorRequest, clientId=1, clientFd=7, proxyRequestId=29698, msgType=8, signalId=0x150
04-28 19:09:49.449   626   742 D VNS.RequestAcceptor: parseRxAccessorRequest, clientId=1, clientFd=7, proxyRequestId=29699, msgType=8, signalId=0x150
04-28 19:09:49.449   619   996 I VNS.SignalAccessor: setAsync - reqid=29700, signalId=0x150
04-28 19:09:49.449   619   996 I VNS.SignalAccessor: setAsync - reqid=29701, signalId=0x150
04-28 19:09:49.449   626   742 D VNS.RequestAcceptor: parseRxAccessorRequest, clientId=1, clientFd=7, proxyRequestId=29700, msgType=8, signalId=0x150
04-28 19:09:49.449   626   742 D VNS.RequestAcceptor: parseRxAccessorRequest, clientId=1, clientFd=7, proxyRequestId=29701, msgType=8, signalId=0x150
04-28 19:09:49.454   626   655 D VNS.SignalAccessorStub: handleSetRequest, stubRequestId=40497, clientId=1, clientFd=7, proxyRequestId=29695, signalId=0x150, msgType=8
04-28 19:09:49.454   626   655 D VNS.VnsMain: combine stubRequestId=40497 with ticket=40497
04-28 19:09:49.454   626   655 D VNS.MessageHandler: txMsg : aa 01 50 04 50 44 00 02 e9 
04-28 19:09:49.454   626   655 I VNS.VnsMain: onSignal, pluginId = 1, ticketId = 40497, state = 0, store = 0, signalId = 336
04-28 19:09:49.454   626   655 I VNS.VnsMain: onSignal, pluginId = 1, ticketId = 40497, state = 1, store = 0, signalId = 336
04-28 19:09:49.454   626   655 D VNS.SignalAccessorStub: doHandleSignalEvent, send response message to clientId=1, proxyRequestId=29695, signalId=0x150, msgType=9, statusCode=0, stubRequestId=40497
04-28 19:09:49.455   626   655 D VNS.SignalAccessorStub: handleSetRequest, stubRequestId=40498, clientId=1, clientFd=7, proxyRequestId=29696, signalId=0x150, msgType=8
04-28 19:09:49.455   626   655 D VNS.VnsMain: combine stubRequestId=40498 with ticket=40498
04-28 19:09:49.455   626   655 D VNS.MessageHandler: txMsg : aa 01 50 04 d0 4f 00 03 63 
04-28 19:09:49.455   626   655 I VNS.VnsMain: onSignal, pluginId = 1, ticketId = 40498, state = 0, store = 0, signalId = 336
04-28 19:09:49.455   626   655 I VNS.VnsMain: onSignal, pluginId = 1, ticketId = 40498, state = 1, store = 0, signalId = 336
04-28 19:09:49.455   626   655 D VNS.SignalAccessorStub: doHandleSignalEvent, send response message to clientId=1, proxyRequestId=29696, signalId=0x150, msgType=9, statusCode=0, stubRequestId=40498
04-28 19:09:49.455   626   655 D VNS.SignalAccessorStub: handleSetRequest, stubRequestId=40499, clientId=1, clientFd=7, proxyRequestId=29697, signalId=0x150, msgType=8
04-28 19:09:49.455   626   655 D VNS.VnsMain: combine stubRequestId=40499 with ticket=40499
04-28 19:09:49.455   626   655 D VNS.MessageHandler: txMsg : aa 01 50 04 ef 1d 00 00 0d 
04-28 19:09:49.455   626   655 I VNS.VnsMain: onSignal, pluginId = 1, ticketId = 40499, state = 0, store = 0, signalId = 336
04-28 19:09:49.455   626   655 I VNS.VnsMain: onSignal, pluginId = 1, ticketId = 40499, state = 1, store = 0, signalId = 336
04-28 19:09:49.455   626   655 D VNS.SignalAccessorStub: doHandleSignalEvent, send response message to clientId=1, proxyRequestId=29697, signalId=0x150, msgType=9, statusCode=0, stubRequestId=40499
04-28 19:09:49.456   626   655 D VNS.SignalAccessorStub: handleSetRequest, stubRequestId=40500, clientId=1, clientFd=7, proxyRequestId=29698, signalId=0x150, msgType=8
04-28 19:09:49.456   626   655 D VNS.VnsMain: combine stubRequestId=40500 with ticket=40500
04-28 19:09:49.456   626   655 D VNS.MessageHandler: txMsg : aa 01 50 04 ef 20 00 02 32 
04-28 19:09:49.456   626   655 I VNS.VnsMain: onSignal, pluginId = 1, ticketId = 40500, state = 0, store = 0, signalId = 336
04-28 19:09:49.456   626   655 I VNS.VnsMain: onSignal, pluginId = 1, ticketId = 40500, state = 1, store = 0, signalId = 336
04-28 19:09:49.456   626   655 D VNS.SignalAccessorStub: doHandleSignalEvent, send response message to clientId=1, proxyRequestId=29698, signalId=0x150, msgType=9, statusCode=0, stubRequestId=40500
04-28 19:09:49.456   626   655 D VNS.SignalAccessorStub: handleSetRequest, stubRequestId=40501, clientId=1, clientFd=7, proxyRequestId=29699, signalId=0x150, msgType=8
04-28 19:09:49.456   626   655 D VNS.VnsMain: combine stubRequestId=40501 with ticket=40501
04-28 19:09:49.456   626   655 D VNS.MessageHandler: txMsg : aa 01 50 04 ef 21 00 00 31 
04-28 19:09:49.456   626   655 I VNS.VnsMain: onSignal, pluginId = 1, ticketId = 40501, state = 0, store = 0, signalId = 336
04-28 19:09:49.456   626   655 I VNS.VnsMain: onSignal, pluginId = 1, ticketId = 40501, state = 1, store = 0, signalId = 336
04-28 19:09:49.456   626   655 D VNS.SignalAccessorStub: doHandleSignalEvent, send response message to clientId=1, proxyRequestId=29699, signalId=0x150, msgType=9, statusCode=0, stubRequestId=40501
04-28 19:09:49.456   626   655 D VNS.SignalAccessorStub: handleSetRequest, stubRequestId=40502, clientId=1, clientFd=7, proxyRequestId=29700, signalId=0x150, msgType=8
04-28 19:09:49.456   626   655 D VNS.VnsMain: combine stubRequestId=40502 with ticket=40502
04-28 19:09:49.457   626   655 D VNS.MessageHandler: txMsg : aa 01 50 04 ef 28 00 00 38 
04-28 19:09:49.457   626   655 I VNS.VnsMain: onSignal, pluginId = 1, ticketId = 40502, state = 0, store = 0, signalId = 336
04-28 19:09:49.457   626   655 I VNS.VnsMain: onSignal, pluginId = 1, ticketId = 40502, state = 1, store = 0, signalId = 336
04-28 19:09:49.457   626   655 D VNS.SignalAccessorStub: doHandleSignalEvent, send response message to clientId=1, proxyRequestId=29700, signalId=0x150, msgType=9, statusCode=0, stubRequestId=40502
04-28 19:09:49.457   626   655 D VNS.SignalAccessorStub: handleSetRequest, stubRequestId=40503, clientId=1, clientFd=7, proxyRequestId=29701, signalId=0x150, msgType=8
04-28 19:09:49.457   626   655 D VNS.VnsMain: combine stubRequestId=40503 with ticket=40503
04-28 19:09:49.457   626   655 D VNS.MessageHandler: txMsg : aa 01 50 04 ef 2c 00 00 3c 
04-28 19:09:49.457   626   655 I VNS.VnsMain: onSignal, pluginId = 1, ticketId = 40503, state = 0, store = 0, signalId = 336
04-28 19:09:49.457   626   655 I VNS.VnsMain: onSignal, pluginId = 1, ticketId = 40503, state = 1, store = 0, signalId = 336
04-28 19:09:49.457   626   655 D VNS.SignalAccessorStub: doHandleSignalEvent, send response message to clientId=1, proxyRequestId=29701, signalId=0x150, msgType=9, statusCode=0, stubRequestId=40503
04-28 19:09:49.460   619   736 I VNS.SignalAccessor: dispatchToClient - reqId=29695, signalId=0x150, msg_type=9, statusCode=0
04-28 19:09:49.460   619   736 I VNS.SignalAccessor: dispatchToClient - reqId=29696, signalId=0x150, msg_type=9, statusCode=0
04-28 19:09:49.460   619   736 I VNS.SignalAccessor: dispatchToClient - reqId=29697, signalId=0x150, msg_type=9, statusCode=0
04-28 19:09:49.460   619   736 I VNS.SignalAccessor: dispatchToClient - reqId=29698, signalId=0x150, msg_type=9, statusCode=0
04-28 19:09:49.460   619   736 I VNS.SignalAccessor: dispatchToClient - reqId=29699, signalId=0x150, msg_type=9, statusCode=0
04-28 19:09:49.460   619   736 I VNS.SignalAccessor: dispatchToClient - reqId=29700, signalId=0x150, msg_type=9, statusCode=0
04-28 19:09:49.460   619   736 I VNS.SignalAccessor: dispatchToClient - reqId=29701, signalId=0x150, msg_type=9, statusCode=0
04-28 19:09:50.149   626   656 D VNS.MessageHandler: rxMsg : aa ee 01 78 30 00 02 01 00 00 00 00 01 00 00 00 00 00 01 00 00 00 00 00 00 00 00 01 f1 23 00 00 00 00 00 02 3b 1b 01 01 00 00 0a 00 84 00 00 00 00 00 00 00 00 00 00 00 00 00 00 00 00 00 00 00 00 00 00 00 00 00 99 99 00 00 00 00 01 a0 ff ff ff ff 04 00 00 00 99 99 03 00 00 01 01 03 03 01 01 03 03 00 04 01 00 01 00 02 02 99 99 01 00 00 00 00 00 00 00 00 00 00 0e 0c 00 03 d3 
04-28 19:09:50.149   626   656 E VNS.MessageDefinitionManager: There is no parse information. msgId = 0xee01
04-28 19:09:50.156   626   656 D VNS.MessageHandler: rxMsg : aa 8a 29 02 00 ff f4 
04-28 19:09:50.156   626   656 I VNS.VnsMain: onSignal, pluginId = 1, ticketId = 0, state = 1, store = 0, signalId = 35369
04-28 19:09:50.247   925   968 I VNS.SignalAccessor: setAsync - reqid=70759, signalId=0x137
04-28 19:09:50.247   626   983 D VNS.RequestAcceptor: parseRxAccessorRequest, clientId=4, clientFd=10, proxyRequestId=70759, msgType=8, signalId=0x137
04-28 19:09:50.252   626   655 D VNS.SignalAccessorStub: handleSetRequest, stubRequestId=40504, clientId=4, clientFd=10, proxyRequestId=70759, signalId=0x137, msgType=8
04-28 19:09:50.253   626   655 D VNS.VnsMain: combine stubRequestId=40504 with ticket=40504
04-28 19:09:50.253   626   655 D VNS.MessageHandler: txMsg : aa 01 37 07 a0 ff ff ff ff 04 00 3f 
04-28 19:09:50.253   626   655 I VNS.VnsMain: onSignal, pluginId = 1, ticketId = 40504, state = 0, store = 0, signalId = 311
04-28 19:09:50.253   626   655 I VNS.VnsMain: onSignal, pluginId = 1, ticketId = 40504, state = 1, store = 0, signalId = 311
04-28 19:09:50.253   626   655 D VNS.SignalAccessorStub: doHandleSignalEvent, send response message to clientId=4, proxyRequestId=70759, signalId=0x137, msgType=9, statusCode=0, stubRequestId=40504
04-28 19:09:50.259   925   982 I VNS.SignalAccessor: dispatchToClient - reqId=70759, signalId=0x137, msg_type=9, statusCode=0
04-28 19:09:51.145 14304 14304 F linker  : CANNOT LINK EXECUTABLE "/vendor/bin/hw/vendor.lge.hardware.automotive.rawnet.geely@1.0-service": library "vendor.lge.hardware.automotive.rawnet.geely@1.0-impl.so" not found
04-28 19:09:51.156   626   656 D VNS.MessageHandler: rxMsg : aa 8a 29 02 00 ff f4 
04-28 19:09:51.156   626   656 I VNS.VnsMain: onSignal, pluginId = 1, ticketId = 0, state = 1, store = 0, signalId = 35369
04-28 19:09:51.227   626   656 D VNS.MessageHandler: rxMsg : aa ee 04 1f a0 01 00 00 01 00 00 00 00 0f 00 01 00 00 00 00 00 00 00 00 00 00 00 00 00 00 00 00 00 80 00 71 
04-28 19:09:51.227   626   656 E VNS.MessageDefinitionManager: There is no parse information. msgId = 0xee04
04-28 19:09:51.248   925   968 I VNS.SignalAccessor: setAsync - reqid=70760, signalId=0x137
04-28 19:09:51.250   626   983 D VNS.RequestAcceptor: parseRxAccessorRequest, clientId=4, clientFd=10, proxyRequestId=70760, msgType=8, signalId=0x137
04-28 19:09:51.256   626   655 D VNS.SignalAccessorStub: handleSetRequest, stubRequestId=40505, clientId=4, clientFd=10, proxyRequestId=70760, signalId=0x137, msgType=8
04-28 19:09:51.256   626   655 D VNS.VnsMain: combine stubRequestId=40505 with ticket=40505
04-28 19:09:51.256   626   655 D VNS.MessageHandler: txMsg : aa 01 37 07 a0 ff ff ff ff 04 00 3f 
04-28 19:09:51.256   626   655 I VNS.VnsMain: onSignal, pluginId = 1, ticketId = 40505, state = 0, store = 0, signalId = 311
04-28 19:09:51.256   626   655 I VNS.VnsMain: onSignal, pluginId = 1, ticketId = 40505, state = 1, store = 0, signalId = 311
04-28 19:09:51.256   626   655 D VNS.SignalAccessorStub: doHandleSignalEvent, send response message to clientId=4, proxyRequestId=70760, signalId=0x137, msgType=9, statusCode=0, stubRequestId=40505
04-28 19:09:51.262   925   982 I VNS.SignalAccessor: dispatchToClient - reqId=70760, signalId=0x137, msg_type=9, statusCode=0
04-28 19:09:51.964   619   728 I VNS.SignalAccessor: setAsync - reqid=29702, signalId=0x151
04-28 19:09:51.964   626   742 D VNS.RequestAcceptor: parseRxAccessorRequest, clientId=1, clientFd=7, proxyRequestId=29702, msgType=8, signalId=0x151
04-28 19:09:51.969   626   655 D VNS.SignalAccessorStub: handleSetRequest, stubRequestId=40506, clientId=1, clientFd=7, proxyRequestId=29702, signalId=0x151, msgType=8
04-28 19:09:51.970   626   655 D VNS.VnsMain: combine stubRequestId=40506 with ticket=40506
04-28 19:09:51.970   626   655 D VNS.MessageHandler: txMsg : aa 01 51 0f d9 56 08 00 00 00 00 00 00 00 00 00 00 00 00 72 
04-28 19:09:51.970   626   655 I VNS.VnsMain: onSignal, pluginId = 1, ticketId = 40506, state = 0, store = 0, signalId = 337
04-28 19:09:51.970   626   655 I VNS.VnsMain: onSignal, pluginId = 1, ticketId = 40506, state = 1, store = 0, signalId = 337
04-28 19:09:51.970   626   655 D VNS.SignalAccessorStub: doHandleSignalEvent, send response message to clientId=1, proxyRequestId=29702, signalId=0x151, msgType=9, statusCode=0, stubRequestId=40506
04-28 19:09:51.976   619   736 I VNS.SignalAccessor: dispatchToClient - reqId=29702, signalId=0x151, msg_type=9, statusCode=0
04-28 19:09:52.156   626   656 D VNS.MessageHandler: rxMsg : aa 8a 29 02 00 ff f4 
04-28 19:09:52.156   626   656 I VNS.VnsMain: onSignal, pluginId = 1, ticketId = 0, state = 1, store = 0, signalId = 35369
04-28 19:09:52.250   925   968 I VNS.SignalAccessor: setAsync - reqid=70761, signalId=0x137
04-28 19:09:52.250   626   983 D VNS.RequestAcceptor: parseRxAccessorRequest, clientId=4, clientFd=10, proxyRequestId=70761, msgType=8, signalId=0x137
04-28 19:09:52.256   626   655 D VNS.SignalAccessorStub: handleSetRequest, stubRequestId=40507, clientId=4, clientFd=10, proxyRequestId=70761, signalId=0x137, msgType=8
04-28 19:09:52.256   626   655 D VNS.VnsMain: combine stubRequestId=40507 with ticket=40507
04-28 19:09:52.256   626   655 D VNS.MessageHandler: txMsg : aa 01 37 07 a0 ff ff ff ff 04 00 3f 
04-28 19:09:52.256   626   655 I VNS.VnsMain: onSignal, pluginId = 1, ticketId = 40507, state = 0, store = 0, signalId = 311
04-28 19:09:52.256   626   655 I VNS.VnsMain: onSignal, pluginId = 1, ticketId = 40507, state = 1, store = 0, signalId = 311
04-28 19:09:52.256   626   655 D VNS.SignalAccessorStub: doHandleSignalEvent, send response message to clientId=4, proxyRequestId=70761, signalId=0x137, msgType=9, statusCode=0, stubRequestId=40507
04-28 19:09:52.262   925   982 I VNS.SignalAccessor: dispatchToClient - reqId=70761, signalId=0x137, msg_type=9, statusCode=0
04-28 19:09:52.450   619   996 I VNS.SignalAccessor: setAsync - reqid=29703, signalId=0x150
04-28 19:09:52.451   619   996 I VNS.SignalAccessor: setAsync - reqid=29704, signalId=0x150
04-28 19:09:52.451   619   996 I VNS.SignalAccessor: setAsync - reqid=29705, signalId=0x150
04-28 19:09:52.451   619   996 I VNS.SignalAccessor: setAsync - reqid=29706, signalId=0x150
04-28 19:09:52.452   619   996 I VNS.SignalAccessor: setAsync - reqid=29707, signalId=0x150
04-28 19:09:52.452   619   996 I VNS.SignalAccessor: setAsync - reqid=29708, signalId=0x150
04-28 19:09:52.452   619   996 I VNS.SignalAccessor: setAsync - reqid=29709, signalId=0x150
04-28 19:09:52.452   626   742 D VNS.RequestAcceptor: parseRxAccessorRequest, clientId=1, clientFd=7, proxyRequestId=29703, msgType=8, signalId=0x150
04-28 19:09:52.453   626   742 D VNS.RequestAcceptor: parseRxAccessorRequest, clientId=1, clientFd=7, proxyRequestId=29704, msgType=8, signalId=0x150
04-28 19:09:52.453   626   742 D VNS.RequestAcceptor: parseRxAccessorRequest, clientId=1, clientFd=7, proxyRequestId=29705, msgType=8, signalId=0x150
04-28 19:09:52.453   626   742 D VNS.RequestAcceptor: parseRxAccessorRequest, clientId=1, clientFd=7, proxyRequestId=29706, msgType=8, signalId=0x150
04-28 19:09:52.453   626   742 D VNS.RequestAcceptor: parseRxAccessorRequest, clientId=1, clientFd=7, proxyRequestId=29707, msgType=8, signalId=0x150
04-28 19:09:52.453   626   742 D VNS.RequestAcceptor: parseRxAccessorRequest, clientId=1, clientFd=7, proxyRequestId=29708, msgType=8, signalId=0x150
04-28 19:09:52.454   626   742 D VNS.RequestAcceptor: parseRxAccessorRequest, clientId=1, clientFd=7, proxyRequestId=29709, msgType=8, signalId=0x150
04-28 19:09:52.458   626   655 D VNS.SignalAccessorStub: handleSetRequest, stubRequestId=40508, clientId=1, clientFd=7, proxyRequestId=29703, signalId=0x150, msgType=8
04-28 19:09:52.459   626   655 D VNS.VnsMain: combine stubRequestId=40508 with ticket=40508
04-28 19:09:52.459   626   655 D VNS.MessageHandler: txMsg : aa 01 50 04 50 44 00 02 e9 
04-28 19:09:52.459   626   655 I VNS.VnsMain: onSignal, pluginId = 1, ticketId = 40508, state = 0, store = 0, signalId = 336
04-28 19:09:52.459   626   655 I VNS.VnsMain: onSignal, pluginId = 1, ticketId = 40508, state = 1, store = 0, signalId = 336
04-28 19:09:52.459   626   655 D VNS.SignalAccessorStub: doHandleSignalEvent, send response message to clientId=1, proxyRequestId=29703, signalId=0x150, msgType=9, statusCode=0, stubRequestId=40508
04-28 19:09:52.459   626   655 D VNS.SignalAccessorStub: handleSetRequest, stubRequestId=40509, clientId=1, clientFd=7, proxyRequestId=29704, signalId=0x150, msgType=8
04-28 19:09:52.459   626   655 D VNS.VnsMain: combine stubRequestId=40509 with ticket=40509
04-28 19:09:52.459   626   655 D VNS.MessageHandler: txMsg : aa 01 50 04 d0 4f 00 03 63 
04-28 19:09:52.459   626   655 I VNS.VnsMain: onSignal, pluginId = 1, ticketId = 40509, state = 0, store = 0, signalId = 336
04-28 19:09:52.459   626   655 I VNS.VnsMain: onSignal, pluginId = 1, ticketId = 40509, state = 1, store = 0, signalId = 336
04-28 19:09:52.459   626   655 D VNS.SignalAccessorStub: doHandleSignalEvent, send response message to clientId=1, proxyRequestId=29704, signalId=0x150, msgType=9, statusCode=0, stubRequestId=40509
04-28 19:09:52.460   626   655 D VNS.SignalAccessorStub: handleSetRequest, stubRequestId=40510, clientId=1, clientFd=7, proxyRequestId=29705, signalId=0x150, msgType=8
04-28 19:09:52.460   626   655 D VNS.VnsMain: combine stubRequestId=40510 with ticket=40510
04-28 19:09:52.460   626   655 D VNS.MessageHandler: txMsg : aa 01 50 04 ef 1d 00 00 0d 
04-28 19:09:52.460   626   655 I VNS.VnsMain: onSignal, pluginId = 1, ticketId = 40510, state = 0, store = 0, signalId = 336
04-28 19:09:52.460   626   655 I VNS.VnsMain: onSignal, pluginId = 1, ticketId = 40510, state = 1, store = 0, signalId = 336
04-28 19:09:52.460   626   655 D VNS.SignalAccessorStub: doHandleSignalEvent, send response message to clientId=1, proxyRequestId=29705, signalId=0x150, msgType=9, statusCode=0, stubRequestId=40510
04-28 19:09:52.460   626   655 D VNS.SignalAccessorStub: handleSetRequest, stubRequestId=40511, clientId=1, clientFd=7, proxyRequestId=29706, signalId=0x150, msgType=8
04-28 19:09:52.460   626   655 D VNS.VnsMain: combine stubRequestId=40511 with ticket=40511
04-28 19:09:52.460   626   655 D VNS.MessageHandler: txMsg : aa 01 50 04 ef 20 00 02 32 
04-28 19:09:52.460   626   655 I VNS.VnsMain: onSignal, pluginId = 1, ticketId = 40511, state = 0, store = 0, signalId = 336
04-28 19:09:52.460   626   655 I VNS.VnsMain: onSignal, pluginId = 1, ticketId = 40511, state = 1, store = 0, signalId = 336
04-28 19:09:52.460   626   655 D VNS.SignalAccessorStub: doHandleSignalEvent, send response message to clientId=1, proxyRequestId=29706, signalId=0x150, msgType=9, statusCode=0, stubRequestId=40511
04-28 19:09:52.460   626   655 D VNS.SignalAccessorStub: handleSetRequest, stubRequestId=40512, clientId=1, clientFd=7, proxyRequestId=29707, signalId=0x150, msgType=8
04-28 19:09:52.460   626   655 D VNS.VnsMain: combine stubRequestId=40512 with ticket=40512
04-28 19:09:52.460   626   655 D VNS.MessageHandler: txMsg : aa 01 50 04 ef 21 00 00 31 
04-28 19:09:52.460   626   655 I VNS.VnsMain: onSignal, pluginId = 1, ticketId = 40512, state = 0, store = 0, signalId = 336
04-28 19:09:52.461   626   655 I VNS.VnsMain: onSignal, pluginId = 1, ticketId = 40512, state = 1, store = 0, signalId = 336
04-28 19:09:52.461   626   655 D VNS.SignalAccessorStub: doHandleSignalEvent, send response message to clientId=1, proxyRequestId=29707, signalId=0x150, msgType=9, statusCode=0, stubRequestId=40512
04-28 19:09:52.461   626   655 D VNS.SignalAccessorStub: handleSetRequest, stubRequestId=40513, clientId=1, clientFd=7, proxyRequestId=29708, signalId=0x150, msgType=8
04-28 19:09:52.461   626   655 D VNS.VnsMain: combine stubRequestId=40513 with ticket=40513
04-28 19:09:52.461   626   655 D VNS.MessageHandler: txMsg : aa 01 50 04 ef 28 00 00 38 
04-28 19:09:52.461   626   655 I VNS.VnsMain: onSignal, pluginId = 1, ticketId = 40513, state = 0, store = 0, signalId = 336
04-28 19:09:52.461   626   655 I VNS.VnsMain: onSignal, pluginId = 1, ticketId = 40513, state = 1, store = 0, signalId = 336
04-28 19:09:52.461   626   655 D VNS.SignalAccessorStub: doHandleSignalEvent, send response message to clientId=1, proxyRequestId=29708, signalId=0x150, msgType=9, statusCode=0, stubRequestId=40513
04-28 19:09:52.461   626   655 D VNS.SignalAccessorStub: handleSetRequest, stubRequestId=40514, clientId=1, clientFd=7, proxyRequestId=29709, signalId=0x150, msgType=8
04-28 19:09:52.461   626   655 D VNS.VnsMain: combine stubRequestId=40514 with ticket=40514
04-28 19:09:52.461   626   655 D VNS.MessageHandler: txMsg : aa 01 50 04 ef 2c 00 00 3c 
04-28 19:09:52.461   626   655 I VNS.VnsMain: onSignal, pluginId = 1, ticketId = 40514, state = 0, store = 0, signalId = 336
04-28 19:09:52.461   626   655 I VNS.VnsMain: onSignal, pluginId = 1, ticketId = 40514, state = 1, store = 0, signalId = 336
04-28 19:09:52.461   626   655 D VNS.SignalAccessorStub: doHandleSignalEvent, send response message to clientId=1, proxyRequestId=29709, signalId=0x150, msgType=9, statusCode=0, stubRequestId=40514
04-28 19:09:52.465   619   736 I VNS.SignalAccessor: dispatchToClient - reqId=29703, signalId=0x150, msg_type=9, statusCode=0
04-28 19:09:52.465   619   736 I VNS.SignalAccessor: dispatchToClient - reqId=29704, signalId=0x150, msg_type=9, statusCode=0
04-28 19:09:52.465   619   736 I VNS.SignalAccessor: dispatchToClient - reqId=29705, signalId=0x150, msg_type=9, statusCode=0
04-28 19:09:52.465   619   736 I VNS.SignalAccessor: dispatchToClient - reqId=29706, signalId=0x150, msg_type=9, statusCode=0
04-28 19:09:52.465   619   736 I VNS.SignalAccessor: dispatchToClient - reqId=29707, signalId=0x150, msg_type=9, statusCode=0
04-28 19:09:52.465   619   736 I VNS.SignalAccessor: dispatchToClient - reqId=29708, signalId=0x150, msg_type=9, statusCode=0
04-28 19:09:52.465   619   736 I VNS.SignalAccessor: dispatchToClient - reqId=29709, signalId=0x150, msg_type=9, statusCode=0
04-28 19:09:53.149   626   656 D VNS.MessageHandler: rxMsg : aa ee 01 78 30 00 02 01 00 00 00 00 01 00 00 00 00 00 01 00 00 00 00 00 00 00 00 01 f1 23 00 00 00 00 00 02 3b 1e 01 01 00 00 0a 00 84 00 00 00 00 00 00 00 00 00 00 00 00 00 00 00 00 00 00 00 00 00 00 00 00 00 99 99 00 00 00 00 01 a0 ff ff ff ff 04 00 00 00 99 99 03 00 00 01 01 03 03 01 01 03 03 00 04 01 00 01 00 02 03 99 99 01 00 00 00 00 00 00 00 00 00 00 0e 0d 00 03 d6 
04-28 19:09:53.149   626   656 E VNS.MessageDefinitionManager: There is no parse information. msgId = 0xee01
04-28 19:09:53.153   626   656 D VNS.MessageHandler: rxMsg : aa 83 03 14 11 01 11 00 01 11 14 13 04 12 02 19 04 18 16 27 09 00 0a 01 0a aa ee 03 27 ff 01 00 00 00 00 01 00 00 00 00 12 01 00 01 03 ff 00 00 01 01 00 00 00 00 00 00 00 00 00 00 00 00 00 00 00 00 00 00 71 
04-28 19:09:53.153   626   656 I VNS.VnsMain: onSignal, pluginId = 1, ticketId = 0, state = 1, store = 0, signalId = 33539
04-28 19:09:53.153   626   656 D VNS.SignalAccessorStub: doHandleSignalEvent, send event message to clientId=1, msgType=15, statusCode=0, stubRequestId=0
04-28 19:09:53.153   626   656 E VNS.MessageDefinitionManager: There is no parse information. msgId = 0xee03
04-28 19:09:53.156   626   656 D VNS.MessageHandler: rxMsg : aa 8a 29 02 00 ff f4 
04-28 19:09:53.156   626   656 I VNS.VnsMain: onSignal, pluginId = 1, ticketId = 0, state = 1, store = 0, signalId = 35369
04-28 19:09:53.159   619   736 I VNS.SignalAccessor: handleSignalEvent, signalId=0x8303, msg_type=15
04-28 19:09:53.160   619   736 D VHAL.DiagHandler: VP Version : VP_DCY11_IHU_CN_DCY11_IP720_190418_02
04-28 19:09:53.160   619   736 I VHAL.DiagHandler: setPropValue: propId[0x21105309], value[VP_DCY11_IHU_CN_DCY11_IP720_190418_02]
04-28 19:09:53.160   619   736 E VHAL.DiagHandler: [sendPartNumberToVP] 
04-28 19:09:53.160   619   736 E VHAL.DiagHandler: [sendPartNumberToVP] AP partnumber is not available
04-28 19:09:53.204   619   619 I VNS.SignalAccessor: setAsync - reqid=29710, signalId=0x150
04-28 19:09:53.205   626   742 D VNS.RequestAcceptor: parseRxAccessorRequest, clientId=1, clientFd=7, proxyRequestId=29710, msgType=8, signalId=0x150
04-28 19:09:53.211   626   655 D VNS.SignalAccessorStub: handleSetRequest, stubRequestId=40515, clientId=1, clientFd=7, proxyRequestId=29710, signalId=0x150, msgType=8
04-28 19:09:53.211   626   655 D VNS.VnsMain: combine stubRequestId=40515 with ticket=40515
04-28 19:09:53.211   626   655 D VNS.MessageHandler: txMsg : aa 01 50 04 ef 2a 00 00 3a 
04-28 19:09:53.211   626   655 I VNS.VnsMain: onSignal, pluginId = 1, ticketId = 40515, state = 0, store = 0, signalId = 336
04-28 19:09:53.211   626   655 I VNS.VnsMain: onSignal, pluginId = 1, ticketId = 40515, state = 1, store = 0, signalId = 336
04-28 19:09:53.211   626   655 D VNS.SignalAccessorStub: doHandleSignalEvent, send response message to clientId=1, proxyRequestId=29710, signalId=0x150, msgType=9, statusCode=0, stubRequestId=40515
04-28 19:09:53.218   619   736 I VNS.SignalAccessor: dispatchToClient - reqId=29710, signalId=0x150, msg_type=9, statusCode=0
04-28 19:09:53.249  1608  1813 W ContextImpl: Calling a method in the system process without a qualified user: android.app.ContextImpl.sendStickyBroadcast:1287 android.content.ContextWrapper.sendStickyBroadcast:571 com.geely.car.rawnet.RawnetService.notifyToConnService:309 com.geely.car.rawnet.RawnetService.access$500:41 com.geely.car.rawnet.RawnetService$3.onCarRequestSIMConnectionStatus:337 
04-28 19:09:53.251   925   968 I VNS.SignalAccessor: setAsync - reqid=70762, signalId=0x137
04-28 19:09:53.252   626   983 D VNS.RequestAcceptor: parseRxAccessorRequest, clientId=4, clientFd=10, proxyRequestId=70762, msgType=8, signalId=0x137
04-28 19:09:53.257   626   655 D VNS.SignalAccessorStub: handleSetRequest, stubRequestId=40516, clientId=4, clientFd=10, proxyRequestId=70762, signalId=0x137, msgType=8
04-28 19:09:53.257   626   655 D VNS.VnsMain: combine stubRequestId=40516 with ticket=40516
04-28 19:09:53.257   626   655 D VNS.MessageHandler: txMsg : aa 01 37 07 a0 ff ff ff ff 04 00 3f 
04-28 19:09:53.258   626   655 I VNS.VnsMain: onSignal, pluginId = 1, ticketId = 40516, state = 0, store = 0, signalId = 311
04-28 19:09:53.258   626   655 I VNS.VnsMain: onSignal, pluginId = 1, ticketId = 40516, state = 1, store = 0, signalId = 311
04-28 19:09:53.258   626   655 D VNS.SignalAccessorStub: doHandleSignalEvent, send response message to clientId=4, proxyRequestId=70762, signalId=0x137, msgType=9, statusCode=0, stubRequestId=40516
04-28 19:09:53.263   925   982 I VNS.SignalAccessor: dispatchToClient - reqId=70762, signalId=0x137, msg_type=9, statusCode=0
04-28 19:09:54.156   626   656 D VNS.MessageHandler: rxMsg : aa 8a 29 02 00 ff f4 
04-28 19:09:54.156   626   656 I VNS.VnsMain: onSignal, pluginId = 1, ticketId = 0, state = 1, store = 0, signalId = 35369
04-28 19:09:54.227   626   656 D VNS.MessageHandler: rxMsg : aa ee 04 1f a0 01 00 00 01 00 00 00 00 0f 00 01 00 00 00 00 00 00 00 00 00 00 00 04 00 00 00 00 00 80 00 75 
04-28 19:09:54.227   626   656 E VNS.MessageDefinitionManager: There is no parse information. msgId = 0xee04
04-28 19:09:54.253   925   968 I VNS.SignalAccessor: setAsync - reqid=70763, signalId=0x137
04-28 19:09:54.253   626   983 D VNS.RequestAcceptor: parseRxAccessorRequest, clientId=4, clientFd=10, proxyRequestId=70763, msgType=8, signalId=0x137
04-28 19:09:54.259   626   655 D VNS.SignalAccessorStub: handleSetRequest, stubRequestId=40517, clientId=4, clientFd=10, proxyRequestId=70763, signalId=0x137, msgType=8
04-28 19:09:54.259   626   655 D VNS.VnsMain: combine stubRequestId=40517 with ticket=40517
04-28 19:09:54.259   626   655 D VNS.MessageHandler: txMsg : aa 01 37 07 a0 ff ff ff ff 04 00 3f 
04-28 19:09:54.259   626   655 I VNS.VnsMain: onSignal, pluginId = 1, ticketId = 40517, state = 0, store = 0, signalId = 311
04-28 19:09:54.259   626   655 I VNS.VnsMain: onSignal, pluginId = 1, ticketId = 40517, state = 1, store = 0, signalId = 311
04-28 19:09:54.259   626   655 D VNS.SignalAccessorStub: doHandleSignalEvent, send response message to clientId=4, proxyRequestId=70763, signalId=0x137, msgType=9, statusCode=0, stubRequestId=40517
04-28 19:09:54.265   925   982 I VNS.SignalAccessor: dispatchToClient - reqId=70763, signalId=0x137, msg_type=9, statusCode=0
04-28 19:09:54.963   619   728 I VNS.SignalAccessor: setAsync - reqid=29711, signalId=0x151
04-28 19:09:54.964   626   742 D VNS.RequestAcceptor: parseRxAccessorRequest, clientId=1, clientFd=7, proxyRequestId=29711, msgType=8, signalId=0x151
04-28 19:09:54.969   626   655 D VNS.SignalAccessorStub: handleSetRequest, stubRequestId=40518, clientId=1, clientFd=7, proxyRequestId=29711, signalId=0x151, msgType=8
04-28 19:09:54.969   626   655 D VNS.VnsMain: combine stubRequestId=40518 with ticket=40518
04-28 19:09:54.969   626   655 D VNS.MessageHandler: txMsg : aa 01 51 0f d9 56 08 00 00 00 00 00 00 00 00 00 00 00 00 72 
04-28 19:09:54.969   626   655 I VNS.VnsMain: onSignal, pluginId = 1, ticketId = 40518, state = 0, store = 0, signalId = 337
04-28 19:09:54.969   626   655 I VNS.VnsMain: onSignal, pluginId = 1, ticketId = 40518, state = 1, store = 0, signalId = 337
04-28 19:09:54.970   626   655 D VNS.SignalAccessorStub: doHandleSignalEvent, send response message to clientId=1, proxyRequestId=29711, signalId=0x151, msgType=9, statusCode=0, stubRequestId=40518
04-28 19:09:54.975   619   736 I VNS.SignalAccessor: dispatchToClient - reqId=29711, signalId=0x151, msg_type=9, statusCode=0
04-28 19:09:55.156   626   656 D VNS.MessageHandler: rxMsg : aa 8a 29 02 00 ff f4 
04-28 19:09:55.156   626   656 I VNS.VnsMain: onSignal, pluginId = 1, ticketId = 0, state = 1, store = 0, signalId = 35369
