04-28 19:08:37.144   626   655 I VNS.VnsMain: onSignal, pluginId = 1, ticketId = 40225, state = 1, store = 0, signalId = 311
04-28 19:08:37.144   626   655 D VNS.SignalAccessorStub: doHandleSignalEvent, send response message to clientId=4, proxyRequestId=70686, signalId=0x137, msgType=9, statusCode=0, stubRequestId=40225
04-28 19:08:37.150   925   982 I VNS.SignalAccessor: dispatchToClient - reqId=70686, signalId=0x137, msg_type=9, statusCode=0
04-28 19:08:37.150   626   656 D VNS.MessageHandler: rxMsg : aa 8a 29 02 00 ff f4 
04-28 19:08:37.150   626   656 I VNS.VnsMain: onSignal, pluginId = 1, ticketId = 0, state = 1, store = 0, signalId = 35369
04-28 19:08:37.372   619   996 I VNS.SignalAccessor: setAsync - reqid=29496, signalId=0x150
04-28 19:08:37.373   619   996 I VNS.SignalAccessor: setAsync - reqid=29497, signalId=0x150
04-28 19:08:37.373   619   996 I VNS.SignalAccessor: setAsync - reqid=29498, signalId=0x150
04-28 19:08:37.373   619   996 I VNS.SignalAccessor: setAsync - reqid=29499, signalId=0x150
04-28 19:08:37.374   619   996 I VNS.SignalAccessor: setAsync - reqid=29500, signalId=0x150
04-28 19:08:37.374   626   742 D VNS.RequestAcceptor: parseRxAccessorRequest, clientId=1, clientFd=7, proxyRequestId=29496, msgType=8, signalId=0x150
04-28 19:08:37.374   619   996 I VNS.SignalAccessor: setAsync - reqid=29501, signalId=0x150
04-28 19:08:37.374   626   742 D VNS.RequestAcceptor: parseRxAccessorRequest, clientId=1, clientFd=7, proxyRequestId=29497, msgType=8, signalId=0x150
04-28 19:08:37.374   626   742 D VNS.RequestAcceptor: parseRxAccessorRequest, clientId=1, clientFd=7, proxyRequestId=29498, msgType=8, signalId=0x150
04-28 19:08:37.374   619   996 I VNS.SignalAccessor: setAsync - reqid=29502, signalId=0x150
04-28 19:08:37.374   626   742 D VNS.RequestAcceptor: parseRxAccessorRequest, clientId=1, clientFd=7, proxyRequestId=29499, msgType=8, signalId=0x150
04-28 19:08:37.374   626   742 D VNS.RequestAcceptor: parseRxAccessorRequest, clientId=1, clientFd=7, proxyRequestId=29500, msgType=8, signalId=0x150
04-28 19:08:37.374   626   742 D VNS.RequestAcceptor: parseRxAccessorRequest, clientId=1, clientFd=7, proxyRequestId=29501, msgType=8, signalId=0x150
04-28 19:08:37.374   626   742 D VNS.RequestAcceptor: parseRxAccessorRequest, clientId=1, clientFd=7, proxyRequestId=29502, msgType=8, signalId=0x150
04-28 19:08:37.379   626   655 D VNS.SignalAccessorStub: handleSetRequest, stubRequestId=40226, clientId=1, clientFd=7, proxyRequestId=29496, signalId=0x150, msgType=8
04-28 19:08:37.379   626   655 D VNS.VnsMain: combine stubRequestId=40226 with ticket=40226
04-28 19:08:37.379   626   655 D VNS.MessageHandler: txMsg : aa 01 50 04 50 44 00 02 e9 
04-28 19:08:37.380   626   655 I VNS.VnsMain: onSignal, pluginId = 1, ticketId = 40226, state = 0, store = 0, signalId = 336
04-28 19:08:37.380   626   655 I VNS.VnsMain: onSignal, pluginId = 1, ticketId = 40226, state = 1, store = 0, signalId = 336
04-28 19:08:37.380   626   655 D VNS.SignalAccessorStub: doHandleSignalEvent, send response message to clientId=1, proxyRequestId=29496, signalId=0x150, msgType=9, statusCode=0, stubRequestId=40226
04-28 19:08:37.380   626   655 D VNS.SignalAccessorStub: handleSetRequest, stubRequestId=40227, clientId=1, clientFd=7, proxyRequestId=29497, signalId=0x150, msgType=8
04-28 19:08:37.380   626   655 D VNS.VnsMain: combine stubRequestId=40227 with ticket=40227
04-28 19:08:37.380   626   655 D VNS.MessageHandler: txMsg : aa 01 50 04 d0 4f 00 03 63 
04-28 19:08:37.380   626   655 I VNS.VnsMain: onSignal, pluginId = 1, ticketId = 40227, state = 0, store = 0, signalId = 336
04-28 19:08:37.380   626   655 I VNS.VnsMain: onSignal, pluginId = 1, ticketId = 40227, state = 1, store = 0, signalId = 336
04-28 19:08:37.380   626   655 D VNS.SignalAccessorStub: doHandleSignalEvent, send response message to clientId=1, proxyRequestId=29497, signalId=0x150, msgType=9, statusCode=0, stubRequestId=40227
04-28 19:08:37.380   626   655 D VNS.SignalAccessorStub: handleSetRequest, stubRequestId=40228, clientId=1, clientFd=7, proxyRequestId=29498, signalId=0x150, msgType=8
04-28 19:08:37.380   626   655 D VNS.VnsMain: combine stubRequestId=40228 with ticket=40228
04-28 19:08:37.380   626   655 D VNS.MessageHandler: txMsg : aa 01 50 04 ef 1d 00 00 0d 
04-28 19:08:37.381   626   655 I VNS.VnsMain: onSignal, pluginId = 1, ticketId = 40228, state = 0, store = 0, signalId = 336
04-28 19:08:37.381   626   655 I VNS.VnsMain: onSignal, pluginId = 1, ticketId = 40228, state = 1, store = 0, signalId = 336
04-28 19:08:37.381   626   655 D VNS.SignalAccessorStub: doHandleSignalEvent, send response message to clientId=1, proxyRequestId=29498, signalId=0x150, msgType=9, statusCode=0, stubRequestId=40228
04-28 19:08:37.381   626   655 D VNS.SignalAccessorStub: handleSetRequest, stubRequestId=40229, clientId=1, clientFd=7, proxyRequestId=29499, signalId=0x150, msgType=8
04-28 19:08:37.381   626   655 D VNS.VnsMain: combine stubRequestId=40229 with ticket=40229
04-28 19:08:37.381   626   655 D VNS.MessageHandler: txMsg : aa 01 50 04 ef 20 00 02 32 
04-28 19:08:37.381   626   655 I VNS.VnsMain: onSignal, pluginId = 1, ticketId = 40229, state = 0, store = 0, signalId = 336
04-28 19:08:37.381   626   655 I VNS.VnsMain: onSignal, pluginId = 1, ticketId = 40229, state = 1, store = 0, signalId = 336
04-28 19:08:37.381   626   655 D VNS.SignalAccessorStub: doHandleSignalEvent, send response message to clientId=1, proxyRequestId=29499, signalId=0x150, msgType=9, statusCode=0, stubRequestId=40229
04-28 19:08:37.381   626   655 D VNS.SignalAccessorStub: handleSetRequest, stubRequestId=40230, clientId=1, clientFd=7, proxyRequestId=29500, signalId=0x150, msgType=8
04-28 19:08:37.381   626   655 D VNS.VnsMain: combine stubRequestId=40230 with ticket=40230
04-28 19:08:37.381   626   655 D VNS.MessageHandler: txMsg : aa 01 50 04 ef 21 00 00 31 
04-28 19:08:37.381   626   655 I VNS.VnsMain: onSignal, pluginId = 1, ticketId = 40230, state = 0, store = 0, signalId = 336
04-28 19:08:37.382   626   655 I VNS.VnsMain: onSignal, pluginId = 1, ticketId = 40230, state = 1, store = 0, signalId = 336
04-28 19:08:37.382   626   655 D VNS.SignalAccessorStub: doHandleSignalEvent, send response message to clientId=1, proxyRequestId=29500, signalId=0x150, msgType=9, statusCode=0, stubRequestId=40230
04-28 19:08:37.382   626   655 D VNS.SignalAccessorStub: handleSetRequest, stubRequestId=40231, clientId=1, clientFd=7, proxyRequestId=29501, signalId=0x150, msgType=8
04-28 19:08:37.382   626   655 D VNS.VnsMain: combine stubRequestId=40231 with ticket=40231
04-28 19:08:37.382   626   655 D VNS.MessageHandler: txMsg : aa 01 50 04 ef 28 00 00 38 
04-28 19:08:37.382   626   655 I VNS.VnsMain: onSignal, pluginId = 1, ticketId = 40231, state = 0, store = 0, signalId = 336
04-28 19:08:37.382   626   655 I VNS.VnsMain: onSignal, pluginId = 1, ticketId = 40231, state = 1, store = 0, signalId = 336
04-28 19:08:37.382   626   655 D VNS.SignalAccessorStub: doHandleSignalEvent, send response message to clientId=1, proxyRequestId=29501, signalId=0x150, msgType=9, statusCode=0, stubRequestId=40231
04-28 19:08:37.382   626   655 D VNS.SignalAccessorStub: handleSetRequest, stubRequestId=40232, clientId=1, clientFd=7, proxyRequestId=29502, signalId=0x150, msgType=8
04-28 19:08:37.382   626   655 D VNS.VnsMain: combine stubRequestId=40232 with ticket=40232
04-28 19:08:37.382   626   655 D VNS.MessageHandler: txMsg : aa 01 50 04 ef 2c 00 00 3c 
04-28 19:08:37.382   626   655 I VNS.VnsMain: onSignal, pluginId = 1, ticketId = 40232, state = 0, store = 0, signalId = 336
04-28 19:08:37.382   626   655 I VNS.VnsMain: onSignal, pluginId = 1, ticketId = 40232, state = 1, store = 0, signalId = 336
04-28 19:08:37.382   626   655 D VNS.SignalAccessorStub: doHandleSignalEvent, send response message to clientId=1, proxyRequestId=29502, signalId=0x150, msgType=9, statusCode=0, stubRequestId=40232
04-28 19:08:37.388   619   736 I VNS.SignalAccessor: dispatchToClient - reqId=29496, signalId=0x150, msg_type=9, statusCode=0
04-28 19:08:37.389   619   736 I VNS.SignalAccessor: dispatchToClient - reqId=29497, signalId=0x150, msg_type=9, statusCode=0
04-28 19:08:37.389   619   736 I VNS.SignalAccessor: dispatchToClient - reqId=29498, signalId=0x150, msg_type=9, statusCode=0
04-28 19:08:37.389   619   736 I VNS.SignalAccessor: dispatchToClient - reqId=29499, signalId=0x150, msg_type=9, statusCode=0
04-28 19:08:37.389   619   736 I VNS.SignalAccessor: dispatchToClient - reqId=29500, signalId=0x150, msg_type=9, statusCode=0
04-28 19:08:37.389   619   736 I VNS.SignalAccessor: dispatchToClient - reqId=29501, signalId=0x150, msg_type=9, statusCode=0
04-28 19:08:37.389   619   736 I VNS.SignalAccessor: dispatchToClient - reqId=29502, signalId=0x150, msg_type=9, statusCode=0
04-28 19:08:38.140   925   968 I VNS.SignalAccessor: setAsync - reqid=70687, signalId=0x137
04-28 19:08:38.140   626   983 D VNS.RequestAcceptor: parseRxAccessorRequest, clientId=4, clientFd=10, proxyRequestId=70687, msgType=8, signalId=0x137
04-28 19:08:38.143   626   656 D VNS.MessageHandler: rxMsg : aa ee 01 78 30 00 02 01 00 00 00 00 01 00 00 00 00 00 01 00 00 00 00 00 00 00 00 01 f1 23 00 00 00 00 00 02 3a 0f 01 01 00 00 0a 00 85 00 00 00 00 00 00 00 00 00 00 00 00 00 00 00 00 00 00 00 00 00 00 00 00 00 99 99 00 00 00 00 01 a0 ff ff ff ff 04 00 00 00 99 99 03 00 00 01 01 03 03 01 01 03 03 00 04 01 00 01 00 02 03 99 99 01 00 00 00 00 00 00 00 00 00 00 0d f4 00 03 3d 
04-28 19:08:38.143   626   656 E VNS.MessageDefinitionManager: There is no parse information. msgId = 0xee01
04-28 19:08:38.146   626   655 D VNS.SignalAccessorStub: handleSetRequest, stubRequestId=40233, clientId=4, clientFd=10, proxyRequestId=70687, signalId=0x137, msgType=8
04-28 19:08:38.146   626   655 D VNS.VnsMain: combine stubRequestId=40233 with ticket=40233
04-28 19:08:38.146   626   655 D VNS.MessageHandler: txMsg : aa 01 37 07 a0 ff ff ff ff 04 00 3f 
04-28 19:08:38.146   626   655 I VNS.VnsMain: onSignal, pluginId = 1, ticketId = 40233, state = 0, store = 0, signalId = 311
04-28 19:08:38.146   626   655 I VNS.VnsMain: onSignal, pluginId = 1, ticketId = 40233, state = 1, store = 0, signalId = 311
04-28 19:08:38.146   626   655 D VNS.SignalAccessorStub: doHandleSignalEvent, send response message to clientId=4, proxyRequestId=70687, signalId=0x137, msgType=9, statusCode=0, stubRequestId=40233
04-28 19:08:38.147   626   656 D VNS.MessageHandler: rxMsg : aa ee 03 27 ff 01 00 00 00 00 01 00 00 00 00 12 01 00 01 03 ff 00 00 01 01 00 00 00 00 00 00 00 00 00 00 00 00 00 00 00 00 00 00 71 
04-28 19:08:38.147   626   656 E VNS.MessageDefinitionManager: There is no parse information. msgId = 0xee03
04-28 19:08:38.150   626   656 D VNS.MessageHandler: rxMsg : aa 8a 29 02 00 ff f4 
04-28 19:08:38.150   626   656 I VNS.VnsMain: onSignal, pluginId = 1, ticketId = 0, state = 1, store = 0, signalId = 35369
04-28 19:08:38.152   925   982 I VNS.SignalAccessor: dispatchToClient - reqId=70687, signalId=0x137, msg_type=9, statusCode=0
04-28 19:08:39.141   925   968 I VNS.SignalAccessor: setAsync - reqid=70688, signalId=0x137
04-28 19:08:39.141   626   983 D VNS.RequestAcceptor: parseRxAccessorRequest, clientId=4, clientFd=10, proxyRequestId=70688, msgType=8, signalId=0x137
04-28 19:08:39.147   626   655 D VNS.SignalAccessorStub: handleSetRequest, stubRequestId=40234, clientId=4, clientFd=10, proxyRequestId=70688, signalId=0x137, msgType=8
04-28 19:08:39.147   626   655 D VNS.VnsMain: combine stubRequestId=40234 with ticket=40234
04-28 19:08:39.147   626   655 D VNS.MessageHandler: txMsg : aa 01 37 07 a0 ff ff ff ff 04 00 3f 
04-28 19:08:39.147   626   655 I VNS.VnsMain: onSignal, pluginId = 1, ticketId = 40234, state = 0, store = 0, signalId = 311
04-28 19:08:39.147   626   655 I VNS.VnsMain: onSignal, pluginId = 1, ticketId = 40234, state = 1, store = 0, signalId = 311
04-28 19:08:39.147   626   655 D VNS.SignalAccessorStub: doHandleSignalEvent, send response message to clientId=4, proxyRequestId=70688, signalId=0x137, msgType=9, statusCode=0, stubRequestId=40234
04-28 19:08:39.151   626   656 D VNS.MessageHandler: rxMsg : aa 8a 29 02 00 ff f4 
04-28 19:08:39.151   626   656 I VNS.VnsMain: onSignal, pluginId = 1, ticketId = 0, state = 1, store = 0, signalId = 35369
04-28 19:08:39.153   925   982 I VNS.SignalAccessor: dispatchToClient - reqId=70688, signalId=0x137, msg_type=9, statusCode=0
04-28 19:08:39.221   626   656 D VNS.MessageHandler: rxMsg : aa ee 04 1f a0 01 00 00 01 00 00 00 00 0f 00 01 00 00 00 00 00 00 00 00 00 00 00 04 00 00 00 00 00 80 00 75 
04-28 19:08:39.221   626   656 E VNS.MessageDefinitionManager: There is no parse information. msgId = 0xee04
04-28 19:08:39.963   619   728 I VNS.SignalAccessor: setAsync - reqid=29503, signalId=0x151
04-28 19:08:39.963   626   742 D VNS.RequestAcceptor: parseRxAccessorRequest, clientId=1, clientFd=7, proxyRequestId=29503, msgType=8, signalId=0x151
04-28 19:08:39.969   626   655 D VNS.SignalAccessorStub: handleSetRequest, stubRequestId=40235, clientId=1, clientFd=7, proxyRequestId=29503, signalId=0x151, msgType=8
04-28 19:08:39.969   626   655 D VNS.VnsMain: combine stubRequestId=40235 with ticket=40235
04-28 19:08:39.969   626   655 D VNS.MessageHandler: txMsg : aa 01 51 0f d9 56 08 00 00 00 00 00 00 00 00 00 00 00 00 72 
04-28 19:08:39.969   626   655 I VNS.VnsMain: onSignal, pluginId = 1, ticketId = 40235, state = 0, store = 0, signalId = 337
04-28 19:08:39.969   626   655 I VNS.VnsMain: onSignal, pluginId = 1, ticketId = 40235, state = 1, store = 0, signalId = 337
04-28 19:08:39.969   626   655 D VNS.SignalAccessorStub: doHandleSignalEvent, send response message to clientId=1, proxyRequestId=29503, signalId=0x151, msgType=9, statusCode=0, stubRequestId=40235
04-28 19:08:39.975   619   736 I VNS.SignalAccessor: dispatchToClient - reqId=29503, signalId=0x151, msg_type=9, statusCode=0
04-28 19:08:40.143   925   968 I VNS.SignalAccessor: setAsync - reqid=70689, signalId=0x137
04-28 19:08:40.143   626   983 D VNS.RequestAcceptor: parseRxAccessorRequest, clientId=4, clientFd=10, proxyRequestId=70689, msgType=8, signalId=0x137
04-28 19:08:40.149   626   655 D VNS.SignalAccessorStub: handleSetRequest, stubRequestId=40236, clientId=4, clientFd=10, proxyRequestId=70689, signalId=0x137, msgType=8
04-28 19:08:40.149   626   655 D VNS.VnsMain: combine stubRequestId=40236 with ticket=40236
04-28 19:08:40.149   626   655 D VNS.MessageHandler: txMsg : aa 01 37 07 a0 ff ff ff ff 04 00 3f 
04-28 19:08:40.149   626   655 I VNS.VnsMain: onSignal, pluginId = 1, ticketId = 40236, state = 0, store = 0, signalId = 311
04-28 19:08:40.149   626   655 I VNS.VnsMain: onSignal, pluginId = 1, ticketId = 40236, state = 1, store = 0, signalId = 311
04-28 19:08:40.149   626   655 D VNS.SignalAccessorStub: doHandleSignalEvent, send response message to clientId=4, proxyRequestId=70689, signalId=0x137, msgType=9, statusCode=0, stubRequestId=40236
04-28 19:08:40.150   626   656 D VNS.MessageHandler: rxMsg : aa 8a 29 02 00 ff f4 
04-28 19:08:40.150   626   656 I VNS.VnsMain: onSignal, pluginId = 1, ticketId = 0, state = 1, store = 0, signalId = 35369
04-28 19:08:40.156   925   982 I VNS.SignalAccessor: dispatchToClient - reqId=70689, signalId=0x137, msg_type=9, statusCode=0
04-28 19:08:40.375   619   996 I VNS.SignalAccessor: setAsync - reqid=29504, signalId=0x150
04-28 19:08:40.376   619   996 I VNS.SignalAccessor: setAsync - reqid=29505, signalId=0x150
04-28 19:08:40.376   619   996 I VNS.SignalAccessor: setAsync - reqid=29506, signalId=0x150
04-28 19:08:40.376   619   996 I VNS.SignalAccessor: setAsync - reqid=29507, signalId=0x150
04-28 19:08:40.376   619   996 I VNS.SignalAccessor: setAsync - reqid=29508, signalId=0x150
04-28 19:08:40.376   619   996 I VNS.SignalAccessor: setAsync - reqid=29509, signalId=0x150
04-28 19:08:40.377   619   996 I VNS.SignalAccessor: setAsync - reqid=29510, signalId=0x150
04-28 19:08:40.377   626   742 D VNS.RequestAcceptor: parseRxAccessorRequest, clientId=1, clientFd=7, proxyRequestId=29504, msgType=8, signalId=0x150
04-28 19:08:40.377   626   742 D VNS.RequestAcceptor: parseRxAccessorRequest, clientId=1, clientFd=7, proxyRequestId=29505, msgType=8, signalId=0x150
04-28 19:08:40.377   626   742 D VNS.RequestAcceptor: parseRxAccessorRequest, clientId=1, clientFd=7, proxyRequestId=29506, msgType=8, signalId=0x150
04-28 19:08:40.377   626   742 D VNS.RequestAcceptor: parseRxAccessorRequest, clientId=1, clientFd=7, proxyRequestId=29507, msgType=8, signalId=0x150
04-28 19:08:40.377   626   742 D VNS.RequestAcceptor: parseRxAccessorRequest, clientId=1, clientFd=7, proxyRequestId=29508, msgType=8, signalId=0x150
04-28 19:08:40.377   626   742 D VNS.RequestAcceptor: parseRxAccessorRequest, clientId=1, clientFd=7, proxyRequestId=29509, msgType=8, signalId=0x150
04-28 19:08:40.377   626   742 D VNS.RequestAcceptor: parseRxAccessorRequest, clientId=1, clientFd=7, proxyRequestId=29510, msgType=8, signalId=0x150
04-28 19:08:40.383   626   655 D VNS.SignalAccessorStub: handleSetRequest, stubRequestId=40237, clientId=1, clientFd=7, proxyRequestId=29504, signalId=0x150, msgType=8
04-28 19:08:40.383   626   655 D VNS.VnsMain: combine stubRequestId=40237 with ticket=40237
04-28 19:08:40.383   626   655 D VNS.MessageHandler: txMsg : aa 01 50 04 50 44 00 02 e9 
04-28 19:08:40.383   626   655 I VNS.VnsMain: onSignal, pluginId = 1, ticketId = 40237, state = 0, store = 0, signalId = 336
04-28 19:08:40.383   626   655 I VNS.VnsMain: onSignal, pluginId = 1, ticketId = 40237, state = 1, store = 0, signalId = 336
04-28 19:08:40.383   626   655 D VNS.SignalAccessorStub: doHandleSignalEvent, send response message to clientId=1, proxyRequestId=29504, signalId=0x150, msgType=9, statusCode=0, stubRequestId=40237
04-28 19:08:40.384   626   655 D VNS.SignalAccessorStub: handleSetRequest, stubRequestId=40238, clientId=1, clientFd=7, proxyRequestId=29505, signalId=0x150, msgType=8
04-28 19:08:40.384   626   655 D VNS.VnsMain: combine stubRequestId=40238 with ticket=40238
04-28 19:08:40.384   626   655 D VNS.MessageHandler: txMsg : aa 01 50 04 d0 4f 00 03 63 
04-28 19:08:40.384   626   655 I VNS.VnsMain: onSignal, pluginId = 1, ticketId = 40238, state = 0, store = 0, signalId = 336
04-28 19:08:40.384   626   655 I VNS.VnsMain: onSignal, pluginId = 1, ticketId = 40238, state = 1, store = 0, signalId = 336
04-28 19:08:40.384   626   655 D VNS.SignalAccessorStub: doHandleSignalEvent, send response message to clientId=1, proxyRequestId=29505, signalId=0x150, msgType=9, statusCode=0, stubRequestId=40238
04-28 19:08:40.384   626   655 D VNS.SignalAccessorStub: handleSetRequest, stubRequestId=40239, clientId=1, clientFd=7, proxyRequestId=29506, signalId=0x150, msgType=8
04-28 19:08:40.384   626   655 D VNS.VnsMain: combine stubRequestId=40239 with ticket=40239
04-28 19:08:40.384   626   655 D VNS.MessageHandler: txMsg : aa 01 50 04 ef 1d 00 00 0d 
04-28 19:08:40.384   626   655 I VNS.VnsMain: onSignal, pluginId = 1, ticketId = 40239, state = 0, store = 0, signalId = 336
04-28 19:08:40.384   626   655 I VNS.VnsMain: onSignal, pluginId = 1, ticketId = 40239, state = 1, store = 0, signalId = 336
04-28 19:08:40.384   626   655 D VNS.SignalAccessorStub: doHandleSignalEvent, send response message to clientId=1, proxyRequestId=29506, signalId=0x150, msgType=9, statusCode=0, stubRequestId=40239
04-28 19:08:40.384   626   655 D VNS.SignalAccessorStub: handleSetRequest, stubRequestId=40240, clientId=1, clientFd=7, proxyRequestId=29507, signalId=0x150, msgType=8
04-28 19:08:40.384   626   655 D VNS.VnsMain: combine stubRequestId=40240 with ticket=40240
04-28 19:08:40.385   626   655 D VNS.MessageHandler: txMsg : aa 01 50 04 ef 20 00 02 32 
04-28 19:08:40.385   626   655 I VNS.VnsMain: onSignal, pluginId = 1, ticketId = 40240, state = 0, store = 0, signalId = 336
04-28 19:08:40.385   626   655 I VNS.VnsMain: onSignal, pluginId = 1, ticketId = 40240, state = 1, store = 0, signalId = 336
04-28 19:08:40.385   626   655 D VNS.SignalAccessorStub: doHandleSignalEvent, send response message to clientId=1, proxyRequestId=29507, signalId=0x150, msgType=9, statusCode=0, stubRequestId=40240
04-28 19:08:40.385   626   655 D VNS.SignalAccessorStub: handleSetRequest, stubRequestId=40241, clientId=1, clientFd=7, proxyRequestId=29508, signalId=0x150, msgType=8
04-28 19:08:40.385   626   655 D VNS.VnsMain: combine stubRequestId=40241 with ticket=40241
04-28 19:08:40.385   626   655 D VNS.MessageHandler: txMsg : aa 01 50 04 ef 21 00 00 31 
04-28 19:08:40.385   626   655 I VNS.VnsMain: onSignal, pluginId = 1, ticketId = 40241, state = 0, store = 0, signalId = 336
04-28 19:08:40.385   626   655 I VNS.VnsMain: onSignal, pluginId = 1, ticketId = 40241, state = 1, store = 0, signalId = 336
04-28 19:08:40.385   626   655 D VNS.SignalAccessorStub: doHandleSignalEvent, send response message to clientId=1, proxyRequestId=29508, signalId=0x150, msgType=9, statusCode=0, stubRequestId=40241
04-28 19:08:40.385   626   655 D VNS.SignalAccessorStub: handleSetRequest, stubRequestId=40242, clientId=1, clientFd=7, proxyRequestId=29509, signalId=0x150, msgType=8
04-28 19:08:40.385   626   655 D VNS.VnsMain: combine stubRequestId=40242 with ticket=40242
04-28 19:08:40.385   626   655 D VNS.MessageHandler: txMsg : aa 01 50 04 ef 28 00 00 38 
04-28 19:08:40.385   626   655 I VNS.VnsMain: onSignal, pluginId = 1, ticketId = 40242, state = 0, store = 0, signalId = 336
04-28 19:08:40.385   626   655 I VNS.VnsMain: onSignal, pluginId = 1, ticketId = 40242, state = 1, store = 0, signalId = 336
04-28 19:08:40.385   626   655 D VNS.SignalAccessorStub: doHandleSignalEvent, send response message to clientId=1, proxyRequestId=29509, signalId=0x150, msgType=9, statusCode=0, stubRequestId=40242
04-28 19:08:40.386   626   655 D VNS.SignalAccessorStub: handleSetRequest, stubRequestId=40243, clientId=1, clientFd=7, proxyRequestId=29510, signalId=0x150, msgType=8
04-28 19:08:40.386   626   655 D VNS.VnsMain: combine stubRequestId=40243 with ticket=40243
04-28 19:08:40.386   626   655 D VNS.MessageHandler: txMsg : aa 01 50 04 ef 2c 00 00 3c 
04-28 19:08:40.386   626   655 I VNS.VnsMain: onSignal, pluginId = 1, ticketId = 40243, state = 0, store = 0, signalId = 336
04-28 19:08:40.386   626   655 I VNS.VnsMain: onSignal, pluginId = 1, ticketId = 40243, state = 1, store = 0, signalId = 336
04-28 19:08:40.386   626   655 D VNS.SignalAccessorStub: doHandleSignalEvent, send response message to clientId=1, proxyRequestId=29510, signalId=0x150, msgType=9, statusCode=0, stubRequestId=40243
04-28 19:08:40.389   619   736 I VNS.SignalAccessor: dispatchToClient - reqId=29504, signalId=0x150, msg_type=9, statusCode=0
04-28 19:08:40.389   619   736 I VNS.SignalAccessor: dispatchToClient - reqId=29505, signalId=0x150, msg_type=9, statusCode=0
04-28 19:08:40.389   619   736 I VNS.SignalAccessor: dispatchToClient - reqId=29506, signalId=0x150, msg_type=9, statusCode=0
04-28 19:08:40.389   619   736 I VNS.SignalAccessor: dispatchToClient - reqId=29507, signalId=0x150, msg_type=9, statusCode=0
04-28 19:08:40.389   619   736 I VNS.SignalAccessor: dispatchToClient - reqId=29508, signalId=0x150, msg_type=9, statusCode=0
04-28 19:08:40.389   619   736 I VNS.SignalAccessor: dispatchToClient - reqId=29509, signalId=0x150, msg_type=9, statusCode=0
04-28 19:08:40.389   619   736 I VNS.SignalAccessor: dispatchToClient - reqId=29510, signalId=0x150, msg_type=9, statusCode=0
04-28 19:08:41.055 14056 14056 F linker  : CANNOT LINK EXECUTABLE "/vendor/bin/hw/vendor.lge.hardware.automotive.rawnet.geely@1.0-service": library "vendor.lge.hardware.automotive.rawnet.geely@1.0-impl.so" not found
04-28 19:08:41.143   626   656 D VNS.MessageHandler: rxMsg : aa ee 01 78 30 00 02 01 00 00 00 00 01 00 00 00 00 00 01 00 00 00 00 00 00 00 00 01 f1 23 00 00 00 00 00 02 3a 12 01 01 00 00 0a 00 85 00 00 00 00 00 00 00 00 00 00 00 00 00 00 00 00 00 00 00 00 00 00 00 00 00 99 99 00 00 00 00 01 a0 ff ff ff ff 04 00 00 00 99 99 03 00 00 01 01 03 03 01 01 03 03 00 04 01 00 01 00 02 03 99 99 01 00 00 00 00 00 00 00 00 00 00 0d f5 00 03 21 
04-28 19:08:41.144   626   656 E VNS.MessageDefinitionManager: There is no parse information. msgId = 0xee01
04-28 19:08:41.145   925   968 I VNS.SignalAccessor: setAsync - reqid=70690, signalId=0x137
04-28 19:08:41.146   626   983 D VNS.RequestAcceptor: parseRxAccessorRequest, clientId=4, clientFd=10, proxyRequestId=70690, msgType=8, signalId=0x137
04-28 19:08:41.150   626   656 D VNS.MessageHandler: rxMsg : aa 8a 29 02 00 ff f4 
04-28 19:08:41.151   626   656 I VNS.VnsMain: onSignal, pluginId = 1, ticketId = 0, state = 1, store = 0, signalId = 35369
04-28 19:08:41.151   626   655 D VNS.SignalAccessorStub: handleSetRequest, stubRequestId=40244, clientId=4, clientFd=10, proxyRequestId=70690, signalId=0x137, msgType=8
04-28 19:08:41.151   626   655 D VNS.VnsMain: combine stubRequestId=40244 with ticket=40244
04-28 19:08:41.151   626   655 D VNS.MessageHandler: txMsg : aa 01 37 07 a0 ff ff ff ff 04 00 3f 
04-28 19:08:41.152   626   655 I VNS.VnsMain: onSignal, pluginId = 1, ticketId = 40244, state = 0, store = 0, signalId = 311
04-28 19:08:41.152   626   655 I VNS.VnsMain: onSignal, pluginId = 1, ticketId = 40244, state = 1, store = 0, signalId = 311
04-28 19:08:41.152   626   655 D VNS.SignalAccessorStub: doHandleSignalEvent, send response message to clientId=4, proxyRequestId=70690, signalId=0x137, msgType=9, statusCode=0, stubRequestId=40244
04-28 19:08:41.157   925   982 I VNS.SignalAccessor: dispatchToClient - reqId=70690, signalId=0x137, msg_type=9, statusCode=0
04-28 19:08:42.146   925   968 I VNS.SignalAccessor: setAsync - reqid=70691, signalId=0x137
04-28 19:08:42.147   626   983 D VNS.RequestAcceptor: parseRxAccessorRequest, clientId=4, clientFd=10, proxyRequestId=70691, msgType=8, signalId=0x137
04-28 19:08:42.150   626   656 D VNS.MessageHandler: rxMsg : aa 8a 29 02 00 ff f4 
04-28 19:08:42.150   626   656 I VNS.VnsMain: onSignal, pluginId = 1, ticketId = 0, state = 1, store = 0, signalId = 35369
04-28 19:08:42.153   626   655 D VNS.SignalAccessorStub: handleSetRequest, stubRequestId=40245, clientId=4, clientFd=10, proxyRequestId=70691, signalId=0x137, msgType=8
04-28 19:08:42.153   626   655 D VNS.VnsMain: combine stubRequestId=40245 with ticket=40245
04-28 19:08:42.153   626   655 D VNS.MessageHandler: txMsg : aa 01 37 07 a0 ff ff ff ff 04 00 3f 
04-28 19:08:42.153   626   655 I VNS.VnsMain: onSignal, pluginId = 1, ticketId = 40245, state = 0, store = 0, signalId = 311
04-28 19:08:42.153   626   655 I VNS.VnsMain: onSignal, pluginId = 1, ticketId = 40245, state = 1, store = 0, signalId = 311
04-28 19:08:42.153   626   655 D VNS.SignalAccessorStub: doHandleSignalEvent, send response message to clientId=4, proxyRequestId=70691, signalId=0x137, msgType=9, statusCode=0, stubRequestId=40245
04-28 19:08:42.159   925   982 I VNS.SignalAccessor: dispatchToClient - reqId=70691, signalId=0x137, msg_type=9, statusCode=0
04-28 19:08:42.221   626   656 D VNS.MessageHandler: rxMsg : aa ee 04 1f a0 01 00 00 01 00 00 00 00 0f 00 01 00 00 00 00 00 00 00 00 00 00 00 02 00 00 00 00 00 80 00 73 
04-28 19:08:42.221   626   656 E VNS.MessageDefinitionManager: There is no parse information. msgId = 0xee04
04-28 19:08:42.963   619   728 I VNS.SignalAccessor: setAsync - reqid=29511, signalId=0x151
04-28 19:08:42.964   626   742 D VNS.RequestAcceptor: parseRxAccessorRequest, clientId=1, clientFd=7, proxyRequestId=29511, msgType=8, signalId=0x151
04-28 19:08:42.969   626   655 D VNS.SignalAccessorStub: handleSetRequest, stubRequestId=40246, clientId=1, clientFd=7, proxyRequestId=29511, signalId=0x151, msgType=8
04-28 19:08:42.969   626   655 D VNS.VnsMain: combine stubRequestId=40246 with ticket=40246
04-28 19:08:42.969   626   655 D VNS.MessageHandler: txMsg : aa 01 51 0f d9 56 08 00 00 00 00 00 00 00 00 00 00 00 00 72 
04-28 19:08:42.970   626   655 I VNS.VnsMain: onSignal, pluginId = 1, ticketId = 40246, state = 0, store = 0, signalId = 337
04-28 19:08:42.970   626   655 I VNS.VnsMain: onSignal, pluginId = 1, ticketId = 40246, state = 1, store = 0, signalId = 337
04-28 19:08:42.970   626   655 D VNS.SignalAccessorStub: doHandleSignalEvent, send response message to clientId=1, proxyRequestId=29511, signalId=0x151, msgType=9, statusCode=0, stubRequestId=40246
04-28 19:08:42.975   619   736 I VNS.SignalAccessor: dispatchToClient - reqId=29511, signalId=0x151, msg_type=9, statusCode=0
04-28 19:08:43.139   619   619 I VNS.SignalAccessor: setAsync - reqid=29512, signalId=0x150
04-28 19:08:43.139   626   742 D VNS.RequestAcceptor: parseRxAccessorRequest, clientId=1, clientFd=7, proxyRequestId=29512, msgType=8, signalId=0x150
04-28 19:08:43.145   626   655 D VNS.SignalAccessorStub: handleSetRequest, stubRequestId=40247, clientId=1, clientFd=7, proxyRequestId=29512, signalId=0x150, msgType=8
04-28 19:08:43.145   626   655 D VNS.VnsMain: combine stubRequestId=40247 with ticket=40247
04-28 19:08:43.145   626   655 D VNS.MessageHandler: txMsg : aa 01 50 04 ef 2a 00 00 3a 
04-28 19:08:43.145   626   655 I VNS.VnsMain: onSignal, pluginId = 1, ticketId = 40247, state = 0, store = 0, signalId = 336
04-28 19:08:43.145   626   655 I VNS.VnsMain: onSignal, pluginId = 1, ticketId = 40247, state = 1, store = 0, signalId = 336
04-28 19:08:43.145   626   655 D VNS.SignalAccessorStub: doHandleSignalEvent, send response message to clientId=1, proxyRequestId=29512, signalId=0x150, msgType=9, statusCode=0, stubRequestId=40247
04-28 19:08:43.147   626   656 D VNS.MessageHandler: rxMsg : aa 83 03 14 11 01 11 00 01 11 14 13 04 12 02 19 04 18 16 27 09 00 0a 01 0a aa ee 03 27 ff 01 00 00 00 00 01 00 00 00 00 12 01 00 01 03 ff 00 00 01 01 00 00 00 00 00 00 00 00 00 00 00 00 00 00 00 00 00 00 71 
04-28 19:08:43.147   626   656 I VNS.VnsMain: onSignal, pluginId = 1, ticketId = 0, state = 1, store = 0, signalId = 33539
04-28 19:08:43.147   626   656 D VNS.SignalAccessorStub: doHandleSignalEvent, send event message to clientId=1, msgType=15, statusCode=0, stubRequestId=0
04-28 19:08:43.148   626   656 E VNS.MessageDefinitionManager: There is no parse information. msgId = 0xee03
04-28 19:08:43.148   925   968 I VNS.SignalAccessor: setAsync - reqid=70692, signalId=0x137
04-28 19:08:43.149   626   983 D VNS.RequestAcceptor: parseRxAccessorRequest, clientId=4, clientFd=10, proxyRequestId=70692, msgType=8, signalId=0x137
04-28 19:08:43.151   626   656 D VNS.MessageHandler: rxMsg : aa 8a 29 02 00 ff f4 
04-28 19:08:43.151   619   736 I VNS.SignalAccessor: dispatchToClient - reqId=29512, signalId=0x150, msg_type=9, statusCode=0
04-28 19:08:43.151   626   656 I VNS.VnsMain: onSignal, pluginId = 1, ticketId = 0, state = 1, store = 0, signalId = 35369
04-28 19:08:43.151   619   736 I VNS.SignalAccessor: handleSignalEvent, signalId=0x8303, msg_type=15
04-28 19:08:43.151   619   736 D VHAL.DiagHandler: VP Version : VP_DCY11_IHU_CN_DCY11_IP720_190418_02
04-28 19:08:43.151   619   736 I VHAL.DiagHandler: setPropValue: propId[0x21105309], value[VP_DCY11_IHU_CN_DCY11_IP720_190418_02]
04-28 19:08:43.151   619   736 E VHAL.DiagHandler: [sendPartNumberToVP] 
04-28 19:08:43.151   619   736 E VHAL.DiagHandler: [sendPartNumberToVP] AP partnumber is not available
04-28 19:08:43.154   626   655 D VNS.SignalAccessorStub: handleSetRequest, stubRequestId=40248, clientId=4, clientFd=10, proxyRequestId=70692, signalId=0x137, msgType=8
04-28 19:08:43.154   626   655 D VNS.VnsMain: combine stubRequestId=40248 with ticket=40248
04-28 19:08:43.154   626   655 D VNS.MessageHandler: txMsg : aa 01 37 07 a0 ff ff ff ff 04 00 3f 
04-28 19:08:43.154   626   655 I VNS.VnsMain: onSignal, pluginId = 1, ticketId = 40248, state = 0, store = 0, signalId = 311
04-28 19:08:43.154   626   655 I VNS.VnsMain: onSignal, pluginId = 1, ticketId = 40248, state = 1, store = 0, signalId = 311
04-28 19:08:43.154   626   655 D VNS.SignalAccessorStub: doHandleSignalEvent, send response message to clientId=4, proxyRequestId=70692, signalId=0x137, msgType=9, statusCode=0, stubRequestId=40248
04-28 19:08:43.160   925   982 I VNS.SignalAccessor: dispatchToClient - reqId=70692, signalId=0x137, msg_type=9, statusCode=0
04-28 19:08:43.378   619   996 I VNS.SignalAccessor: setAsync - reqid=29513, signalId=0x150
04-28 19:08:43.378   619   996 I VNS.SignalAccessor: setAsync - reqid=29514, signalId=0x150
04-28 19:08:43.379   626   742 D VNS.RequestAcceptor: parseRxAccessorRequest, clientId=1, clientFd=7, proxyRequestId=29513, msgType=8, signalId=0x150
04-28 19:08:43.379   626   742 D VNS.RequestAcceptor: parseRxAccessorRequest, clientId=1, clientFd=7, proxyRequestId=29514, msgType=8, signalId=0x150
04-28 19:08:43.380   619   996 I VNS.SignalAccessor: setAsync - reqid=29515, signalId=0x150
04-28 19:08:43.380   619   996 I VNS.SignalAccessor: setAsync - reqid=29516, signalId=0x150
04-28 19:08:43.380   619   996 I VNS.SignalAccessor: setAsync - reqid=29517, signalId=0x150
04-28 19:08:43.381   619   996 I VNS.SignalAccessor: setAsync - reqid=29518, signalId=0x150
04-28 19:08:43.381   626   742 D VNS.RequestAcceptor: parseRxAccessorRequest, clientId=1, clientFd=7, proxyRequestId=29515, msgType=8, signalId=0x150
04-28 19:08:43.382   626   742 D VNS.RequestAcceptor: parseRxAccessorRequest, clientId=1, clientFd=7, proxyRequestId=29516, msgType=8, signalId=0x150
04-28 19:08:43.382   626   742 D VNS.RequestAcceptor: parseRxAccessorRequest, clientId=1, clientFd=7, proxyRequestId=29517, msgType=8, signalId=0x150
04-28 19:08:43.382   626   742 D VNS.RequestAcceptor: parseRxAccessorRequest, clientId=1, clientFd=7, proxyRequestId=29518, msgType=8, signalId=0x150
04-28 19:08:43.383   619   996 I VNS.SignalAccessor: setAsync - reqid=29519, signalId=0x150
04-28 19:08:43.383   626   742 D VNS.RequestAcceptor: parseRxAccessorRequest, clientId=1, clientFd=7, proxyRequestId=29519, msgType=8, signalId=0x150
04-28 19:08:43.385   626   655 D VNS.SignalAccessorStub: handleSetRequest, stubRequestId=40249, clientId=1, clientFd=7, proxyRequestId=29513, signalId=0x150, msgType=8
04-28 19:08:43.385   626   655 D VNS.VnsMain: combine stubRequestId=40249 with ticket=40249
04-28 19:08:43.385   626   655 D VNS.MessageHandler: txMsg : aa 01 50 04 50 44 00 02 e9 
04-28 19:08:43.385   626   655 I VNS.VnsMain: onSignal, pluginId = 1, ticketId = 40249, state = 0, store = 0, signalId = 336
04-28 19:08:43.385   626   655 I VNS.VnsMain: onSignal, pluginId = 1, ticketId = 40249, state = 1, store = 0, signalId = 336
04-28 19:08:43.385   626   655 D VNS.SignalAccessorStub: doHandleSignalEvent, send response message to clientId=1, proxyRequestId=29513, signalId=0x150, msgType=9, statusCode=0, stubRequestId=40249
04-28 19:08:43.385   626   655 D VNS.SignalAccessorStub: handleSetRequest, stubRequestId=40250, clientId=1, clientFd=7, proxyRequestId=29514, signalId=0x150, msgType=8
04-28 19:08:43.385   626   655 D VNS.VnsMain: combine stubRequestId=40250 with ticket=40250
04-28 19:08:43.385   626   655 D VNS.MessageHandler: txMsg : aa 01 50 04 d0 4f 00 03 63 
04-28 19:08:43.385   626   655 I VNS.VnsMain: onSignal, pluginId = 1, ticketId = 40250, state = 0, store = 0, signalId = 336
04-28 19:08:43.385   626   655 I VNS.VnsMain: onSignal, pluginId = 1, ticketId = 40250, state = 1, store = 0, signalId = 336
04-28 19:08:43.385   626   655 D VNS.SignalAccessorStub: doHandleSignalEvent, send response message to clientId=1, proxyRequestId=29514, signalId=0x150, msgType=9, statusCode=0, stubRequestId=40250
04-28 19:08:43.386   626   655 D VNS.SignalAccessorStub: handleSetRequest, stubRequestId=40251, clientId=1, clientFd=7, proxyRequestId=29515, signalId=0x150, msgType=8
04-28 19:08:43.386   626   655 D VNS.VnsMain: combine stubRequestId=40251 with ticket=40251
04-28 19:08:43.386   626   655 D VNS.MessageHandler: txMsg : aa 01 50 04 ef 1d 00 00 0d 
04-28 19:08:43.386   626   655 I VNS.VnsMain: onSignal, pluginId = 1, ticketId = 40251, state = 0, store = 0, signalId = 336
04-28 19:08:43.386   626   655 I VNS.VnsMain: onSignal, pluginId = 1, ticketId = 40251, state = 1, store = 0, signalId = 336
04-28 19:08:43.386   626   655 D VNS.SignalAccessorStub: doHandleSignalEvent, send response message to clientId=1, proxyRequestId=29515, signalId=0x150, msgType=9, statusCode=0, stubRequestId=40251
04-28 19:08:43.386   626   655 D VNS.SignalAccessorStub: handleSetRequest, stubRequestId=40252, clientId=1, clientFd=7, proxyRequestId=29516, signalId=0x150, msgType=8
04-28 19:08:43.386   626   655 D VNS.VnsMain: combine stubRequestId=40252 with ticket=40252
04-28 19:08:43.386   626   655 D VNS.MessageHandler: txMsg : aa 01 50 04 ef 20 00 02 32 
04-28 19:08:43.386   626   655 I VNS.VnsMain: onSignal, pluginId = 1, ticketId = 40252, state = 0, store = 0, signalId = 336
04-28 19:08:43.386   626   655 I VNS.VnsMain: onSignal, pluginId = 1, ticketId = 40252, state = 1, store = 0, signalId = 336
04-28 19:08:43.386   626   655 D VNS.SignalAccessorStub: doHandleSignalEvent, send response message to clientId=1, proxyRequestId=29516, signalId=0x150, msgType=9, statusCode=0, stubRequestId=40252
04-28 19:08:43.386   626   655 D VNS.SignalAccessorStub: handleSetRequest, stubRequestId=40253, clientId=1, clientFd=7, proxyRequestId=29517, signalId=0x150, msgType=8
04-28 19:08:43.386   626   655 D VNS.VnsMain: combine stubRequestId=40253 with ticket=40253
04-28 19:08:43.386   626   655 D VNS.MessageHandler: txMsg : aa 01 50 04 ef 21 00 00 31 
04-28 19:08:43.386   626   655 I VNS.VnsMain: onSignal, pluginId = 1, ticketId = 40253, state = 0, store = 0, signalId = 336
04-28 19:08:43.386   626   655 I VNS.VnsMain: onSignal, pluginId = 1, ticketId = 40253, state = 1, store = 0, signalId = 336
04-28 19:08:43.386   626   655 D VNS.SignalAccessorStub: doHandleSignalEvent, send response message to clientId=1, proxyRequestId=29517, signalId=0x150, msgType=9, statusCode=0, stubRequestId=40253
04-28 19:08:43.386   626   655 D VNS.SignalAccessorStub: handleSetRequest, stubRequestId=40254, clientId=1, clientFd=7, proxyRequestId=29518, signalId=0x150, msgType=8
04-28 19:08:43.386   626   655 D VNS.VnsMain: combine stubRequestId=40254 with ticket=40254
04-28 19:08:43.387   626   655 D VNS.MessageHandler: txMsg : aa 01 50 04 ef 28 00 00 38 
04-28 19:08:43.387   626   655 I VNS.VnsMain: onSignal, pluginId = 1, ticketId = 40254, state = 0, store = 0, signalId = 336
04-28 19:08:43.387   626   655 I VNS.VnsMain: onSignal, pluginId = 1, ticketId = 40254, state = 1, store = 0, signalId = 336
04-28 19:08:43.387   626   655 D VNS.SignalAccessorStub: doHandleSignalEvent, send response message to clientId=1, proxyRequestId=29518, signalId=0x150, msgType=9, statusCode=0, stubRequestId=40254
04-28 19:08:43.387   626   655 D VNS.SignalAccessorStub: handleSetRequest, stubRequestId=40255, clientId=1, clientFd=7, proxyRequestId=29519, signalId=0x150, msgType=8
04-28 19:08:43.387   626   655 D VNS.VnsMain: combine stubRequestId=40255 with ticket=40255
04-28 19:08:43.387   626   655 D VNS.MessageHandler: txMsg : aa 01 50 04 ef 2c 00 00 3c 
04-28 19:08:43.387   626   655 I VNS.VnsMain: onSignal, pluginId = 1, ticketId = 40255, state = 0, store = 0, signalId = 336
04-28 19:08:43.387   626   655 I VNS.VnsMain: onSignal, pluginId = 1, ticketId = 40255, state = 1, store = 0, signalId = 336
04-28 19:08:43.387   626   655 D VNS.SignalAccessorStub: doHandleSignalEvent, send response message to clientId=1, proxyRequestId=29519, signalId=0x150, msgType=9, statusCode=0, stubRequestId=40255
04-28 19:08:43.393   619   736 I VNS.SignalAccessor: dispatchToClient - reqId=29513, signalId=0x150, msg_type=9, statusCode=0
04-28 19:08:43.393   619   736 I VNS.SignalAccessor: dispatchToClient - reqId=29514, signalId=0x150, msg_type=9, statusCode=0
04-28 19:08:43.393   619   736 I VNS.SignalAccessor: dispatchToClient - reqId=29515, signalId=0x150, msg_type=9, statusCode=0
04-28 19:08:43.393   619   736 I VNS.SignalAccessor: dispatchToClient - reqId=29516, signalId=0x150, msg_type=9, statusCode=0
04-28 19:08:43.393   619   736 I VNS.SignalAccessor: dispatchToClient - reqId=29517, signalId=0x150, msg_type=9, statusCode=0
04-28 19:08:43.393   619   736 I VNS.SignalAccessor: dispatchToClient - reqId=29518, signalId=0x150, msg_type=9, statusCode=0
04-28 19:08:43.393   619   736 I VNS.SignalAccessor: dispatchToClient - reqId=29519, signalId=0x150, msg_type=9, statusCode=0
04-28 19:08:44.143   626   656 D VNS.MessageHandler: rxMsg : aa ee 01 78 30 00 02 01 00 00 00 00 01 00 00 00 00 00 01 00 00 00 00 00 00 00 00 01 f1 23 00 00 00 00 00 02 3a 15 01 01 00 00 0a 00 85 00 00 00 00 00 00 00 00 00 00 00 00 00 00 00 00 00 00 00 00 00 00 00 00 00 99 99 00 00 00 00 01 a0 ff ff ff ff 04 00 00 00 99 99 03 00 00 01 01 03 03 01 01 03 03 00 04 01 00 01 00 02 02 99 99 01 00 00 00 00 00 00 00 00 00 00 0d f6 00 03 24 
04-28 19:08:44.143   626   656 E VNS.MessageDefinitionManager: There is no parse information. msgId = 0xee01
04-28 19:08:44.149   925   968 I VNS.SignalAccessor: setAsync - reqid=70693, signalId=0x137
04-28 19:08:44.149   626   983 D VNS.RequestAcceptor: parseRxAccessorRequest, clientId=4, clientFd=10, proxyRequestId=70693, msgType=8, signalId=0x137
04-28 19:08:44.150   626   656 D VNS.MessageHandler: rxMsg : aa 8a 29 02 00 ff f4 
04-28 19:08:44.150   626   656 I VNS.VnsMain: onSignal, pluginId = 1, ticketId = 0, state = 1, store = 0, signalId = 35369
04-28 19:08:44.155   626   655 D VNS.SignalAccessorStub: handleSetRequest, stubRequestId=40256, clientId=4, clientFd=10, proxyRequestId=70693, signalId=0x137, msgType=8
04-28 19:08:44.155   626   655 D VNS.VnsMain: combine stubRequestId=40256 with ticket=40256
04-28 19:08:44.155   626   655 D VNS.MessageHandler: txMsg : aa 01 37 07 a0 ff ff ff ff 04 00 3f 
04-28 19:08:44.155   626   655 I VNS.VnsMain: onSignal, pluginId = 1, ticketId = 40256, state = 0, store = 0, signalId = 311
04-28 19:08:44.155   626   655 I VNS.VnsMain: onSignal, pluginId = 1, ticketId = 40256, state = 1, store = 0, signalId = 311
04-28 19:08:44.155   626   655 D VNS.SignalAccessorStub: doHandleSignalEvent, send response message to clientId=4, proxyRequestId=70693, signalId=0x137, msgType=9, statusCode=0, stubRequestId=40256
04-28 19:08:44.161   925   982 I VNS.SignalAccessor: dispatchToClient - reqId=70693, signalId=0x137, msg_type=9, statusCode=0
04-28 19:08:45.150   626   656 D VNS.MessageHandler: rxMsg : aa 8a 29 02 00 ff f4 
04-28 19:08:45.151   626   656 I VNS.VnsMain: onSignal, pluginId = 1, ticketId = 0, state = 1, store = 0, signalId = 35369
04-28 19:08:45.151   925   968 I VNS.SignalAccessor: setAsync - reqid=70694, signalId=0x137
04-28 19:08:45.151   626   983 D VNS.RequestAcceptor: parseRxAccessorRequest, clientId=4, clientFd=10, proxyRequestId=70694, msgType=8, signalId=0x137
04-28 19:08:45.156   626   655 D VNS.SignalAccessorStub: handleSetRequest, stubRequestId=40257, clientId=4, clientFd=10, proxyRequestId=70694, signalId=0x137, msgType=8
04-28 19:08:45.156   626   655 D VNS.VnsMain: combine stubRequestId=40257 with ticket=40257
04-28 19:08:45.156   626   655 D VNS.MessageHandler: txMsg : aa 01 37 07 a0 ff ff ff ff 04 00 3f 
04-28 19:08:45.157   626   655 I VNS.VnsMain: onSignal, pluginId = 1, ticketId = 40257, state = 0, store = 0, signalId = 311
04-28 19:08:45.157   626   655 I VNS.VnsMain: onSignal, pluginId = 1, ticketId = 40257, state = 1, store = 0, signalId = 311
04-28 19:08:45.157   626   655 D VNS.SignalAccessorStub: doHandleSignalEvent, send response message to clientId=4, proxyRequestId=70694, signalId=0x137, msgType=9, statusCode=0, stubRequestId=40257
04-28 19:08:45.162   925   982 I VNS.SignalAccessor: dispatchToClient - reqId=70694, signalId=0x137, msg_type=9, statusCode=0
04-28 19:08:45.221   626   656 D VNS.MessageHandler: rxMsg : aa ee 04 1f a0 01 00 00 01 00 00 00 00 0f 00 01 00 00 00 00 00 00 00 00 00 00 00 00 00 00 00 00 00 80 00 71 
04-28 19:08:45.221   626   656 E VNS.MessageDefinitionManager: There is no parse information. msgId = 0xee04
04-28 19:08:45.963   619   728 I VNS.SignalAccessor: setAsync - reqid=29520, signalId=0x151
04-28 19:08:45.963   626   742 D VNS.RequestAcceptor: parseRxAccessorRequest, clientId=1, clientFd=7, proxyRequestId=29520, msgType=8, signalId=0x151
04-28 19:08:45.969   626   655 D VNS.SignalAccessorStub: handleSetRequest, stubRequestId=40258, clientId=1, clientFd=7, proxyRequestId=29520, signalId=0x151, msgType=8
04-28 19:08:45.969   626   655 D VNS.VnsMain: combine stubRequestId=40258 with ticket=40258
04-28 19:08:45.969   626   655 D VNS.MessageHandler: txMsg : aa 01 51 0f d9 56 08 00 00 00 00 00 00 00 00 00 00 00 00 72 
04-28 19:08:45.969   626   655 I VNS.VnsMain: onSignal, pluginId = 1, ticketId = 40258, state = 0, store = 0, signalId = 337
04-28 19:08:45.969   626   655 I VNS.VnsMain: onSignal, pluginId = 1, ticketId = 40258, state = 1, store = 0, signalId = 337
04-28 19:08:45.969   626   655 D VNS.SignalAccessorStub: doHandleSignalEvent, send response message to clientId=1, proxyRequestId=29520, signalId=0x151, msgType=9, statusCode=0, stubRequestId=40258
04-28 19:08:45.975   619   736 I VNS.SignalAccessor: dispatchToClient - reqId=29520, signalId=0x151, msg_type=9, statusCode=0
04-28 19:08:46.059 14073 14073 F linker  : CANNOT LINK EXECUTABLE "/vendor/bin/hw/vendor.lge.hardware.automotive.rawnet.geely@1.0-service": library "vendor.lge.hardware.automotive.rawnet.geely@1.0-impl.so" not found
04-28 19:08:46.150   626   656 D VNS.MessageHandler: rxMsg : aa 8a 29 02 00 ff f4 
04-28 19:08:46.151   626   656 I VNS.VnsMain: onSignal, pluginId = 1, ticketId = 0, state = 1, store = 0, signalId = 35369
04-28 19:08:46.153   925   968 I VNS.SignalAccessor: setAsync - reqid=70695, signalId=0x137
04-28 19:08:46.153   626   983 D VNS.RequestAcceptor: parseRxAccessorRequest, clientId=4, clientFd=10, proxyRequestId=70695, msgType=8, signalId=0x137
04-28 19:08:46.159   626   655 D VNS.SignalAccessorStub: handleSetRequest, stubRequestId=40259, clientId=4, clientFd=10, proxyRequestId=70695, signalId=0x137, msgType=8
04-28 19:08:46.159   626   655 D VNS.VnsMain: combine stubRequestId=40259 with ticket=40259
04-28 19:08:46.159   626   655 D VNS.MessageHandler: txMsg : aa 01 37 07 a0 ff ff ff ff 04 00 3f 
04-28 19:08:46.160   626   655 I VNS.VnsMain: onSignal, pluginId = 1, ticketId = 40259, state = 0, store = 0, signalId = 311
04-28 19:08:46.160   626   655 I VNS.VnsMain: onSignal, pluginId = 1, ticketId = 40259, state = 1, store = 0, signalId = 311
04-28 19:08:46.160   626   655 D VNS.SignalAccessorStub: doHandleSignalEvent, send response message to clientId=4, proxyRequestId=70695, signalId=0x137, msgType=9, statusCode=0, stubRequestId=40259
04-28 19:08:46.165   925   982 I VNS.SignalAccessor: dispatchToClient - reqId=70695, signalId=0x137, msg_type=9, statusCode=0
04-28 19:08:46.384   619   996 I VNS.SignalAccessor: setAsync - reqid=29521, signalId=0x150
04-28 19:08:46.384   619   996 I VNS.SignalAccessor: setAsync - reqid=29522, signalId=0x150
04-28 19:08:46.385   619   996 I VNS.SignalAccessor: setAsync - reqid=29523, signalId=0x150
04-28 19:08:46.385   619   996 I VNS.SignalAccessor: setAsync - reqid=29524, signalId=0x150
04-28 19:08:46.385   619   996 I VNS.SignalAccessor: setAsync - reqid=29525, signalId=0x150
04-28 19:08:46.385   619   996 I VNS.SignalAccessor: setAsync - reqid=29526, signalId=0x150
04-28 19:08:46.385   626   742 D VNS.RequestAcceptor: parseRxAccessorRequest, clientId=1, clientFd=7, proxyRequestId=29521, msgType=8, signalId=0x150
04-28 19:08:46.386   626   742 D VNS.RequestAcceptor: parseRxAccessorRequest, clientId=1, clientFd=7, proxyRequestId=29522, msgType=8, signalId=0x150
04-28 19:08:46.386   619   996 I VNS.SignalAccessor: setAsync - reqid=29527, signalId=0x150
04-28 19:08:46.386   626   742 D VNS.RequestAcceptor: parseRxAccessorRequest, clientId=1, clientFd=7, proxyRequestId=29523, msgType=8, signalId=0x150
04-28 19:08:46.386   626   742 D VNS.RequestAcceptor: parseRxAccessorRequest, clientId=1, clientFd=7, proxyRequestId=29524, msgType=8, signalId=0x150
04-28 19:08:46.386   626   742 D VNS.RequestAcceptor: parseRxAccessorRequest, clientId=1, clientFd=7, proxyRequestId=29525, msgType=8, signalId=0x150
04-28 19:08:46.386   626   742 D VNS.RequestAcceptor: parseRxAccessorRequest, clientId=1, clientFd=7, proxyRequestId=29526, msgType=8, signalId=0x150
04-28 19:08:46.386   626   742 D VNS.RequestAcceptor: parseRxAccessorRequest, clientId=1, clientFd=7, proxyRequestId=29527, msgType=8, signalId=0x150
04-28 19:08:46.391   626   655 D VNS.SignalAccessorStub: handleSetRequest, stubRequestId=40260, clientId=1, clientFd=7, proxyRequestId=29521, signalId=0x150, msgType=8
04-28 19:08:46.391   626   655 D VNS.VnsMain: combine stubRequestId=40260 with ticket=40260
04-28 19:08:46.391   626   655 D VNS.MessageHandler: txMsg : aa 01 50 04 50 44 00 02 e9 
04-28 19:08:46.391   626   655 I VNS.VnsMain: onSignal, pluginId = 1, ticketId = 40260, state = 0, store = 0, signalId = 336
04-28 19:08:46.391   626   655 I VNS.VnsMain: onSignal, pluginId = 1, ticketId = 40260, state = 1, store = 0, signalId = 336
04-28 19:08:46.391   626   655 D VNS.SignalAccessorStub: doHandleSignalEvent, send response message to clientId=1, proxyRequestId=29521, signalId=0x150, msgType=9, statusCode=0, stubRequestId=40260
04-28 19:08:46.392   626   655 D VNS.SignalAccessorStub: handleSetRequest, stubRequestId=40261, clientId=1, clientFd=7, proxyRequestId=29522, signalId=0x150, msgType=8
04-28 19:08:46.392   626   655 D VNS.VnsMain: combine stubRequestId=40261 with ticket=40261
04-28 19:08:46.392   626   655 D VNS.MessageHandler: txMsg : aa 01 50 04 d0 4f 00 03 63 
04-28 19:08:46.392   626   655 I VNS.VnsMain: onSignal, pluginId = 1, ticketId = 40261, state = 0, store = 0, signalId = 336
04-28 19:08:46.392   626   655 I VNS.VnsMain: onSignal, pluginId = 1, ticketId = 40261, state = 1, store = 0, signalId = 336
04-28 19:08:46.392   626   655 D VNS.SignalAccessorStub: doHandleSignalEvent, send response message to clientId=1, proxyRequestId=29522, signalId=0x150, msgType=9, statusCode=0, stubRequestId=40261
