04-28 19:09:06.183   626   983 D VNS.RequestAcceptor: parseRxAccessorRequest, clientId=4, clientFd=10, proxyRequestId=70715, msgType=8, signalId=0x137
04-28 19:09:06.189   626   655 D VNS.SignalAccessorStub: handleSetRequest, stubRequestId=40336, clientId=4, clientFd=10, proxyRequestId=70715, signalId=0x137, msgType=8
04-28 19:09:06.189   626   655 D VNS.VnsMain: combine stubRequestId=40336 with ticket=40336
04-28 19:09:06.189   626   655 D VNS.MessageHandler: txMsg : aa 01 37 07 a0 ff ff ff ff 04 00 3f 
04-28 19:09:06.189   626   655 I VNS.VnsMain: onSignal, pluginId = 1, ticketId = 40336, state = 0, store = 0, signalId = 311
04-28 19:09:06.189   626   655 I VNS.VnsMain: onSignal, pluginId = 1, ticketId = 40336, state = 1, store = 0, signalId = 311
04-28 19:09:06.189   626   655 D VNS.SignalAccessorStub: doHandleSignalEvent, send response message to clientId=4, proxyRequestId=70715, signalId=0x137, msgType=9, statusCode=0, stubRequestId=40336
04-28 19:09:06.195   925   982 I VNS.SignalAccessor: dispatchToClient - reqId=70715, signalId=0x137, msg_type=9, statusCode=0
04-28 19:09:06.226   626   656 D VNS.MessageHandler: rxMsg : aa ee 04 1f a0 01 00 00 01 00 00 00 00 0f 00 01 00 00 00 00 00 00 00 00 00 00 00 00 00 00 00 00 00 80 00 71 
04-28 19:09:06.226   626   656 E VNS.MessageDefinitionManager: There is no parse information. msgId = 0xee04
04-28 19:09:06.963   619   728 I VNS.SignalAccessor: setAsync - reqid=29578, signalId=0x151
04-28 19:09:06.963   626   742 D VNS.RequestAcceptor: parseRxAccessorRequest, clientId=1, clientFd=7, proxyRequestId=29578, msgType=8, signalId=0x151
04-28 19:09:06.969   626   655 D VNS.SignalAccessorStub: handleSetRequest, stubRequestId=40337, clientId=1, clientFd=7, proxyRequestId=29578, signalId=0x151, msgType=8
04-28 19:09:06.969   626   655 D VNS.VnsMain: combine stubRequestId=40337 with ticket=40337
04-28 19:09:06.969   626   655 D VNS.MessageHandler: txMsg : aa 01 51 0f d9 56 08 00 00 00 00 00 00 00 00 00 00 00 00 72 
04-28 19:09:06.969   626   655 I VNS.VnsMain: onSignal, pluginId = 1, ticketId = 40337, state = 0, store = 0, signalId = 337
04-28 19:09:06.969   626   655 I VNS.VnsMain: onSignal, pluginId = 1, ticketId = 40337, state = 1, store = 0, signalId = 337
04-28 19:09:06.970   626   655 D VNS.SignalAccessorStub: doHandleSignalEvent, send response message to clientId=1, proxyRequestId=29578, signalId=0x151, msgType=9, statusCode=0, stubRequestId=40337
04-28 19:09:06.975   619   736 I VNS.SignalAccessor: dispatchToClient - reqId=29578, signalId=0x151, msg_type=9, statusCode=0
04-28 19:09:07.125  1608  1813 W ContextImpl: Calling a method in the system process without a qualified user: android.app.ContextImpl.sendStickyBroadcast:1287 android.content.ContextWrapper.sendStickyBroadcast:571 com.geely.car.rawnet.RawnetService.notifyToConnService:309 com.geely.car.rawnet.RawnetService.access$500:41 com.geely.car.rawnet.RawnetService$3.onCarRequestSIMConnectionStatus:337 
04-28 19:09:07.155   626   656 D VNS.MessageHandler: rxMsg : aa 8a 29 02 00 ff f4 
04-28 19:09:07.156   626   656 I VNS.VnsMain: onSignal, pluginId = 1, ticketId = 0, state = 1, store = 0, signalId = 35369
04-28 19:09:07.183   925   968 I VNS.SignalAccessor: setAsync - reqid=70716, signalId=0x137
04-28 19:09:07.184   626   983 D VNS.RequestAcceptor: parseRxAccessorRequest, clientId=4, clientFd=10, proxyRequestId=70716, msgType=8, signalId=0x137
04-28 19:09:07.190   626   655 D VNS.SignalAccessorStub: handleSetRequest, stubRequestId=40338, clientId=4, clientFd=10, proxyRequestId=70716, signalId=0x137, msgType=8
04-28 19:09:07.190   626   655 D VNS.VnsMain: combine stubRequestId=40338 with ticket=40338
04-28 19:09:07.190   626   655 D VNS.MessageHandler: txMsg : aa 01 37 07 a0 ff ff ff ff 04 00 3f 
04-28 19:09:07.191   626   655 I VNS.VnsMain: onSignal, pluginId = 1, ticketId = 40338, state = 0, store = 0, signalId = 311
04-28 19:09:07.191   626   655 I VNS.VnsMain: onSignal, pluginId = 1, ticketId = 40338, state = 1, store = 0, signalId = 311
04-28 19:09:07.191   626   655 D VNS.SignalAccessorStub: doHandleSignalEvent, send response message to clientId=4, proxyRequestId=70716, signalId=0x137, msgType=9, statusCode=0, stubRequestId=40338
04-28 19:09:07.196   925   982 I VNS.SignalAccessor: dispatchToClient - reqId=70716, signalId=0x137, msg_type=9, statusCode=0
04-28 19:09:07.403   619   996 I VNS.SignalAccessor: setAsync - reqid=29579, signalId=0x150
04-28 19:09:07.404   619   996 I VNS.SignalAccessor: setAsync - reqid=29580, signalId=0x150
04-28 19:09:07.404   619   996 I VNS.SignalAccessor: setAsync - reqid=29581, signalId=0x150
04-28 19:09:07.404   619   996 I VNS.SignalAccessor: setAsync - reqid=29582, signalId=0x150
04-28 19:09:07.404   619   996 I VNS.SignalAccessor: setAsync - reqid=29583, signalId=0x150
04-28 19:09:07.405   619   996 I VNS.SignalAccessor: setAsync - reqid=29584, signalId=0x150
04-28 19:09:07.405   619   996 I VNS.SignalAccessor: setAsync - reqid=29585, signalId=0x150
04-28 19:09:07.405   626   742 D VNS.RequestAcceptor: parseRxAccessorRequest, clientId=1, clientFd=7, proxyRequestId=29579, msgType=8, signalId=0x150
04-28 19:09:07.405   626   742 D VNS.RequestAcceptor: parseRxAccessorRequest, clientId=1, clientFd=7, proxyRequestId=29580, msgType=8, signalId=0x150
04-28 19:09:07.405   626   742 D VNS.RequestAcceptor: parseRxAccessorRequest, clientId=1, clientFd=7, proxyRequestId=29581, msgType=8, signalId=0x150
04-28 19:09:07.406   626   742 D VNS.RequestAcceptor: parseRxAccessorRequest, clientId=1, clientFd=7, proxyRequestId=29582, msgType=8, signalId=0x150
04-28 19:09:07.406   626   742 D VNS.RequestAcceptor: parseRxAccessorRequest, clientId=1, clientFd=7, proxyRequestId=29583, msgType=8, signalId=0x150
04-28 19:09:07.406   626   742 D VNS.RequestAcceptor: parseRxAccessorRequest, clientId=1, clientFd=7, proxyRequestId=29584, msgType=8, signalId=0x150
04-28 19:09:07.406   626   742 D VNS.RequestAcceptor: parseRxAccessorRequest, clientId=1, clientFd=7, proxyRequestId=29585, msgType=8, signalId=0x150
04-28 19:09:07.411   626   655 D VNS.SignalAccessorStub: handleSetRequest, stubRequestId=40339, clientId=1, clientFd=7, proxyRequestId=29579, signalId=0x150, msgType=8
04-28 19:09:07.411   626   655 D VNS.VnsMain: combine stubRequestId=40339 with ticket=40339
04-28 19:09:07.411   626   655 D VNS.MessageHandler: txMsg : aa 01 50 04 50 44 00 02 e9 
04-28 19:09:07.412   626   655 I VNS.VnsMain: onSignal, pluginId = 1, ticketId = 40339, state = 0, store = 0, signalId = 336
04-28 19:09:07.412   626   655 I VNS.VnsMain: onSignal, pluginId = 1, ticketId = 40339, state = 1, store = 0, signalId = 336
04-28 19:09:07.412   626   655 D VNS.SignalAccessorStub: doHandleSignalEvent, send response message to clientId=1, proxyRequestId=29579, signalId=0x150, msgType=9, statusCode=0, stubRequestId=40339
04-28 19:09:07.412   626   655 D VNS.SignalAccessorStub: handleSetRequest, stubRequestId=40340, clientId=1, clientFd=7, proxyRequestId=29580, signalId=0x150, msgType=8
04-28 19:09:07.412   626   655 D VNS.VnsMain: combine stubRequestId=40340 with ticket=40340
04-28 19:09:07.412   626   655 D VNS.MessageHandler: txMsg : aa 01 50 04 d0 4f 00 03 63 
04-28 19:09:07.412   626   655 I VNS.VnsMain: onSignal, pluginId = 1, ticketId = 40340, state = 0, store = 0, signalId = 336
04-28 19:09:07.412   626   655 I VNS.VnsMain: onSignal, pluginId = 1, ticketId = 40340, state = 1, store = 0, signalId = 336
04-28 19:09:07.412   626   655 D VNS.SignalAccessorStub: doHandleSignalEvent, send response message to clientId=1, proxyRequestId=29580, signalId=0x150, msgType=9, statusCode=0, stubRequestId=40340
04-28 19:09:07.412   626   655 D VNS.SignalAccessorStub: handleSetRequest, stubRequestId=40341, clientId=1, clientFd=7, proxyRequestId=29581, signalId=0x150, msgType=8
04-28 19:09:07.412   626   655 D VNS.VnsMain: combine stubRequestId=40341 with ticket=40341
04-28 19:09:07.412   626   655 D VNS.MessageHandler: txMsg : aa 01 50 04 ef 1d 00 00 0d 
04-28 19:09:07.412   626   655 I VNS.VnsMain: onSignal, pluginId = 1, ticketId = 40341, state = 0, store = 0, signalId = 336
04-28 19:09:07.412   626   655 I VNS.VnsMain: onSignal, pluginId = 1, ticketId = 40341, state = 1, store = 0, signalId = 336
04-28 19:09:07.412   626   655 D VNS.SignalAccessorStub: doHandleSignalEvent, send response message to clientId=1, proxyRequestId=29581, signalId=0x150, msgType=9, statusCode=0, stubRequestId=40341
04-28 19:09:07.413   626   655 D VNS.SignalAccessorStub: handleSetRequest, stubRequestId=40342, clientId=1, clientFd=7, proxyRequestId=29582, signalId=0x150, msgType=8
04-28 19:09:07.413   626   655 D VNS.VnsMain: combine stubRequestId=40342 with ticket=40342
04-28 19:09:07.413   626   655 D VNS.MessageHandler: txMsg : aa 01 50 04 ef 20 00 02 32 
04-28 19:09:07.413   626   655 I VNS.VnsMain: onSignal, pluginId = 1, ticketId = 40342, state = 0, store = 0, signalId = 336
04-28 19:09:07.413   626   655 I VNS.VnsMain: onSignal, pluginId = 1, ticketId = 40342, state = 1, store = 0, signalId = 336
04-28 19:09:07.413   626   655 D VNS.SignalAccessorStub: doHandleSignalEvent, send response message to clientId=1, proxyRequestId=29582, signalId=0x150, msgType=9, statusCode=0, stubRequestId=40342
04-28 19:09:07.413   626   655 D VNS.SignalAccessorStub: handleSetRequest, stubRequestId=40343, clientId=1, clientFd=7, proxyRequestId=29583, signalId=0x150, msgType=8
04-28 19:09:07.413   626   655 D VNS.VnsMain: combine stubRequestId=40343 with ticket=40343
04-28 19:09:07.413   626   655 D VNS.MessageHandler: txMsg : aa 01 50 04 ef 21 00 00 31 
04-28 19:09:07.413   626   655 I VNS.VnsMain: onSignal, pluginId = 1, ticketId = 40343, state = 0, store = 0, signalId = 336
04-28 19:09:07.413   626   655 I VNS.VnsMain: onSignal, pluginId = 1, ticketId = 40343, state = 1, store = 0, signalId = 336
04-28 19:09:07.413   626   655 D VNS.SignalAccessorStub: doHandleSignalEvent, send response message to clientId=1, proxyRequestId=29583, signalId=0x150, msgType=9, statusCode=0, stubRequestId=40343
04-28 19:09:07.413   626   655 D VNS.SignalAccessorStub: handleSetRequest, stubRequestId=40344, clientId=1, clientFd=7, proxyRequestId=29584, signalId=0x150, msgType=8
04-28 19:09:07.413   626   655 D VNS.VnsMain: combine stubRequestId=40344 with ticket=40344
04-28 19:09:07.414   626   655 D VNS.MessageHandler: txMsg : aa 01 50 04 ef 28 00 00 38 
04-28 19:09:07.414   626   655 I VNS.VnsMain: onSignal, pluginId = 1, ticketId = 40344, state = 0, store = 0, signalId = 336
04-28 19:09:07.414   626   655 I VNS.VnsMain: onSignal, pluginId = 1, ticketId = 40344, state = 1, store = 0, signalId = 336
04-28 19:09:07.414   626   655 D VNS.SignalAccessorStub: doHandleSignalEvent, send response message to clientId=1, proxyRequestId=29584, signalId=0x150, msgType=9, statusCode=0, stubRequestId=40344
04-28 19:09:07.414   626   655 D VNS.SignalAccessorStub: handleSetRequest, stubRequestId=40345, clientId=1, clientFd=7, proxyRequestId=29585, signalId=0x150, msgType=8
04-28 19:09:07.414   626   655 D VNS.VnsMain: combine stubRequestId=40345 with ticket=40345
04-28 19:09:07.414   626   655 D VNS.MessageHandler: txMsg : aa 01 50 04 ef 2c 00 00 3c 
04-28 19:09:07.414   626   655 I VNS.VnsMain: onSignal, pluginId = 1, ticketId = 40345, state = 0, store = 0, signalId = 336
04-28 19:09:07.414   626   655 I VNS.VnsMain: onSignal, pluginId = 1, ticketId = 40345, state = 1, store = 0, signalId = 336
04-28 19:09:07.414   626   655 D VNS.SignalAccessorStub: doHandleSignalEvent, send response message to clientId=1, proxyRequestId=29585, signalId=0x150, msgType=9, statusCode=0, stubRequestId=40345
04-28 19:09:07.418   619   736 I VNS.SignalAccessor: dispatchToClient - reqId=29579, signalId=0x150, msg_type=9, statusCode=0
04-28 19:09:07.419   619   736 I VNS.SignalAccessor: dispatchToClient - reqId=29580, signalId=0x150, msg_type=9, statusCode=0
04-28 19:09:07.419   619   736 I VNS.SignalAccessor: dispatchToClient - reqId=29581, signalId=0x150, msg_type=9, statusCode=0
04-28 19:09:07.419   619   736 I VNS.SignalAccessor: dispatchToClient - reqId=29582, signalId=0x150, msg_type=9, statusCode=0
04-28 19:09:07.419   619   736 I VNS.SignalAccessor: dispatchToClient - reqId=29583, signalId=0x150, msg_type=9, statusCode=0
04-28 19:09:07.419   619   736 I VNS.SignalAccessor: dispatchToClient - reqId=29584, signalId=0x150, msg_type=9, statusCode=0
04-28 19:09:07.419   619   736 I VNS.SignalAccessor: dispatchToClient - reqId=29585, signalId=0x150, msg_type=9, statusCode=0
04-28 19:09:08.149   626   656 D VNS.MessageHandler: rxMsg : aa ee 01 78 30 00 02 01 00 00 00 00 01 00 00 00 00 00 01 00 00 00 00 00 00 00 00 01 f1 23 00 00 00 00 00 02 3a 2d 01 01 00 00 0a 00 84 00 00 00 00 00 00 00 00 00 00 00 00 00 00 00 00 00 00 00 00 00 00 00 00 00 99 99 00 00 00 00 01 a0 ff ff ff ff 04 00 00 00 99 99 03 00 00 01 01 03 03 01 01 03 03 00 04 01 00 01 00 02 03 99 99 01 00 00 00 00 00 00 00 00 00 00 0d fe 00 03 14 
04-28 19:09:08.149   626   656 E VNS.MessageDefinitionManager: There is no parse information. msgId = 0xee01
04-28 19:09:08.152   626   656 D VNS.MessageHandler: rxMsg : aa ee 03 27 ff 01 00 00 00 00 01 00 00 00 00 12 01 00 01 03 ff 00 00 01 01 00 00 00 00 00 00 00 00 00 00 00 00 00 00 00 00 00 00 71 
04-28 19:09:08.152   626   656 E VNS.MessageDefinitionManager: There is no parse information. msgId = 0xee03
04-28 19:09:08.156   626   656 D VNS.MessageHandler: rxMsg : aa 8a 29 02 00 ff f4 
04-28 19:09:08.156   626   656 I VNS.VnsMain: onSignal, pluginId = 1, ticketId = 0, state = 1, store = 0, signalId = 35369
04-28 19:09:08.185   925   968 I VNS.SignalAccessor: setAsync - reqid=70717, signalId=0x137
04-28 19:09:08.185   626   983 D VNS.RequestAcceptor: parseRxAccessorRequest, clientId=4, clientFd=10, proxyRequestId=70717, msgType=8, signalId=0x137
04-28 19:09:08.191   626   655 D VNS.SignalAccessorStub: handleSetRequest, stubRequestId=40346, clientId=4, clientFd=10, proxyRequestId=70717, signalId=0x137, msgType=8
04-28 19:09:08.191   626   655 D VNS.VnsMain: combine stubRequestId=40346 with ticket=40346
04-28 19:09:08.191   626   655 D VNS.MessageHandler: txMsg : aa 01 37 07 a0 ff ff ff ff 04 00 3f 
04-28 19:09:08.191   626   655 I VNS.VnsMain: onSignal, pluginId = 1, ticketId = 40346, state = 0, store = 0, signalId = 311
04-28 19:09:08.191   626   655 I VNS.VnsMain: onSignal, pluginId = 1, ticketId = 40346, state = 1, store = 0, signalId = 311
04-28 19:09:08.191   626   655 D VNS.SignalAccessorStub: doHandleSignalEvent, send response message to clientId=4, proxyRequestId=70717, signalId=0x137, msgType=9, statusCode=0, stubRequestId=40346
04-28 19:09:08.197   925   982 I VNS.SignalAccessor: dispatchToClient - reqId=70717, signalId=0x137, msg_type=9, statusCode=0
04-28 19:09:09.156   626   656 D VNS.MessageHandler: rxMsg : aa 8a 29 02 00 ff f4 
04-28 19:09:09.156   626   656 I VNS.VnsMain: onSignal, pluginId = 1, ticketId = 0, state = 1, store = 0, signalId = 35369
04-28 19:09:09.186   925   968 I VNS.SignalAccessor: setAsync - reqid=70718, signalId=0x137
04-28 19:09:09.186   626   983 D VNS.RequestAcceptor: parseRxAccessorRequest, clientId=4, clientFd=10, proxyRequestId=70718, msgType=8, signalId=0x137
04-28 19:09:09.192   626   655 D VNS.SignalAccessorStub: handleSetRequest, stubRequestId=40347, clientId=4, clientFd=10, proxyRequestId=70718, signalId=0x137, msgType=8
04-28 19:09:09.192   626   655 D VNS.VnsMain: combine stubRequestId=40347 with ticket=40347
04-28 19:09:09.192   626   655 D VNS.MessageHandler: txMsg : aa 01 37 07 a0 ff ff ff ff 04 00 3f 
04-28 19:09:09.192   626   655 I VNS.VnsMain: onSignal, pluginId = 1, ticketId = 40347, state = 0, store = 0, signalId = 311
04-28 19:09:09.192   626   655 I VNS.VnsMain: onSignal, pluginId = 1, ticketId = 40347, state = 1, store = 0, signalId = 311
04-28 19:09:09.192   626   655 D VNS.SignalAccessorStub: doHandleSignalEvent, send response message to clientId=4, proxyRequestId=70718, signalId=0x137, msgType=9, statusCode=0, stubRequestId=40347
04-28 19:09:09.198   925   982 I VNS.SignalAccessor: dispatchToClient - reqId=70718, signalId=0x137, msg_type=9, statusCode=0
04-28 19:09:09.226   626   656 D VNS.MessageHandler: rxMsg : aa ee 04 1f a0 01 00 00 01 00 00 00 00 0f 00 01 00 00 00 00 00 00 00 00 00 00 00 02 00 00 00 00 00 80 00 73 
04-28 19:09:09.226   626   656 E VNS.MessageDefinitionManager: There is no parse information. msgId = 0xee04
04-28 19:09:09.963   619   728 I VNS.SignalAccessor: setAsync - reqid=29586, signalId=0x151
04-28 19:09:09.963   626   742 D VNS.RequestAcceptor: parseRxAccessorRequest, clientId=1, clientFd=7, proxyRequestId=29586, msgType=8, signalId=0x151
04-28 19:09:09.970   626   655 D VNS.SignalAccessorStub: handleSetRequest, stubRequestId=40348, clientId=1, clientFd=7, proxyRequestId=29586, signalId=0x151, msgType=8
04-28 19:09:09.970   626   655 D VNS.VnsMain: combine stubRequestId=40348 with ticket=40348
04-28 19:09:09.970   626   655 D VNS.MessageHandler: txMsg : aa 01 51 0f d9 56 08 00 00 00 00 00 00 00 00 00 00 00 00 72 
04-28 19:09:09.970   626   655 I VNS.VnsMain: onSignal, pluginId = 1, ticketId = 40348, state = 0, store = 0, signalId = 337
04-28 19:09:09.970   626   655 I VNS.VnsMain: onSignal, pluginId = 1, ticketId = 40348, state = 1, store = 0, signalId = 337
04-28 19:09:09.970   626   655 D VNS.SignalAccessorStub: doHandleSignalEvent, send response message to clientId=1, proxyRequestId=29586, signalId=0x151, msgType=9, statusCode=0, stubRequestId=40348
04-28 19:09:09.976   619   736 I VNS.SignalAccessor: dispatchToClient - reqId=29586, signalId=0x151, msg_type=9, statusCode=0
04-28 19:09:10.155   626   656 D VNS.MessageHandler: rxMsg : aa 8a 29 02 00 ff f4 
04-28 19:09:10.156   626   656 I VNS.VnsMain: onSignal, pluginId = 1, ticketId = 0, state = 1, store = 0, signalId = 35369
04-28 19:09:10.187   925   968 I VNS.SignalAccessor: setAsync - reqid=70719, signalId=0x137
04-28 19:09:10.187   626   983 D VNS.RequestAcceptor: parseRxAccessorRequest, clientId=4, clientFd=10, proxyRequestId=70719, msgType=8, signalId=0x137
04-28 19:09:10.193   626   655 D VNS.SignalAccessorStub: handleSetRequest, stubRequestId=40349, clientId=4, clientFd=10, proxyRequestId=70719, signalId=0x137, msgType=8
04-28 19:09:10.193   626   655 D VNS.VnsMain: combine stubRequestId=40349 with ticket=40349
04-28 19:09:10.193   626   655 D VNS.MessageHandler: txMsg : aa 01 37 07 a0 ff ff ff ff 04 00 3f 
04-28 19:09:10.193   626   655 I VNS.VnsMain: onSignal, pluginId = 1, ticketId = 40349, state = 0, store = 0, signalId = 311
04-28 19:09:10.193   626   655 I VNS.VnsMain: onSignal, pluginId = 1, ticketId = 40349, state = 1, store = 0, signalId = 311
04-28 19:09:10.193   626   655 D VNS.SignalAccessorStub: doHandleSignalEvent, send response message to clientId=4, proxyRequestId=70719, signalId=0x137, msgType=9, statusCode=0, stubRequestId=40349
04-28 19:09:10.199   925   982 I VNS.SignalAccessor: dispatchToClient - reqId=70719, signalId=0x137, msg_type=9, statusCode=0
04-28 19:09:10.406   619   996 I VNS.SignalAccessor: setAsync - reqid=29587, signalId=0x150
04-28 19:09:10.407   619   996 I VNS.SignalAccessor: setAsync - reqid=29588, signalId=0x150
04-28 19:09:10.407   626   742 D VNS.RequestAcceptor: parseRxAccessorRequest, clientId=1, clientFd=7, proxyRequestId=29587, msgType=8, signalId=0x150
04-28 19:09:10.407   626   742 D VNS.RequestAcceptor: parseRxAccessorRequest, clientId=1, clientFd=7, proxyRequestId=29588, msgType=8, signalId=0x150
04-28 19:09:10.407   619   996 I VNS.SignalAccessor: setAsync - reqid=29589, signalId=0x150
04-28 19:09:10.407   626   742 D VNS.RequestAcceptor: parseRxAccessorRequest, clientId=1, clientFd=7, proxyRequestId=29589, msgType=8, signalId=0x150
04-28 19:09:10.407   619   996 I VNS.SignalAccessor: setAsync - reqid=29590, signalId=0x150
04-28 19:09:10.407   626   742 D VNS.RequestAcceptor: parseRxAccessorRequest, clientId=1, clientFd=7, proxyRequestId=29590, msgType=8, signalId=0x150
04-28 19:09:10.407   619   996 I VNS.SignalAccessor: setAsync - reqid=29591, signalId=0x150
04-28 19:09:10.408   626   742 D VNS.RequestAcceptor: parseRxAccessorRequest, clientId=1, clientFd=7, proxyRequestId=29591, msgType=8, signalId=0x150
04-28 19:09:10.408   619   996 I VNS.SignalAccessor: setAsync - reqid=29592, signalId=0x150
04-28 19:09:10.408   626   742 D VNS.RequestAcceptor: parseRxAccessorRequest, clientId=1, clientFd=7, proxyRequestId=29592, msgType=8, signalId=0x150
04-28 19:09:10.408   619   996 I VNS.SignalAccessor: setAsync - reqid=29593, signalId=0x150
04-28 19:09:10.408   626   742 D VNS.RequestAcceptor: parseRxAccessorRequest, clientId=1, clientFd=7, proxyRequestId=29593, msgType=8, signalId=0x150
04-28 19:09:10.412   626   655 D VNS.SignalAccessorStub: handleSetRequest, stubRequestId=40350, clientId=1, clientFd=7, proxyRequestId=29587, signalId=0x150, msgType=8
04-28 19:09:10.413   626   655 D VNS.VnsMain: combine stubRequestId=40350 with ticket=40350
04-28 19:09:10.413   626   655 D VNS.MessageHandler: txMsg : aa 01 50 04 50 44 00 02 e9 
04-28 19:09:10.413   626   655 I VNS.VnsMain: onSignal, pluginId = 1, ticketId = 40350, state = 0, store = 0, signalId = 336
04-28 19:09:10.413   626   655 I VNS.VnsMain: onSignal, pluginId = 1, ticketId = 40350, state = 1, store = 0, signalId = 336
04-28 19:09:10.413   626   655 D VNS.SignalAccessorStub: doHandleSignalEvent, send response message to clientId=1, proxyRequestId=29587, signalId=0x150, msgType=9, statusCode=0, stubRequestId=40350
04-28 19:09:10.413   626   655 D VNS.SignalAccessorStub: handleSetRequest, stubRequestId=40351, clientId=1, clientFd=7, proxyRequestId=29588, signalId=0x150, msgType=8
04-28 19:09:10.413   626   655 D VNS.VnsMain: combine stubRequestId=40351 with ticket=40351
04-28 19:09:10.413   626   655 D VNS.MessageHandler: txMsg : aa 01 50 04 d0 4f 00 03 63 
04-28 19:09:10.413   626   655 I VNS.VnsMain: onSignal, pluginId = 1, ticketId = 40351, state = 0, store = 0, signalId = 336
04-28 19:09:10.413   626   655 I VNS.VnsMain: onSignal, pluginId = 1, ticketId = 40351, state = 1, store = 0, signalId = 336
04-28 19:09:10.414   626   655 D VNS.SignalAccessorStub: doHandleSignalEvent, send response message to clientId=1, proxyRequestId=29588, signalId=0x150, msgType=9, statusCode=0, stubRequestId=40351
04-28 19:09:10.414   626   655 D VNS.SignalAccessorStub: handleSetRequest, stubRequestId=40352, clientId=1, clientFd=7, proxyRequestId=29589, signalId=0x150, msgType=8
04-28 19:09:10.414   626   655 D VNS.VnsMain: combine stubRequestId=40352 with ticket=40352
04-28 19:09:10.414   626   655 D VNS.MessageHandler: txMsg : aa 01 50 04 ef 1d 00 00 0d 
04-28 19:09:10.414   626   655 I VNS.VnsMain: onSignal, pluginId = 1, ticketId = 40352, state = 0, store = 0, signalId = 336
04-28 19:09:10.414   626   655 I VNS.VnsMain: onSignal, pluginId = 1, ticketId = 40352, state = 1, store = 0, signalId = 336
04-28 19:09:10.414   626   655 D VNS.SignalAccessorStub: doHandleSignalEvent, send response message to clientId=1, proxyRequestId=29589, signalId=0x150, msgType=9, statusCode=0, stubRequestId=40352
04-28 19:09:10.414   626   655 D VNS.SignalAccessorStub: handleSetRequest, stubRequestId=40353, clientId=1, clientFd=7, proxyRequestId=29590, signalId=0x150, msgType=8
04-28 19:09:10.414   626   655 D VNS.VnsMain: combine stubRequestId=40353 with ticket=40353
04-28 19:09:10.414   626   655 D VNS.MessageHandler: txMsg : aa 01 50 04 ef 20 00 02 32 
04-28 19:09:10.414   626   655 I VNS.VnsMain: onSignal, pluginId = 1, ticketId = 40353, state = 0, store = 0, signalId = 336
04-28 19:09:10.414   626   655 I VNS.VnsMain: onSignal, pluginId = 1, ticketId = 40353, state = 1, store = 0, signalId = 336
04-28 19:09:10.415   626   655 D VNS.SignalAccessorStub: doHandleSignalEvent, send response message to clientId=1, proxyRequestId=29590, signalId=0x150, msgType=9, statusCode=0, stubRequestId=40353
04-28 19:09:10.415   626   655 D VNS.SignalAccessorStub: handleSetRequest, stubRequestId=40354, clientId=1, clientFd=7, proxyRequestId=29591, signalId=0x150, msgType=8
04-28 19:09:10.415   626   655 D VNS.VnsMain: combine stubRequestId=40354 with ticket=40354
04-28 19:09:10.415   626   655 D VNS.MessageHandler: txMsg : aa 01 50 04 ef 21 00 00 31 
04-28 19:09:10.415   626   655 I VNS.VnsMain: onSignal, pluginId = 1, ticketId = 40354, state = 0, store = 0, signalId = 336
04-28 19:09:10.415   626   655 I VNS.VnsMain: onSignal, pluginId = 1, ticketId = 40354, state = 1, store = 0, signalId = 336
04-28 19:09:10.415   626   655 D VNS.SignalAccessorStub: doHandleSignalEvent, send response message to clientId=1, proxyRequestId=29591, signalId=0x150, msgType=9, statusCode=0, stubRequestId=40354
04-28 19:09:10.415   626   655 D VNS.SignalAccessorStub: handleSetRequest, stubRequestId=40355, clientId=1, clientFd=7, proxyRequestId=29592, signalId=0x150, msgType=8
04-28 19:09:10.415   626   655 D VNS.VnsMain: combine stubRequestId=40355 with ticket=40355
04-28 19:09:10.415   626   655 D VNS.MessageHandler: txMsg : aa 01 50 04 ef 28 00 00 38 
04-28 19:09:10.416   626   655 I VNS.VnsMain: onSignal, pluginId = 1, ticketId = 40355, state = 0, store = 0, signalId = 336
04-28 19:09:10.416   626   655 I VNS.VnsMain: onSignal, pluginId = 1, ticketId = 40355, state = 1, store = 0, signalId = 336
04-28 19:09:10.416   626   655 D VNS.SignalAccessorStub: doHandleSignalEvent, send response message to clientId=1, proxyRequestId=29592, signalId=0x150, msgType=9, statusCode=0, stubRequestId=40355
04-28 19:09:10.417   626   655 D VNS.SignalAccessorStub: handleSetRequest, stubRequestId=40356, clientId=1, clientFd=7, proxyRequestId=29593, signalId=0x150, msgType=8
04-28 19:09:10.417   626   655 D VNS.VnsMain: combine stubRequestId=40356 with ticket=40356
04-28 19:09:10.417   626   655 D VNS.MessageHandler: txMsg : aa 01 50 04 ef 2c 00 00 3c 
04-28 19:09:10.417   626   655 I VNS.VnsMain: onSignal, pluginId = 1, ticketId = 40356, state = 0, store = 0, signalId = 336
04-28 19:09:10.417   626   655 I VNS.VnsMain: onSignal, pluginId = 1, ticketId = 40356, state = 1, store = 0, signalId = 336
04-28 19:09:10.417   626   655 D VNS.SignalAccessorStub: doHandleSignalEvent, send response message to clientId=1, proxyRequestId=29593, signalId=0x150, msgType=9, statusCode=0, stubRequestId=40356
04-28 19:09:10.421   619   736 I VNS.SignalAccessor: dispatchToClient - reqId=29587, signalId=0x150, msg_type=9, statusCode=0
04-28 19:09:10.421   619   736 I VNS.SignalAccessor: dispatchToClient - reqId=29588, signalId=0x150, msg_type=9, statusCode=0
04-28 19:09:10.421   619   736 I VNS.SignalAccessor: dispatchToClient - reqId=29589, signalId=0x150, msg_type=9, statusCode=0
04-28 19:09:10.421   619   736 I VNS.SignalAccessor: dispatchToClient - reqId=29590, signalId=0x150, msg_type=9, statusCode=0
04-28 19:09:10.421   619   736 I VNS.SignalAccessor: dispatchToClient - reqId=29591, signalId=0x150, msg_type=9, statusCode=0
04-28 19:09:10.421   619   736 I VNS.SignalAccessor: dispatchToClient - reqId=29592, signalId=0x150, msg_type=9, statusCode=0
04-28 19:09:10.421   619   736 I VNS.SignalAccessor: dispatchToClient - reqId=29593, signalId=0x150, msg_type=9, statusCode=0
04-28 19:09:11.092 14164 14164 F linker  : CANNOT LINK EXECUTABLE "/vendor/bin/hw/vendor.lge.hardware.automotive.rawnet.geely@1.0-service": library "vendor.lge.hardware.automotive.rawnet.geely@1.0-impl.so" not found
04-28 19:09:11.149   626   656 D VNS.MessageHandler: rxMsg : aa ee 01 78 30 00 02 01 00 00 00 00 01 00 00 00 00 00 01 00 00 00 00 00 00 00 00 01 f1 23 00 00 00 00 00 02 3a 30 01 01 00 00 0a 00 84 00 00 00 00 00 00 00 00 00 00 00 00 00 00 00 00 00 00 00 00 00 00 00 00 00 99 99 00 00 00 00 01 a0 ff ff ff ff 04 00 00 00 99 99 03 00 00 01 01 03 03 01 01 03 03 00 04 01 00 01 00 02 03 99 99 01 00 00 00 00 00 00 00 00 00 00 0d ff 00 03 08 
04-28 19:09:11.149   626   656 E VNS.MessageDefinitionManager: There is no parse information. msgId = 0xee01
04-28 19:09:11.156   626   656 D VNS.MessageHandler: rxMsg : aa 8a 29 02 00 ff f4 
04-28 19:09:11.156   626   656 I VNS.VnsMain: onSignal, pluginId = 1, ticketId = 0, state = 1, store = 0, signalId = 35369
04-28 19:09:11.188   925   968 I VNS.SignalAccessor: setAsync - reqid=70720, signalId=0x137
04-28 19:09:11.189   626   983 D VNS.RequestAcceptor: parseRxAccessorRequest, clientId=4, clientFd=10, proxyRequestId=70720, msgType=8, signalId=0x137
04-28 19:09:11.194   626   655 D VNS.SignalAccessorStub: handleSetRequest, stubRequestId=40357, clientId=4, clientFd=10, proxyRequestId=70720, signalId=0x137, msgType=8
04-28 19:09:11.194   626   655 D VNS.VnsMain: combine stubRequestId=40357 with ticket=40357
04-28 19:09:11.195   626   655 D VNS.MessageHandler: txMsg : aa 01 37 07 a0 ff ff ff ff 04 00 3f 
04-28 19:09:11.195   626   655 I VNS.VnsMain: onSignal, pluginId = 1, ticketId = 40357, state = 0, store = 0, signalId = 311
04-28 19:09:11.195   626   655 I VNS.VnsMain: onSignal, pluginId = 1, ticketId = 40357, state = 1, store = 0, signalId = 311
04-28 19:09:11.195   626   655 D VNS.SignalAccessorStub: doHandleSignalEvent, send response message to clientId=4, proxyRequestId=70720, signalId=0x137, msgType=9, statusCode=0, stubRequestId=40357
04-28 19:09:11.201   925   982 I VNS.SignalAccessor: dispatchToClient - reqId=70720, signalId=0x137, msg_type=9, statusCode=0
04-28 19:09:12.156   626   656 D VNS.MessageHandler: rxMsg : aa 8a 29 02 00 ff f4 
04-28 19:09:12.156   626   656 I VNS.VnsMain: onSignal, pluginId = 1, ticketId = 0, state = 1, store = 0, signalId = 35369
04-28 19:09:12.190   925   968 I VNS.SignalAccessor: setAsync - reqid=70721, signalId=0x137
04-28 19:09:12.190   626   983 D VNS.RequestAcceptor: parseRxAccessorRequest, clientId=4, clientFd=10, proxyRequestId=70721, msgType=8, signalId=0x137
04-28 19:09:12.196   626   655 D VNS.SignalAccessorStub: handleSetRequest, stubRequestId=40358, clientId=4, clientFd=10, proxyRequestId=70721, signalId=0x137, msgType=8
04-28 19:09:12.196   626   655 D VNS.VnsMain: combine stubRequestId=40358 with ticket=40358
04-28 19:09:12.196   626   655 D VNS.MessageHandler: txMsg : aa 01 37 07 a0 ff ff ff ff 04 00 3f 
04-28 19:09:12.196   626   655 I VNS.VnsMain: onSignal, pluginId = 1, ticketId = 40358, state = 0, store = 0, signalId = 311
04-28 19:09:12.196   626   655 I VNS.VnsMain: onSignal, pluginId = 1, ticketId = 40358, state = 1, store = 0, signalId = 311
04-28 19:09:12.196   626   655 D VNS.SignalAccessorStub: doHandleSignalEvent, send response message to clientId=4, proxyRequestId=70721, signalId=0x137, msgType=9, statusCode=0, stubRequestId=40358
04-28 19:09:12.202   925   982 I VNS.SignalAccessor: dispatchToClient - reqId=70721, signalId=0x137, msg_type=9, statusCode=0
04-28 19:09:12.227   626   656 D VNS.MessageHandler: rxMsg : aa ee 04 1f a0 01 00 00 01 00 00 00 00 0f 00 01 00 00 00 00 00 00 00 00 00 00 00 00 00 00 00 00 00 80 00 71 
04-28 19:09:12.227   626   656 E VNS.MessageDefinitionManager: There is no parse information. msgId = 0xee04
04-28 19:09:12.963   619   728 I VNS.SignalAccessor: setAsync - reqid=29594, signalId=0x151
04-28 19:09:12.963   626   742 D VNS.RequestAcceptor: parseRxAccessorRequest, clientId=1, clientFd=7, proxyRequestId=29594, msgType=8, signalId=0x151
04-28 19:09:12.969   626   655 D VNS.SignalAccessorStub: handleSetRequest, stubRequestId=40359, clientId=1, clientFd=7, proxyRequestId=29594, signalId=0x151, msgType=8
04-28 19:09:12.969   626   655 D VNS.VnsMain: combine stubRequestId=40359 with ticket=40359
04-28 19:09:12.969   626   655 D VNS.MessageHandler: txMsg : aa 01 51 0f d9 56 08 00 00 00 00 00 00 00 00 00 00 00 00 72 
04-28 19:09:12.969   626   655 I VNS.VnsMain: onSignal, pluginId = 1, ticketId = 40359, state = 0, store = 0, signalId = 337
04-28 19:09:12.969   626   655 I VNS.VnsMain: onSignal, pluginId = 1, ticketId = 40359, state = 1, store = 0, signalId = 337
04-28 19:09:12.969   626   655 D VNS.SignalAccessorStub: doHandleSignalEvent, send response message to clientId=1, proxyRequestId=29594, signalId=0x151, msgType=9, statusCode=0, stubRequestId=40359
04-28 19:09:12.975   619   736 I VNS.SignalAccessor: dispatchToClient - reqId=29594, signalId=0x151, msg_type=9, statusCode=0
04-28 19:09:13.152   626   656 D VNS.MessageHandler: rxMsg : aa 83 03 14 11 01 11 00 01 11 14 13 04 12 02 19 04 18 16 27 09 00 0a 01 0a aa ee 03 27 ff 01 00 00 00 00 01 00 00 00 00 12 01 00 01 03 ff 00 00 01 01 00 00 00 00 00 00 00 00 00 00 00 00 00 00 00 00 00 00 71 
04-28 19:09:13.153   626   656 I VNS.VnsMain: onSignal, pluginId = 1, ticketId = 0, state = 1, store = 0, signalId = 33539
04-28 19:09:13.153   626   656 D VNS.SignalAccessorStub: doHandleSignalEvent, send event message to clientId=1, msgType=15, statusCode=0, stubRequestId=0
04-28 19:09:13.153   626   656 E VNS.MessageDefinitionManager: There is no parse information. msgId = 0xee03
04-28 19:09:13.156   626   656 D VNS.MessageHandler: rxMsg : aa 8a 29 02 00 ff f4 
04-28 19:09:13.156   626   656 I VNS.VnsMain: onSignal, pluginId = 1, ticketId = 0, state = 1, store = 0, signalId = 35369
04-28 19:09:13.158   619   736 I VNS.SignalAccessor: handleSignalEvent, signalId=0x8303, msg_type=15
04-28 19:09:13.159   619   736 D VHAL.DiagHandler: VP Version : VP_DCY11_IHU_CN_DCY11_IP720_190418_02
04-28 19:09:13.159   619   736 I VHAL.DiagHandler: setPropValue: propId[0x21105309], value[VP_DCY11_IHU_CN_DCY11_IP720_190418_02]
04-28 19:09:13.159   619   736 E VHAL.DiagHandler: [sendPartNumberToVP] 
04-28 19:09:13.159   619   736 E VHAL.DiagHandler: [sendPartNumberToVP] AP partnumber is not available
04-28 19:09:13.166   619   619 I VNS.SignalAccessor: setAsync - reqid=29595, signalId=0x150
04-28 19:09:13.166   626   742 D VNS.RequestAcceptor: parseRxAccessorRequest, clientId=1, clientFd=7, proxyRequestId=29595, msgType=8, signalId=0x150
04-28 19:09:13.172   626   655 D VNS.SignalAccessorStub: handleSetRequest, stubRequestId=40360, clientId=1, clientFd=7, proxyRequestId=29595, signalId=0x150, msgType=8
04-28 19:09:13.172   626   655 D VNS.VnsMain: combine stubRequestId=40360 with ticket=40360
04-28 19:09:13.172   626   655 D VNS.MessageHandler: txMsg : aa 01 50 04 ef 2a 00 00 3a 
04-28 19:09:13.172   626   655 I VNS.VnsMain: onSignal, pluginId = 1, ticketId = 40360, state = 0, store = 0, signalId = 336
04-28 19:09:13.172   626   655 I VNS.VnsMain: onSignal, pluginId = 1, ticketId = 40360, state = 1, store = 0, signalId = 336
04-28 19:09:13.172   626   655 D VNS.SignalAccessorStub: doHandleSignalEvent, send response message to clientId=1, proxyRequestId=29595, signalId=0x150, msgType=9, statusCode=0, stubRequestId=40360
04-28 19:09:13.179   619   736 I VNS.SignalAccessor: dispatchToClient - reqId=29595, signalId=0x150, msg_type=9, statusCode=0
04-28 19:09:13.191   925   968 I VNS.SignalAccessor: setAsync - reqid=70722, signalId=0x137
04-28 19:09:13.192   626   983 D VNS.RequestAcceptor: parseRxAccessorRequest, clientId=4, clientFd=10, proxyRequestId=70722, msgType=8, signalId=0x137
04-28 19:09:13.197   626   655 D VNS.SignalAccessorStub: handleSetRequest, stubRequestId=40361, clientId=4, clientFd=10, proxyRequestId=70722, signalId=0x137, msgType=8
04-28 19:09:13.197   626   655 D VNS.VnsMain: combine stubRequestId=40361 with ticket=40361
04-28 19:09:13.197   626   655 D VNS.MessageHandler: txMsg : aa 01 37 07 a0 ff ff ff ff 04 00 3f 
04-28 19:09:13.198   626   655 I VNS.VnsMain: onSignal, pluginId = 1, ticketId = 40361, state = 0, store = 0, signalId = 311
04-28 19:09:13.198   626   655 I VNS.VnsMain: onSignal, pluginId = 1, ticketId = 40361, state = 1, store = 0, signalId = 311
04-28 19:09:13.198   626   655 D VNS.SignalAccessorStub: doHandleSignalEvent, send response message to clientId=4, proxyRequestId=70722, signalId=0x137, msgType=9, statusCode=0, stubRequestId=40361
04-28 19:09:13.203   925   982 I VNS.SignalAccessor: dispatchToClient - reqId=70722, signalId=0x137, msg_type=9, statusCode=0
04-28 19:09:13.208  1608  1813 W ContextImpl: Calling a method in the system process without a qualified user: android.app.ContextImpl.sendStickyBroadcast:1287 android.content.ContextWrapper.sendStickyBroadcast:571 com.geely.car.rawnet.RawnetService.notifyToConnService:309 com.geely.car.rawnet.RawnetService.access$500:41 com.geely.car.rawnet.RawnetService$3.onCarRequestSIMConnectionStatus:337 
04-28 19:09:13.410   619   996 I VNS.SignalAccessor: setAsync - reqid=29596, signalId=0x150
04-28 19:09:13.411   626   742 D VNS.RequestAcceptor: parseRxAccessorRequest, clientId=1, clientFd=7, proxyRequestId=29596, msgType=8, signalId=0x150
04-28 19:09:13.411   619   996 I VNS.SignalAccessor: setAsync - reqid=29597, signalId=0x150
04-28 19:09:13.411   626   742 D VNS.RequestAcceptor: parseRxAccessorRequest, clientId=1, clientFd=7, proxyRequestId=29597, msgType=8, signalId=0x150
04-28 19:09:13.412   619   996 I VNS.SignalAccessor: setAsync - reqid=29598, signalId=0x150
04-28 19:09:13.412   626   742 D VNS.RequestAcceptor: parseRxAccessorRequest, clientId=1, clientFd=7, proxyRequestId=29598, msgType=8, signalId=0x150
04-28 19:09:13.412   619   996 I VNS.SignalAccessor: setAsync - reqid=29599, signalId=0x150
04-28 19:09:13.412   626   742 D VNS.RequestAcceptor: parseRxAccessorRequest, clientId=1, clientFd=7, proxyRequestId=29599, msgType=8, signalId=0x150
04-28 19:09:13.412   619   996 I VNS.SignalAccessor: setAsync - reqid=29600, signalId=0x150
04-28 19:09:13.413   626   742 D VNS.RequestAcceptor: parseRxAccessorRequest, clientId=1, clientFd=7, proxyRequestId=29600, msgType=8, signalId=0x150
04-28 19:09:13.413   619   996 I VNS.SignalAccessor: setAsync - reqid=29601, signalId=0x150
04-28 19:09:13.414   626   742 D VNS.RequestAcceptor: parseRxAccessorRequest, clientId=1, clientFd=7, proxyRequestId=29601, msgType=8, signalId=0x150
04-28 19:09:13.414   619   996 I VNS.SignalAccessor: setAsync - reqid=29602, signalId=0x150
04-28 19:09:13.414   626   742 D VNS.RequestAcceptor: parseRxAccessorRequest, clientId=1, clientFd=7, proxyRequestId=29602, msgType=8, signalId=0x150
04-28 19:09:13.416   626   655 D VNS.SignalAccessorStub: handleSetRequest, stubRequestId=40362, clientId=1, clientFd=7, proxyRequestId=29596, signalId=0x150, msgType=8
04-28 19:09:13.416   626   655 D VNS.VnsMain: combine stubRequestId=40362 with ticket=40362
04-28 19:09:13.417   626   655 D VNS.MessageHandler: txMsg : aa 01 50 04 50 44 00 02 e9 
04-28 19:09:13.417   626   655 I VNS.VnsMain: onSignal, pluginId = 1, ticketId = 40362, state = 0, store = 0, signalId = 336
04-28 19:09:13.417   626   655 I VNS.VnsMain: onSignal, pluginId = 1, ticketId = 40362, state = 1, store = 0, signalId = 336
04-28 19:09:13.417   626   655 D VNS.SignalAccessorStub: doHandleSignalEvent, send response message to clientId=1, proxyRequestId=29596, signalId=0x150, msgType=9, statusCode=0, stubRequestId=40362
04-28 19:09:13.417   626   655 D VNS.SignalAccessorStub: handleSetRequest, stubRequestId=40363, clientId=1, clientFd=7, proxyRequestId=29597, signalId=0x150, msgType=8
04-28 19:09:13.417   626   655 D VNS.VnsMain: combine stubRequestId=40363 with ticket=40363
04-28 19:09:13.417   626   655 D VNS.MessageHandler: txMsg : aa 01 50 04 d0 4f 00 03 63 
04-28 19:09:13.417   626   655 I VNS.VnsMain: onSignal, pluginId = 1, ticketId = 40363, state = 0, store = 0, signalId = 336
04-28 19:09:13.417   626   655 I VNS.VnsMain: onSignal, pluginId = 1, ticketId = 40363, state = 1, store = 0, signalId = 336
04-28 19:09:13.417   626   655 D VNS.SignalAccessorStub: doHandleSignalEvent, send response message to clientId=1, proxyRequestId=29597, signalId=0x150, msgType=9, statusCode=0, stubRequestId=40363
04-28 19:09:13.417   626   655 D VNS.SignalAccessorStub: handleSetRequest, stubRequestId=40364, clientId=1, clientFd=7, proxyRequestId=29598, signalId=0x150, msgType=8
04-28 19:09:13.417   626   655 D VNS.VnsMain: combine stubRequestId=40364 with ticket=40364
04-28 19:09:13.417   626   655 D VNS.MessageHandler: txMsg : aa 01 50 04 ef 1d 00 00 0d 
04-28 19:09:13.418   626   655 I VNS.VnsMain: onSignal, pluginId = 1, ticketId = 40364, state = 0, store = 0, signalId = 336
04-28 19:09:13.418   626   655 I VNS.VnsMain: onSignal, pluginId = 1, ticketId = 40364, state = 1, store = 0, signalId = 336
04-28 19:09:13.418   626   655 D VNS.SignalAccessorStub: doHandleSignalEvent, send response message to clientId=1, proxyRequestId=29598, signalId=0x150, msgType=9, statusCode=0, stubRequestId=40364
04-28 19:09:13.418   626   655 D VNS.SignalAccessorStub: handleSetRequest, stubRequestId=40365, clientId=1, clientFd=7, proxyRequestId=29599, signalId=0x150, msgType=8
04-28 19:09:13.418   626   655 D VNS.VnsMain: combine stubRequestId=40365 with ticket=40365
04-28 19:09:13.418   626   655 D VNS.MessageHandler: txMsg : aa 01 50 04 ef 20 00 02 32 
04-28 19:09:13.418   626   655 I VNS.VnsMain: onSignal, pluginId = 1, ticketId = 40365, state = 0, store = 0, signalId = 336
04-28 19:09:13.418   626   655 I VNS.VnsMain: onSignal, pluginId = 1, ticketId = 40365, state = 1, store = 0, signalId = 336
04-28 19:09:13.418   626   655 D VNS.SignalAccessorStub: doHandleSignalEvent, send response message to clientId=1, proxyRequestId=29599, signalId=0x150, msgType=9, statusCode=0, stubRequestId=40365
04-28 19:09:13.418   626   655 D VNS.SignalAccessorStub: handleSetRequest, stubRequestId=40366, clientId=1, clientFd=7, proxyRequestId=29600, signalId=0x150, msgType=8
04-28 19:09:13.418   626   655 D VNS.VnsMain: combine stubRequestId=40366 with ticket=40366
04-28 19:09:13.418   626   655 D VNS.MessageHandler: txMsg : aa 01 50 04 ef 21 00 00 31 
04-28 19:09:13.418   626   655 I VNS.VnsMain: onSignal, pluginId = 1, ticketId = 40366, state = 0, store = 0, signalId = 336
04-28 19:09:13.418   626   655 I VNS.VnsMain: onSignal, pluginId = 1, ticketId = 40366, state = 1, store = 0, signalId = 336
04-28 19:09:13.418   626   655 D VNS.SignalAccessorStub: doHandleSignalEvent, send response message to clientId=1, proxyRequestId=29600, signalId=0x150, msgType=9, statusCode=0, stubRequestId=40366
04-28 19:09:13.419   626   655 D VNS.SignalAccessorStub: handleSetRequest, stubRequestId=40367, clientId=1, clientFd=7, proxyRequestId=29601, signalId=0x150, msgType=8
04-28 19:09:13.419   626   655 D VNS.VnsMain: combine stubRequestId=40367 with ticket=40367
04-28 19:09:13.419   626   655 D VNS.MessageHandler: txMsg : aa 01 50 04 ef 28 00 00 38 
04-28 19:09:13.419   626   655 I VNS.VnsMain: onSignal, pluginId = 1, ticketId = 40367, state = 0, store = 0, signalId = 336
04-28 19:09:13.419   626   655 I VNS.VnsMain: onSignal, pluginId = 1, ticketId = 40367, state = 1, store = 0, signalId = 336
04-28 19:09:13.419   626   655 D VNS.SignalAccessorStub: doHandleSignalEvent, send response message to clientId=1, proxyRequestId=29601, signalId=0x150, msgType=9, statusCode=0, stubRequestId=40367
04-28 19:09:13.419   626   655 D VNS.SignalAccessorStub: handleSetRequest, stubRequestId=40368, clientId=1, clientFd=7, proxyRequestId=29602, signalId=0x150, msgType=8
04-28 19:09:13.419   626   655 D VNS.VnsMain: combine stubRequestId=40368 with ticket=40368
04-28 19:09:13.419   626   655 D VNS.MessageHandler: txMsg : aa 01 50 04 ef 2c 00 00 3c 
04-28 19:09:13.419   626   655 I VNS.VnsMain: onSignal, pluginId = 1, ticketId = 40368, state = 0, store = 0, signalId = 336
04-28 19:09:13.419   626   655 I VNS.VnsMain: onSignal, pluginId = 1, ticketId = 40368, state = 1, store = 0, signalId = 336
04-28 19:09:13.419   626   655 D VNS.SignalAccessorStub: doHandleSignalEvent, send response message to clientId=1, proxyRequestId=29602, signalId=0x150, msgType=9, statusCode=0, stubRequestId=40368
04-28 19:09:13.425   619   736 I VNS.SignalAccessor: dispatchToClient - reqId=29596, signalId=0x150, msg_type=9, statusCode=0
04-28 19:09:13.425   619   736 I VNS.SignalAccessor: dispatchToClient - reqId=29597, signalId=0x150, msg_type=9, statusCode=0
04-28 19:09:13.425   619   736 I VNS.SignalAccessor: dispatchToClient - reqId=29598, signalId=0x150, msg_type=9, statusCode=0
04-28 19:09:13.425   619   736 I VNS.SignalAccessor: dispatchToClient - reqId=29599, signalId=0x150, msg_type=9, statusCode=0
04-28 19:09:13.425   619   736 I VNS.SignalAccessor: dispatchToClient - reqId=29600, signalId=0x150, msg_type=9, statusCode=0
04-28 19:09:13.425   619   736 I VNS.SignalAccessor: dispatchToClient - reqId=29601, signalId=0x150, msg_type=9, statusCode=0
04-28 19:09:13.425   619   736 I VNS.SignalAccessor: dispatchToClient - reqId=29602, signalId=0x150, msg_type=9, statusCode=0
04-28 19:09:14.149   626   656 D VNS.MessageHandler: rxMsg : aa ee 01 78 30 00 02 01 00 00 00 00 01 00 00 00 00 00 01 00 00 00 00 00 00 00 00 01 f1 23 00 00 00 00 00 02 3a 33 01 01 00 00 0a 00 84 00 00 00 00 00 00 00 00 00 00 00 00 00 00 00 00 00 00 00 00 00 00 00 00 00 99 99 00 00 00 00 01 a0 ff ff ff ff 04 00 00 00 99 99 03 00 00 01 01 03 03 01 01 03 03 00 04 01 00 01 00 02 02 99 99 01 00 00 00 00 00 00 00 00 00 00 0e 00 00 03 f6 
04-28 19:09:14.149   626   656 E VNS.MessageDefinitionManager: There is no parse information. msgId = 0xee01
04-28 19:09:14.156   626   656 D VNS.MessageHandler: rxMsg : aa 8a 29 02 00 ff f4 
04-28 19:09:14.156   626   656 I VNS.VnsMain: onSignal, pluginId = 1, ticketId = 0, state = 1, store = 0, signalId = 35369
04-28 19:09:14.193   925   968 I VNS.SignalAccessor: setAsync - reqid=70723, signalId=0x137
04-28 19:09:14.193   626   983 D VNS.RequestAcceptor: parseRxAccessorRequest, clientId=4, clientFd=10, proxyRequestId=70723, msgType=8, signalId=0x137
04-28 19:09:14.198   626   655 D VNS.SignalAccessorStub: handleSetRequest, stubRequestId=40369, clientId=4, clientFd=10, proxyRequestId=70723, signalId=0x137, msgType=8
04-28 19:09:14.199   626   655 D VNS.VnsMain: combine stubRequestId=40369 with ticket=40369
04-28 19:09:14.199   626   655 D VNS.MessageHandler: txMsg : aa 01 37 07 a0 ff ff ff ff 04 00 3f 
04-28 19:09:14.199   626   655 I VNS.VnsMain: onSignal, pluginId = 1, ticketId = 40369, state = 0, store = 0, signalId = 311
04-28 19:09:14.199   626   655 I VNS.VnsMain: onSignal, pluginId = 1, ticketId = 40369, state = 1, store = 0, signalId = 311
04-28 19:09:14.199   626   655 D VNS.SignalAccessorStub: doHandleSignalEvent, send response message to clientId=4, proxyRequestId=70723, signalId=0x137, msgType=9, statusCode=0, stubRequestId=40369
04-28 19:09:14.205   925   982 I VNS.SignalAccessor: dispatchToClient - reqId=70723, signalId=0x137, msg_type=9, statusCode=0
04-28 19:09:15.156   626   656 D VNS.MessageHandler: rxMsg : aa 8a 29 02 00 ff f4 
04-28 19:09:15.156   626   656 I VNS.VnsMain: onSignal, pluginId = 1, ticketId = 0, state = 1, store = 0, signalId = 35369
04-28 19:09:15.194   925   968 I VNS.SignalAccessor: setAsync - reqid=70724, signalId=0x137
04-28 19:09:15.195   626   983 D VNS.RequestAcceptor: parseRxAccessorRequest, clientId=4, clientFd=10, proxyRequestId=70724, msgType=8, signalId=0x137
04-28 19:09:15.201   626   655 D VNS.SignalAccessorStub: handleSetRequest, stubRequestId=40370, clientId=4, clientFd=10, proxyRequestId=70724, signalId=0x137, msgType=8
04-28 19:09:15.202   626   655 D VNS.VnsMain: combine stubRequestId=40370 with ticket=40370
04-28 19:09:15.202   626   655 D VNS.MessageHandler: txMsg : aa 01 37 07 a0 ff ff ff ff 04 00 3f 
04-28 19:09:15.202   626   655 I VNS.VnsMain: onSignal, pluginId = 1, ticketId = 40370, state = 0, store = 0, signalId = 311
04-28 19:09:15.202   626   655 I VNS.VnsMain: onSignal, pluginId = 1, ticketId = 40370, state = 1, store = 0, signalId = 311
04-28 19:09:15.202   626   655 D VNS.SignalAccessorStub: doHandleSignalEvent, send response message to clientId=4, proxyRequestId=70724, signalId=0x137, msgType=9, statusCode=0, stubRequestId=40370
04-28 19:09:15.208   925   982 I VNS.SignalAccessor: dispatchToClient - reqId=70724, signalId=0x137, msg_type=9, statusCode=0
04-28 19:09:15.227   626   656 D VNS.MessageHandler: rxMsg : aa ee 04 1f a0 01 00 00 01 00 00 00 00 0f 00 01 00 00 00 00 00 00 00 00 00 00 00 00 00 00 00 00 00 80 00 71 
04-28 19:09:15.227   626   656 E VNS.MessageDefinitionManager: There is no parse information. msgId = 0xee04
04-28 19:09:15.963   619   728 I VNS.SignalAccessor: setAsync - reqid=29603, signalId=0x151
04-28 19:09:15.964   626   742 D VNS.RequestAcceptor: parseRxAccessorRequest, clientId=1, clientFd=7, proxyRequestId=29603, msgType=8, signalId=0x151
04-28 19:09:15.969   626   655 D VNS.SignalAccessorStub: handleSetRequest, stubRequestId=40371, clientId=1, clientFd=7, proxyRequestId=29603, signalId=0x151, msgType=8
04-28 19:09:15.969   626   655 D VNS.VnsMain: combine stubRequestId=40371 with ticket=40371
04-28 19:09:15.969   626   655 D VNS.MessageHandler: txMsg : aa 01 51 0f d9 56 08 00 00 00 00 00 00 00 00 00 00 00 00 72 
04-28 19:09:15.969   626   655 I VNS.VnsMain: onSignal, pluginId = 1, ticketId = 40371, state = 0, store = 0, signalId = 337
04-28 19:09:15.969   626   655 I VNS.VnsMain: onSignal, pluginId = 1, ticketId = 40371, state = 1, store = 0, signalId = 337
04-28 19:09:15.969   626   655 D VNS.SignalAccessorStub: doHandleSignalEvent, send response message to clientId=1, proxyRequestId=29603, signalId=0x151, msgType=9, statusCode=0, stubRequestId=40371
04-28 19:09:15.975   619   736 I VNS.SignalAccessor: dispatchToClient - reqId=29603, signalId=0x151, msg_type=9, statusCode=0
04-28 19:09:16.097 14182 14182 F linker  : CANNOT LINK EXECUTABLE "/vendor/bin/hw/vendor.lge.hardware.automotive.rawnet.geely@1.0-service": library "vendor.lge.hardware.automotive.rawnet.geely@1.0-impl.so" not found
04-28 19:09:16.156   626   656 D VNS.MessageHandler: rxMsg : aa 8a 29 02 00 ff f4 
04-28 19:09:16.156   626   656 I VNS.VnsMain: onSignal, pluginId = 1, ticketId = 0, state = 1, store = 0, signalId = 35369
04-28 19:09:16.196   925   968 I VNS.SignalAccessor: setAsync - reqid=70725, signalId=0x137
04-28 19:09:16.197   626   983 D VNS.RequestAcceptor: parseRxAccessorRequest, clientId=4, clientFd=10, proxyRequestId=70725, msgType=8, signalId=0x137
